Archive member included to satisfy reference by file (symbol)

c:/program files/stm32cubeide_1.8.0/stm32cubeide/plugins/com.st.stm32cube.ide.mcu.externaltools.gnu-tools-for-stm32.9-2020-q2-update.win32_2.0.0.202105311346/tools/bin/../lib/gcc/arm-none-eabi/9.3.1/../../../../arm-none-eabi/lib/thumb/v7e-m+fp/hard\libc_nano.a(lib_a-errno.o)
                              ./Application/User/Core/syscalls.o (__errno)
c:/program files/stm32cubeide_1.8.0/stm32cubeide/plugins/com.st.stm32cube.ide.mcu.externaltools.gnu-tools-for-stm32.9-2020-q2-update.win32_2.0.0.202105311346/tools/bin/../lib/gcc/arm-none-eabi/9.3.1/../../../../arm-none-eabi/lib/thumb/v7e-m+fp/hard\libc_nano.a(lib_a-exit.o)
                              c:/program files/stm32cubeide_1.8.0/stm32cubeide/plugins/com.st.stm32cube.ide.mcu.externaltools.gnu-tools-for-stm32.9-2020-q2-update.win32_2.0.0.202105311346/tools/bin/../lib/gcc/arm-none-eabi/9.3.1/../../../../arm-none-eabi/lib/thumb/v7e-m+fp/hard/crt0.o (exit)
c:/program files/stm32cubeide_1.8.0/stm32cubeide/plugins/com.st.stm32cube.ide.mcu.externaltools.gnu-tools-for-stm32.9-2020-q2-update.win32_2.0.0.202105311346/tools/bin/../lib/gcc/arm-none-eabi/9.3.1/../../../../arm-none-eabi/lib/thumb/v7e-m+fp/hard\libc_nano.a(lib_a-impure.o)
                              c:/program files/stm32cubeide_1.8.0/stm32cubeide/plugins/com.st.stm32cube.ide.mcu.externaltools.gnu-tools-for-stm32.9-2020-q2-update.win32_2.0.0.202105311346/tools/bin/../lib/gcc/arm-none-eabi/9.3.1/../../../../arm-none-eabi/lib/thumb/v7e-m+fp/hard\libc_nano.a(lib_a-exit.o) (_global_impure_ptr)
c:/program files/stm32cubeide_1.8.0/stm32cubeide/plugins/com.st.stm32cube.ide.mcu.externaltools.gnu-tools-for-stm32.9-2020-q2-update.win32_2.0.0.202105311346/tools/bin/../lib/gcc/arm-none-eabi/9.3.1/../../../../arm-none-eabi/lib/thumb/v7e-m+fp/hard\libc_nano.a(lib_a-init.o)
                              c:/program files/stm32cubeide_1.8.0/stm32cubeide/plugins/com.st.stm32cube.ide.mcu.externaltools.gnu-tools-for-stm32.9-2020-q2-update.win32_2.0.0.202105311346/tools/bin/../lib/gcc/arm-none-eabi/9.3.1/../../../../arm-none-eabi/lib/thumb/v7e-m+fp/hard/crt0.o (__libc_init_array)
c:/program files/stm32cubeide_1.8.0/stm32cubeide/plugins/com.st.stm32cube.ide.mcu.externaltools.gnu-tools-for-stm32.9-2020-q2-update.win32_2.0.0.202105311346/tools/bin/../lib/gcc/arm-none-eabi/9.3.1/../../../../arm-none-eabi/lib/thumb/v7e-m+fp/hard\libc_nano.a(lib_a-memset.o)
                              c:/program files/stm32cubeide_1.8.0/stm32cubeide/plugins/com.st.stm32cube.ide.mcu.externaltools.gnu-tools-for-stm32.9-2020-q2-update.win32_2.0.0.202105311346/tools/bin/../lib/gcc/arm-none-eabi/9.3.1/../../../../arm-none-eabi/lib/thumb/v7e-m+fp/hard/crt0.o (memset)
c:/program files/stm32cubeide_1.8.0/stm32cubeide/plugins/com.st.stm32cube.ide.mcu.externaltools.gnu-tools-for-stm32.9-2020-q2-update.win32_2.0.0.202105311346/tools/bin/../lib/gcc/arm-none-eabi/9.3.1/../../../../arm-none-eabi/lib/thumb/v7e-m+fp/hard\libc_nano.a(lib_a-sprintf.o)
                              ./Application/User/Core/pantalla_api.o (sprintf)
c:/program files/stm32cubeide_1.8.0/stm32cubeide/plugins/com.st.stm32cube.ide.mcu.externaltools.gnu-tools-for-stm32.9-2020-q2-update.win32_2.0.0.202105311346/tools/bin/../lib/gcc/arm-none-eabi/9.3.1/../../../../arm-none-eabi/lib/thumb/v7e-m+fp/hard\libc_nano.a(lib_a-strcmp.o)
                              ./Application/User/Core/pantalla_api.o (strcmp)
c:/program files/stm32cubeide_1.8.0/stm32cubeide/plugins/com.st.stm32cube.ide.mcu.externaltools.gnu-tools-for-stm32.9-2020-q2-update.win32_2.0.0.202105311346/tools/bin/../lib/gcc/arm-none-eabi/9.3.1/../../../../arm-none-eabi/lib/thumb/v7e-m+fp/hard\libc_nano.a(lib_a-nano-svfprintf.o)
                              c:/program files/stm32cubeide_1.8.0/stm32cubeide/plugins/com.st.stm32cube.ide.mcu.externaltools.gnu-tools-for-stm32.9-2020-q2-update.win32_2.0.0.202105311346/tools/bin/../lib/gcc/arm-none-eabi/9.3.1/../../../../arm-none-eabi/lib/thumb/v7e-m+fp/hard\libc_nano.a(lib_a-sprintf.o) (_svfprintf_r)
c:/program files/stm32cubeide_1.8.0/stm32cubeide/plugins/com.st.stm32cube.ide.mcu.externaltools.gnu-tools-for-stm32.9-2020-q2-update.win32_2.0.0.202105311346/tools/bin/../lib/gcc/arm-none-eabi/9.3.1/../../../../arm-none-eabi/lib/thumb/v7e-m+fp/hard\libc_nano.a(lib_a-nano-vfprintf_i.o)
                              c:/program files/stm32cubeide_1.8.0/stm32cubeide/plugins/com.st.stm32cube.ide.mcu.externaltools.gnu-tools-for-stm32.9-2020-q2-update.win32_2.0.0.202105311346/tools/bin/../lib/gcc/arm-none-eabi/9.3.1/../../../../arm-none-eabi/lib/thumb/v7e-m+fp/hard\libc_nano.a(lib_a-nano-svfprintf.o) (_printf_i)
c:/program files/stm32cubeide_1.8.0/stm32cubeide/plugins/com.st.stm32cube.ide.mcu.externaltools.gnu-tools-for-stm32.9-2020-q2-update.win32_2.0.0.202105311346/tools/bin/../lib/gcc/arm-none-eabi/9.3.1/../../../../arm-none-eabi/lib/thumb/v7e-m+fp/hard\libc_nano.a(lib_a-memchr.o)
[...]
Memory Configuration

Name             Origin             Length             Attributes
RAM              0x0000000020000000 0x0000000000020000 xrw
FLASH            0x0000000008000000 0x0000000000080000 xr
*default*        0x0000000000000000 0xffffffffffffffff

Linker script and memory map

LOAD c:/program files/stm32cubeide_1.8.0/stm32cubeide/plugins/com.st.stm32cube.ide.mcu.externaltools.gnu-tools-for-stm32.9-2020-q2-update.win32_2.0.0.202105311346/tools/bin/../lib/gcc/arm-none-eabi/9.3.1/thumb/v7e-m+fp/hard/crti.o
LOAD c:/program files/stm32cubeide_1.8.0/stm32cubeide/plugins/com.st.stm32cube.ide.mcu.externaltools.gnu-tools-for-stm32.9-2020-q2-update.win32_2.0.0.202105311346/tools/bin/../lib/gcc/arm-none-eabi/9.3.1/thumb/v7e-m+fp/hard/crtbegin.o
LOAD c:/program files/stm32cubeide_1.8.0/stm32cubeide/plugins/com.st.stm32cube.ide.mcu.externaltools.gnu-tools-for-stm32.9-2020-q2-update.win32_2.0.0.202105311346/tools/bin/../lib/gcc/arm-none-eabi/9.3.1/../../../../arm-none-eabi/lib/thumb/v7e-m+fp/hard/crt0.o
LOAD ./Application/User/Core/adc.o
LOAD ./Application/User/Core/app_perifericos.o
LOAD ./Application/User/Core/botones.o
LOAD ./Application/User/Core/botones_hw.o
LOAD ./Application/User/Core/buses.o
LOAD ./Application/User/Core/can.o
LOAD ./Application/User/Core/can_app.o
LOAD ./Application/User/Core/can_hw.o
LOAD ./Application/User/Core/decode_data.o
LOAD ./Application/User/Core/dma.o
LOAD ./Application/User/Core/gpio.o
LOAD ./Application/User/Core/indicators.o
LOAD ./Application/User/Core/main.o
LOAD ./Application/User/Core/pantalla.o
LOAD ./Application/User/Core/pantalla_api.o
LOAD ./Application/User/Core/pantalla_hw.o
LOAD ./Application/User/Core/pedal.o
LOAD ./Application/User/Core/pedal_hw.o
LOAD ./Application/User/Core/stm32f4xx_hal_msp.o
LOAD ./Application/User/Core/stm32f4xx_it.o
LOAD ./Application/User/Core/syscalls.o
LOAD ./Application/User/Core/sysmem.o
LOAD ./Application/User/Core/tim.o
LOAD ./Application/User/Core/usart.o
LOAD ./Application/User/Startup/startup_stm32f446vetx.o
LOAD ./Drivers/BSP/STM32F4xx-Perifericos/stm32f4xx_perifericos.o
LOAD ./Drivers/CAN_Driver/can_api.o
LOAD ./Drivers/CAN_Driver/can_wrapper.o
LOAD ./Drivers/CMSIS/system_stm32f4xx.o
LOAD ./Drivers/STM32F4xx_HAL_Driver/stm32f4xx_hal.o
LOAD ./Drivers/STM32F4xx_HAL_Driver/stm32f4xx_hal_adc.o
LOAD ./Drivers/STM32F4xx_HAL_Driver/stm32f4xx_hal_adc_ex.o
LOAD ./Drivers/STM32F4xx_HAL_Driver/stm32f4xx_hal_can.o
LOAD ./Drivers/STM32F4xx_HAL_Driver/stm32f4xx_hal_cortex.o
LOAD ./Drivers/STM32F4xx_HAL_Driver/stm32f4xx_hal_dma.o
LOAD ./Drivers/STM32F4xx_HAL_Driver/stm32f4xx_hal_dma_ex.o
LOAD ./Drivers/STM32F4xx_HAL_Driver/stm32f4xx_hal_exti.o
LOAD ./Drivers/STM32F4xx_HAL_Driver/stm32f4xx_hal_flash.o
LOAD ./Drivers/STM32F4xx_HAL_Driver/stm32f4xx_hal_flash_ex.o
LOAD ./Drivers/STM32F4xx_HAL_Driver/stm32f4xx_hal_flash_ramfunc.o
LOAD ./Drivers/STM32F4xx_HAL_Driver/stm32f4xx_hal_gpio.o
LOAD ./Drivers/STM32F4xx_HAL_Driver/stm32f4xx_hal_pwr.o
LOAD ./Drivers/STM32F4xx_HAL_Driver/stm32f4xx_hal_pwr_ex.o
LOAD ./Drivers/STM32F4xx_HAL_Driver/stm32f4xx_hal_rcc.o
LOAD ./Drivers/STM32F4xx_HAL_Driver/stm32f4xx_hal_rcc_ex.o
LOAD ./Drivers/STM32F4xx_HAL_Driver/stm32f4xx_hal_tim.o
LOAD ./Drivers/STM32F4xx_HAL_Driver/stm32f4xx_hal_tim_ex.o
LOAD ./Drivers/STM32F4xx_HAL_Driver/stm32f4xx_hal_uart.o
LOAD ./Drivers/STM32F4xx_HAL_Driver/stm32f4xx_ll_adc.o
START GROUP
LOAD c:/program files/stm32cubeide_1.8.0/stm32cubeide/plugins/com.st.stm32cube.ide.mcu.externaltools.gnu-tools-for-stm32.9-2020-q2-update.win32_2.0.0.202105311346/tools/bin/../lib/gcc/arm-none-eabi/9.3.1/../../../../arm-none-eabi/lib/thumb/v7e-m+fp/hard\libc_nano.a
LOAD c:/program files/stm32cubeide_1.8.0/stm32cubeide/plugins/com.st.stm32cube.ide.mcu.externaltools.gnu-tools-for-stm32.9-2020-q2-update.win32_2.0.0.202105311346/tools/bin/../lib/gcc/arm-none-eabi/9.3.1/../../../../arm-none-eabi/lib/thumb/v7e-m+fp/hard\libm.a
END GROUP
START GROUP
LOAD c:/program files/stm32cubeide_1.8.0/stm32cubeide/plugins/com.st.stm32cube.ide.mcu.externaltools.gnu-tools-for-stm32.9-2020-q2-update.win32_2.0.0.202105311346/tools/bin/../lib/gcc/arm-none-eabi/9.3.1/thumb/v7e-m+fp/hard\libgcc.a
LOAD c:/program files/stm32cubeide_1.8.0/stm32cubeide/plugins/com.st.stm32cube.ide.mcu.externaltools.gnu-tools-for-stm32.9-2020-q2-update.win32_2.0.0.202105311346/tools/bin/../lib/gcc/arm-none-eabi/9.3.1/../../../../arm-none-eabi/lib/thumb/v7e-m+fp/hard\libc_nano.a
END GROUP
START GROUP
LOAD c:/program files/stm32cubeide_1.8.0/stm32cubeide/plugins/com.st.stm32cube.ide.mcu.externaltools.gnu-tools-for-stm32.9-2020-q2-update.win32_2.0.0.202105311346/tools/bin/../lib/gcc/arm-none-eabi/9.3.1/thumb/v7e-m+fp/hard\libgcc.a
LOAD c:/program files/stm32cubeide_1.8.0/stm32cubeide/plugins/com.st.stm32cube.ide.mcu.externaltools.gnu-tools-for-stm32.9-2020-q2-update.win32_2.0.0.202105311346/tools/bin/../lib/gcc/arm-none-eabi/9.3.1/../../../../arm-none-eabi/lib/thumb/v7e-m+fp/hard\libc_nano.a
LOAD c:/program files/stm32cubeide_1.8.0/stm32cubeide/plugins/com.st.stm32cube.ide.mcu.externaltools.gnu-tools-for-stm32.9-2020-q2-update.win32_2.0.0.202105311346/tools/bin/../lib/gcc/arm-none-eabi/9.3.1/../../../../arm-none-eabi/lib/thumb/v7e-m+fp/hard\libnosys.a
END GROUP
START GROUP
LOAD c:/program files/stm32cubeide_1.8.0/stm32cubeide/plugins/com.st.stm32cube.ide.mcu.externaltools.gnu-tools-for-stm32.9-2020-q2-update.win32_2.0.0.202105311346/tools/bin/../lib/gcc/arm-none-eabi/9.3.1/thumb/v7e-m+fp/hard\libgcc.a
LOAD c:/program files/stm32cubeide_1.8.0/stm32cubeide/plugins/com.st.stm32cube.ide.mcu.externaltools.gnu-tools-for-stm32.9-2020-q2-update.win32_2.0.0.202105311346/tools/bin/../lib/gcc/arm-none-eabi/9.3.1/../../../../arm-none-eabi/lib/thumb/v7e-m+fp/hard\libc_nano.a
LOAD c:/program files/stm32cubeide_1.8.0/stm32cubeide/plugins/com.st.stm32cube.ide.mcu.externaltools.gnu-tools-for-stm32.9-2020-q2-update.win32_2.0.0.202105311346/tools/bin/../lib/gcc/arm-none-eabi/9.3.1/../../../../arm-none-eabi/lib/thumb/v7e-m+fp/hard\libnosys.a
END GROUP
LOAD c:/program files/stm32cubeide_1.8.0/stm32cubeide/plugins/com.st.stm32cube.ide.mcu.externaltools.gnu-tools-for-stm32.9-2020-q2-update.win32_2.0.0.202105311346/tools/bin/../lib/gcc/arm-none-eabi/9.3.1/thumb/v7e-m+fp/hard/crtend.o
LOAD c:/program files/stm32cubeide_1.8.0/stm32cubeide/plugins/com.st.stm32cube.ide.mcu.externaltools.gnu-tools-for-stm32.9-2020-q2-update.win32_2.0.0.202105311346/tools/bin/../lib/gcc/arm-none-eabi/9.3.1/thumb/v7e-m+fp/hard/crtn.o
                0x0000000020020000                _estack = (ORIGIN (RAM) + LENGTH (RAM))
                0x0000000000000200                _Min_Heap_Size = 0x200
                0x0000000000000400                _Min_Stack_Size = 0x400

.isr_vector     0x0000000008000000      0x1c4
                0x0000000008000000                . = ALIGN (0x4)
 *(.isr_vector)
 .isr_vector    0x0000000008000000      0x1c4 ./Application/User/Startup/startup_stm32f446vetx.o
                0x0000000008000000                g_pfnVectors
                0x00000000080001c4                . = ALIGN (0x4)

.text           0x00000000080001d0     0x4950
                0x00000000080001d0                . = ALIGN (0x4)
 *(.text)
 .text          0x00000000080001d0       0x40 c:/program files/stm32cubeide_1.8.0/stm32cubeide/plugins/com.st.stm32cube.ide.mcu.externaltools.gnu-tools-for-stm32.9-2020-q2-update.win32_2.0.0.202105311346/tools/bin/../lib/gcc/arm-none-eabi/9.3.1/thumb/v7e-m+fp/hard/crtbegin.o
 .text          0x0000000008000210       0x14 c:/program files/stm32cubeide_1.8.0/stm32cubeide/plugins/com.st.stm32cube.ide.mcu.externaltools.gnu-tools-for-stm32.9-2020-q2-update.win32_2.0.0.202105311346/tools/bin/../lib/gcc/arm-none-eabi/9.3.1/../../../../arm-none-eabi/lib/thumb/v7e-m+fp/hard\libc_nano.a(lib_a-strcmp.o)
                0x0000000008000210                strcmp
 *fill*         0x0000000008000224        0xc 
 .text          0x0000000008000230       0xa0 c:/program files/stm32cubeide_1.8.0/stm32cubeide/plugins/com.st.stm32cube.ide.mcu.externaltools.gnu-tools-for-stm32.9-2020-q2-update.win32_2.0.0.202105311346/tools/bin/../lib/gcc/arm-none-eabi/9.3.1/../../../../arm-none-eabi/lib/thumb/v7e-m+fp/hard\libc_nano.a(lib_a-memchr.o)
                0x0000000008000230                memchr
 .text          0x00000000080002d0      0x378 c:/program files/stm32cubeide_1.8.0/stm32cubeide/plugins/com.st.stm32cube.ide.mcu.externaltools.gnu-tools-for-stm32.9-2020-q2-update.win32_2.0.0.202105311346/tools/bin/../lib/gcc/arm-none-eabi/9.3.1/thumb/v7e-m+fp/hard\libgcc.a(_arm_addsubdf3.o)
                0x00000000080002d0                __aeabi_drsub
                0x00000000080002d8                __aeabi_dsub
                0x00000000080002d8                __subdf3
                0x00000000080002dc                __aeabi_dadd
                0x00000000080002dc                __adddf3
                0x0000000008000554                __floatunsidf
                0x0000000008000554                __aeabi_ui2d
                0x0000000008000574                __floatsidf
                0x0000000008000574                __aeabi_i2d
                0x0000000008000598                __aeabi_f2d
                0x0000000008000598                __extendsfdf2
                0x00000000080005dc                __floatundidf
                0x00000000080005dc                __aeabi_ul2d
                0x00000000080005ec                __floatdidf
                0x00000000080005ec                __aeabi_l2d
 .text          0x0000000008000648      0x424 c:/program files/stm32cubeide_1.8.0/stm32cubeide/plugins/com.st.stm32cube.ide.mcu.externaltools.gnu-tools-for-stm32.9-2020-q2-update.win32_2.0.0.202105311346/tools/bin/../lib/gcc/arm-none-eabi/9.3.1/thumb/v7e-m+fp/hard\libgcc.a(_arm_muldivdf3.o)
                0x0000000008000648                __aeabi_dmul
                0x0000000008000648                __muldf3
                0x000000000800089c                __divdf3
                0x000000000800089c                __aeabi_ddiv
 .text          0x0000000008000a6c       0xa0 c:/program files/stm32cubeide_1.8.0/stm32cubeide/plugins/com.st.stm32cube.ide.mcu.externaltools.gnu-tools-for-stm32.9-2020-q2-update.win32_2.0.0.202105311346/tools/bin/../lib/gcc/arm-none-eabi/9.3.1/thumb/v7e-m+fp/hard\libgcc.a(_arm_truncdfsf2.o)
                0x0000000008000a6c                __truncdfsf2
                0x0000000008000a6c                __aeabi_d2f
 .text          0x0000000008000b0c       0x30 c:/program files/stm32cubeide_1.8.0/stm32cubeide/plugins/com.st.stm32cube.ide.mcu.externaltools.gnu-tools-for-stm32.9-2020-q2-update.win32_2.0.0.202105311346/tools/bin/../lib/gcc/arm-none-eabi/9.3.1/thumb/v7e-m+fp/hard\libgcc.a(_aeabi_uldivmod.o)
                0x0000000008000b0c                __aeabi_uldivmod
 .text          0x0000000008000b3c      0x2c4 c:/program files/stm32cubeide_1.8.0/stm32cubeide/plugins/com.st.stm32cube.ide.mcu.externaltools.gnu-tools-for-stm32.9-2020-q2-update.win32_2.0.0.202105311346/tools/bin/../lib/gcc/arm-none-eabi/9.3.1/thumb/v7e-m+fp/hard\libgcc.a(_udivmoddi4.o)
                0x0000000008000b3c                __udivmoddi4
 .text          0x0000000008000e00        0x4 c:/program files/stm32cubeide_1.8.0/stm32cubeide/plugins/com.st.stm32cube.ide.mcu.externaltools.gnu-tools-for-stm32.9-2020-q2-update.win32_2.0.0.202105311346/tools/bin/../lib/gcc/arm-none-eabi/9.3.1/thumb/v7e-m+fp/hard\libgcc.a(_dvmd_tls.o)
                0x0000000008000e00                __aeabi_idiv0
                0x0000000008000e00                __aeabi_ldiv0
 *(.text*)
 .text.MX_ADC1_Init
                0x0000000008000e04       0x6c ./Application/User/Core/adc.o
                0x0000000008000e04                MX_ADC1_Init
 .text.HAL_ADC_MspInit
                0x0000000008000e70       0xb0 ./Application/User/Core/adc.o
                0x0000000008000e70                HAL_ADC_MspInit
 .text.MX_APP_Init
                0x0000000008000f20       0x60 ./Application/User/Core/app_perifericos.o
                0x0000000008000f20                MX_APP_Init
 .text.MX_APP_Process
                0x0000000008000f80       0x8c ./Application/User/Core/app_perifericos.o
                0x0000000008000f80                MX_APP_Process
 .text.BOTONES_Process
                0x000000000800100c       0x90 ./Application/User/Core/botones.o
                0x000000000800100c                BOTONES_Process
 .text.BOTONES_HW_Init
                0x000000000800109c        0x4 ./Application/User/Core/botones_hw.o
                0x000000000800109c                BOTONES_HW_Init
 .text.MX_CAN2_Init
                0x00000000080010a0       0x40 ./Application/User/Core/can.o
                0x00000000080010a0                MX_CAN2_Init
 .text.HAL_CAN_MspInit
                0x00000000080010e0       0x94 ./Application/User/Core/can.o
                0x00000000080010e0                HAL_CAN_MspInit
 .text.CAN_APP_Send_BusData
                0x0000000008001174       0x58 ./Application/User/Core/can_app.o
                0x0000000008001174                CAN_APP_Send_BusData
 .text.CAN_HW_Init
                0x00000000080011cc       0x34 ./Application/User/Core/can_hw.o
                0x00000000080011cc                CAN_HW_Init
 .text.HAL_CAN_RxFifo0MsgPendingCallback
                0x0000000008001200       0x24 ./Application/User/Core/can_hw.o
                0x0000000008001200                HAL_CAN_RxFifo0MsgPendingCallback
 .text.HAL_TIM_PeriodElapsedCallback
                0x0000000008001224       0x20 ./Application/User/Core/can_hw.o
                0x0000000008001224                HAL_TIM_PeriodElapsedCallback
 .text.DECODE_DATA_Process
                0x0000000008001244       0xe4 ./Application/User/Core/decode_data.o
                0x0000000008001244                DECODE_DATA_Process
 .text.MX_DMA_Init
                0x0000000008001328       0x34 ./Application/User/Core/dma.o
                0x0000000008001328                MX_DMA_Init
 .text.MX_GPIO_Init
                0x000000000800135c       0xf8 ./Application/User/Core/gpio.o
                0x000000000800135c                MX_GPIO_Init
 .text.INDICATORS_Process
                0x0000000008001454        0x4 ./Application/User/Core/indicators.o
                0x0000000008001454                INDICATORS_Process
 .text.INDICATORS_Finish_StartUp
                0x0000000008001458       0x76 ./Application/User/Core/indicators.o
                0x0000000008001458                INDICATORS_Finish_StartUp
 *fill*         0x00000000080014ce        0x2 
 .text.SystemClock_Config
                0x00000000080014d0       0xa0 ./Application/User/Core/main.o
                0x00000000080014d0                SystemClock_Config
 .text.startup.main
                0x0000000008001570       0x14 ./Application/User/Core/main.o
                0x0000000008001570                main
 .text.Error_Handler
                0x0000000008001584        0x4 ./Application/User/Core/main.o
                0x0000000008001584                Error_Handler
 .text.PANTALLA_Process
                0x0000000008001588      0x158 ./Application/User/Core/pantalla.o
                0x0000000008001588                PANTALLA_Process
 .text.PANTALLA_API_SendtoNum
                0x00000000080016e0       0x48 ./Application/User/Core/pantalla_api.o
                0x00000000080016e0                PANTALLA_API_SendtoNum
 .text.PANTALLA_API_SendtoTxt
                0x0000000008001728       0x94 ./Application/User/Core/pantalla_api.o
                0x0000000008001728                PANTALLA_API_SendtoTxt
 .text.PANTALLA_API_SendtoPB
                0x00000000080017bc       0x3e ./Application/User/Core/pantalla_api.o
                0x00000000080017bc                PANTALLA_API_SendtoPB
 *fill*         0x00000000080017fa        0x2 
 .text.PANTALLA_API_SendtoImage
                0x00000000080017fc       0xb0 ./Application/User/Core/pantalla_api.o
                0x00000000080017fc                PANTALLA_API_SendtoImage
 .text.PANTALLA_HW_Init
                0x00000000080018ac        0x4 ./Application/User/Core/pantalla_hw.o
                0x00000000080018ac                PANTALLA_HW_Init
 .text.PEDAL_Process
                0x00000000080018b0       0x84 ./Application/User/Core/pedal.o
                0x00000000080018b0                PEDAL_Process
 .text.PEDAL_HW_Init
                0x0000000008001934       0x30 ./Application/User/Core/pedal_hw.o
                0x0000000008001934                PEDAL_HW_Init
 .text.HAL_ADC_ConvCpltCallback
                0x0000000008001964       0x24 ./Application/User/Core/pedal_hw.o
                0x0000000008001964                HAL_ADC_ConvCpltCallback
 .text.HAL_MspInit
                0x0000000008001988       0x38 ./Application/User/Core/stm32f4xx_hal_msp.o
                0x0000000008001988                HAL_MspInit
 .text.NMI_Handler
                0x00000000080019c0        0x2 ./Application/User/Core/stm32f4xx_it.o
                0x00000000080019c0                NMI_Handler
 .text.HardFault_Handler
                0x00000000080019c2        0x2 ./Application/User/Core/stm32f4xx_it.o
                0x00000000080019c2                HardFault_Handler
 .text.MemManage_Handler
                0x00000000080019c4        0x2 ./Application/User/Core/stm32f4xx_it.o
                0x00000000080019c4                MemManage_Handler
 .text.BusFault_Handler
                0x00000000080019c6        0x2 ./Application/User/Core/stm32f4xx_it.o
                0x00000000080019c6                BusFault_Handler
 .text.UsageFault_Handler
                0x00000000080019c8        0x2 ./Application/User/Core/stm32f4xx_it.o
                0x00000000080019c8                UsageFault_Handler
 .text.SVC_Handler
                0x00000000080019ca        0x2 ./Application/User/Core/stm32f4xx_it.o
                0x00000000080019ca                SVC_Handler
 .text.DebugMon_Handler
                0x00000000080019cc        0x2 ./Application/User/Core/stm32f4xx_it.o
                0x00000000080019cc                DebugMon_Handler
 .text.PendSV_Handler
                0x00000000080019ce        0x2 ./Application/User/Core/stm32f4xx_it.o
                0x00000000080019ce                PendSV_Handler
 .text.SysTick_Handler
                0x00000000080019d0        0x4 ./Application/User/Core/stm32f4xx_it.o
                0x00000000080019d0                SysTick_Handler
 .text.ADC_IRQHandler
                0x00000000080019d4        0xc ./Application/User/Core/stm32f4xx_it.o
                0x00000000080019d4                ADC_IRQHandler
 .text.TIM7_IRQHandler
                0x00000000080019e0        0xc ./Application/User/Core/stm32f4xx_it.o
                0x00000000080019e0                TIM7_IRQHandler
 .text.DMA2_Stream0_IRQHandler
                0x00000000080019ec        0xc ./Application/User/Core/stm32f4xx_it.o
                0x00000000080019ec                DMA2_Stream0_IRQHandler
 .text.CAN2_RX0_IRQHandler
                0x00000000080019f8        0xc ./Application/User/Core/stm32f4xx_it.o
                0x00000000080019f8                CAN2_RX0_IRQHandler
 .text._sbrk    0x0000000008001a04       0x40 ./Application/User/Core/sysmem.o
                0x0000000008001a04                _sbrk
 .text.MX_TIM3_Init
                0x0000000008001a44       0x6c ./Application/User/Core/tim.o
                0x0000000008001a44                MX_TIM3_Init
 .text.MX_TIM7_Init
                0x0000000008001ab0       0x48 ./Application/User/Core/tim.o
                0x0000000008001ab0                MX_TIM7_Init
 .text.HAL_TIM_Base_MspInit
                0x0000000008001af8       0x68 ./Application/User/Core/tim.o
                0x0000000008001af8                HAL_TIM_Base_MspInit
 .text.MX_USART6_UART_Init
                0x0000000008001b60       0x38 ./Application/User/Core/usart.o
                0x0000000008001b60                MX_USART6_UART_Init
 .text.HAL_UART_MspInit
                0x0000000008001b98       0x6c ./Application/User/Core/usart.o
                0x0000000008001b98                HAL_UART_MspInit
 .text.Reset_Handler
                0x0000000008001c04       0x50 ./Application/User/Startup/startup_stm32f446vetx.o
                0x0000000008001c04                Reset_Handler
 .text.Default_Handler
                0x0000000008001c54        0x2 ./Application/User/Startup/startup_stm32f446vetx.o
                0x0000000008001c54                RTC_Alarm_IRQHandler
                0x0000000008001c54                EXTI2_IRQHandler
                0x0000000008001c54                TIM8_CC_IRQHandler
                0x0000000008001c54                FMPI2C1_EV_IRQHandler
                0x0000000008001c54                SPI4_IRQHandler
                0x0000000008001c54                TIM1_CC_IRQHandler
                0x0000000008001c54                DMA2_Stream5_IRQHandler
                0x0000000008001c54                DMA1_Stream5_IRQHandler
                0x0000000008001c54                PVD_IRQHandler
                0x0000000008001c54                SDIO_IRQHandler
                0x0000000008001c54                TAMP_STAMP_IRQHandler
                0x0000000008001c54                CAN2_RX1_IRQHandler
                0x0000000008001c54                EXTI3_IRQHandler
                0x0000000008001c54                TIM8_TRG_COM_TIM14_IRQHandler
                0x0000000008001c54                TIM1_UP_TIM10_IRQHandler
                0x0000000008001c54                TIM8_UP_TIM13_IRQHandler
                0x0000000008001c54                I2C3_ER_IRQHandler
                0x0000000008001c54                EXTI0_IRQHandler
                0x0000000008001c54                I2C2_EV_IRQHandler
                0x0000000008001c54                DMA1_Stream2_IRQHandler
                0x0000000008001c54                CAN1_RX0_IRQHandler
                0x0000000008001c54                FPU_IRQHandler
                0x0000000008001c54                OTG_HS_WKUP_IRQHandler
                0x0000000008001c54                CAN2_SCE_IRQHandler
                0x0000000008001c54                DMA2_Stream2_IRQHandler
                0x0000000008001c54                SPI1_IRQHandler
                0x0000000008001c54                TIM6_DAC_IRQHandler
                0x0000000008001c54                TIM1_BRK_TIM9_IRQHandler
                0x0000000008001c54                DCMI_IRQHandler
                0x0000000008001c54                DMA2_Stream3_IRQHandler
                0x0000000008001c54                SAI2_IRQHandler
                0x0000000008001c54                USART6_IRQHandler
                0x0000000008001c54                USART3_IRQHandler
                0x0000000008001c54                CAN1_RX1_IRQHandler
                0x0000000008001c54                UART5_IRQHandler
                0x0000000008001c54                TIM4_IRQHandler
                0x0000000008001c54                QUADSPI_IRQHandler
                0x0000000008001c54                I2C1_EV_IRQHandler
                0x0000000008001c54                DMA1_Stream6_IRQHandler
                0x0000000008001c54                DMA1_Stream1_IRQHandler
                0x0000000008001c54                UART4_IRQHandler
                0x0000000008001c54                TIM3_IRQHandler
                0x0000000008001c54                RCC_IRQHandler
                0x0000000008001c54                TIM8_BRK_TIM12_IRQHandler
                0x0000000008001c54                Default_Handler
                0x0000000008001c54                CEC_IRQHandler
                0x0000000008001c54                EXTI15_10_IRQHandler
                0x0000000008001c54                DMA1_Stream7_IRQHandler
                0x0000000008001c54                CAN2_TX_IRQHandler
                0x0000000008001c54                TIM5_IRQHandler
                0x0000000008001c54                DMA2_Stream7_IRQHandler
                0x0000000008001c54                I2C3_EV_IRQHandler
                0x0000000008001c54                EXTI9_5_IRQHandler
                0x0000000008001c54                RTC_WKUP_IRQHandler
                0x0000000008001c54                SPDIF_RX_IRQHandler
                0x0000000008001c54                SPI2_IRQHandler
                0x0000000008001c54                OTG_HS_EP1_IN_IRQHandler
                0x0000000008001c54                DMA1_Stream0_IRQHandler
                0x0000000008001c54                CAN1_TX_IRQHandler
                0x0000000008001c54                FMPI2C1_ER_IRQHandler
                0x0000000008001c54                EXTI4_IRQHandler
                0x0000000008001c54                OTG_HS_EP1_OUT_IRQHandler
                0x0000000008001c54                WWDG_IRQHandler
                0x0000000008001c54                TIM2_IRQHandler
                0x0000000008001c54                OTG_FS_WKUP_IRQHandler
                0x0000000008001c54                TIM1_TRG_COM_TIM11_IRQHandler
                0x0000000008001c54                OTG_HS_IRQHandler
                0x0000000008001c54                EXTI1_IRQHandler
                0x0000000008001c54                USART2_IRQHandler
                0x0000000008001c54                I2C2_ER_IRQHandler
                0x0000000008001c54                DMA2_Stream1_IRQHandler
                0x0000000008001c54                CAN1_SCE_IRQHandler
                0x0000000008001c54                FLASH_IRQHandler
                0x0000000008001c54                DMA2_Stream4_IRQHandler
                0x0000000008001c54                USART1_IRQHandler
                0x0000000008001c54                OTG_FS_IRQHandler
                0x0000000008001c54                SPI3_IRQHandler
                0x0000000008001c54                DMA1_Stream4_IRQHandler
                0x0000000008001c54                I2C1_ER_IRQHandler
                0x0000000008001c54                FMC_IRQHandler
                0x0000000008001c54                DMA2_Stream6_IRQHandler
                0x0000000008001c54                SAI1_IRQHandler
                0x0000000008001c54                DMA1_Stream3_IRQHandler
 *fill*         0x0000000008001c56        0x2 
 .text.BSP_BUZZER_Init
                0x0000000008001c58       0xa4 ./Drivers/BSP/STM32F4xx-Perifericos/stm32f4xx_perifericos.o
                0x0000000008001c58                BSP_BUZZER_Init
 .text.BSP_BUZZER_On
                0x0000000008001cfc       0x1c ./Drivers/BSP/STM32F4xx-Perifericos/stm32f4xx_perifericos.o
                0x0000000008001cfc                BSP_BUZZER_On
 .text.BSP_BUZZER_Off
                0x0000000008001d18       0x14 ./Drivers/BSP/STM32F4xx-Perifericos/stm32f4xx_perifericos.o
                0x0000000008001d18                BSP_BUZZER_Off
 .text.BSP_LED_Init
                0x0000000008001d2c       0x5c ./Drivers/BSP/STM32F4xx-Perifericos/stm32f4xx_perifericos.o
                0x0000000008001d2c                BSP_LED_Init
 .text.BSP_LED_On
                0x0000000008001d88       0x20 ./Drivers/BSP/STM32F4xx-Perifericos/stm32f4xx_perifericos.o
                0x0000000008001d88                BSP_LED_On
 .text.BSP_LED_Off
                0x0000000008001da8       0x20 ./Drivers/BSP/STM32F4xx-Perifericos/stm32f4xx_perifericos.o
                0x0000000008001da8                BSP_LED_Off
 .text.BSP_LED_Toggle
                0x0000000008001dc8       0x20 ./Drivers/BSP/STM32F4xx-Perifericos/stm32f4xx_perifericos.o
                0x0000000008001dc8                BSP_LED_Toggle
 .text.CAN_API_Init
                0x0000000008001de8       0x1e ./Drivers/CAN_Driver/can_api.o
                0x0000000008001de8                CAN_API_Init
 .text.CAN_API_Send_Message
                0x0000000008001e06       0x24 ./Drivers/CAN_Driver/can_api.o
                0x0000000008001e06                CAN_API_Send_Message
 .text.CAN_API_Read_Message
                0x0000000008001e2a        0x8 ./Drivers/CAN_Driver/can_api.o
                0x0000000008001e2a                CAN_API_Read_Message
 *fill*         0x0000000008001e32        0x2 
 .text.CAN_Wrapper_Init
                0x0000000008001e34       0x78 ./Drivers/CAN_Driver/can_wrapper.o
                0x0000000008001e34                CAN_Wrapper_Init
 .text.CAN_Wrapper_TransmitData
                0x0000000008001eac       0x30 ./Drivers/CAN_Driver/can_wrapper.o
                0x0000000008001eac                CAN_Wrapper_TransmitData
 .text.CAN_Wrapper_ReceiveData
                0x0000000008001edc       0x24 ./Drivers/CAN_Driver/can_wrapper.o
                0x0000000008001edc                CAN_Wrapper_ReceiveData
 .text.CAN_Wrapper_DataCount
                0x0000000008001f00        0x4 ./Drivers/CAN_Driver/can_wrapper.o
                0x0000000008001f00                CAN_Wrapper_DataCount
 .text.SystemInit
                0x0000000008001f04       0x14 ./Drivers/CMSIS/system_stm32f4xx.o
                0x0000000008001f04                SystemInit
 .text.HAL_InitTick
                0x0000000008001f18       0x48 ./Drivers/STM32F4xx_HAL_Driver/stm32f4xx_hal.o
                0x0000000008001f18                HAL_InitTick
 .text.HAL_Init
                0x0000000008001f60       0x34 ./Drivers/STM32F4xx_HAL_Driver/stm32f4xx_hal.o
                0x0000000008001f60                HAL_Init
 .text.HAL_IncTick
                0x0000000008001f94       0x18 ./Drivers/STM32F4xx_HAL_Driver/stm32f4xx_hal.o
                0x0000000008001f94                HAL_IncTick
 .text.HAL_GetTick
                0x0000000008001fac        0xc ./Drivers/STM32F4xx_HAL_Driver/stm32f4xx_hal.o
                0x0000000008001fac                HAL_GetTick
 .text.HAL_Delay
                0x0000000008001fb8       0x28 ./Drivers/STM32F4xx_HAL_Driver/stm32f4xx_hal.o
                0x0000000008001fb8                HAL_Delay
 .text.HAL_ADC_Init
                0x0000000008001fe0      0x14c ./Drivers/STM32F4xx_HAL_Driver/stm32f4xx_hal_adc.o
                0x0000000008001fe0                HAL_ADC_Init
 .text.HAL_ADC_Start_DMA
                0x000000000800212c      0x154 ./Drivers/STM32F4xx_HAL_Driver/stm32f4xx_hal_adc.o
                0x000000000800212c                HAL_ADC_Start_DMA
 .text.HAL_ADC_ConvHalfCpltCallback
                0x0000000008002280        0x2 ./Drivers/STM32F4xx_HAL_Driver/stm32f4xx_hal_adc.o
                0x0000000008002280                HAL_ADC_ConvHalfCpltCallback
 .text.ADC_DMAHalfConvCplt
                0x0000000008002282        0xa ./Drivers/STM32F4xx_HAL_Driver/stm32f4xx_hal_adc.o
 .text.HAL_ADC_LevelOutOfWindowCallback
                0x000000000800228c        0x2 ./Drivers/STM32F4xx_HAL_Driver/stm32f4xx_hal_adc.o
                0x000000000800228c                HAL_ADC_LevelOutOfWindowCallback
 .text.HAL_ADC_ErrorCallback
                0x000000000800228e        0x2 ./Drivers/STM32F4xx_HAL_Driver/stm32f4xx_hal_adc.o
                0x000000000800228e                HAL_ADC_ErrorCallback
 .text.HAL_ADC_IRQHandler
                0x0000000008002290      0x128 ./Drivers/STM32F4xx_HAL_Driver/stm32f4xx_hal_adc.o
                0x0000000008002290                HAL_ADC_IRQHandler
 .text.ADC_DMAError
                0x00000000080023b8       0x16 ./Drivers/STM32F4xx_HAL_Driver/stm32f4xx_hal_adc.o
 .text.ADC_DMAConvCplt
                0x00000000080023ce       0x6c ./Drivers/STM32F4xx_HAL_Driver/stm32f4xx_hal_adc.o
 *fill*         0x000000000800243a        0x2 
 .text.HAL_ADC_ConfigChannel
                0x000000000800243c      0x138 ./Drivers/STM32F4xx_HAL_Driver/stm32f4xx_hal_adc.o
                0x000000000800243c                HAL_ADC_ConfigChannel
 .text.HAL_ADCEx_InjectedConvCpltCallback
                0x0000000008002574        0x2 ./Drivers/STM32F4xx_HAL_Driver/stm32f4xx_hal_adc_ex.o
                0x0000000008002574                HAL_ADCEx_InjectedConvCpltCallback
 .text.HAL_CAN_Init
                0x0000000008002576       0xf6 ./Drivers/STM32F4xx_HAL_Driver/stm32f4xx_hal_can.o
                0x0000000008002576                HAL_CAN_Init
 .text.HAL_CAN_ConfigFilter
                0x000000000800266c      0x110 ./Drivers/STM32F4xx_HAL_Driver/stm32f4xx_hal_can.o
                0x000000000800266c                HAL_CAN_ConfigFilter
 .text.HAL_CAN_Start
                0x000000000800277c       0x5c ./Drivers/STM32F4xx_HAL_Driver/stm32f4xx_hal_can.o
                0x000000000800277c                HAL_CAN_Start
 .text.HAL_CAN_AddTxMessage
                0x00000000080027d8       0xa0 ./Drivers/STM32F4xx_HAL_Driver/stm32f4xx_hal_can.o
                0x00000000080027d8                HAL_CAN_AddTxMessage
 .text.HAL_CAN_GetRxMessage
                0x0000000008002878       0xee ./Drivers/STM32F4xx_HAL_Driver/stm32f4xx_hal_can.o
                0x0000000008002878                HAL_CAN_GetRxMessage
 .text.HAL_CAN_ActivateNotification
                0x0000000008002966       0x22 ./Drivers/STM32F4xx_HAL_Driver/stm32f4xx_hal_can.o
                0x0000000008002966                HAL_CAN_ActivateNotification
 .text.HAL_CAN_TxMailbox0CompleteCallback
                0x0000000008002988        0x2 ./Drivers/STM32F4xx_HAL_Driver/stm32f4xx_hal_can.o
                0x0000000008002988                HAL_CAN_TxMailbox0CompleteCallback
 .text.HAL_CAN_TxMailbox1CompleteCallback
                0x000000000800298a        0x2 ./Drivers/STM32F4xx_HAL_Driver/stm32f4xx_hal_can.o
                0x000000000800298a                HAL_CAN_TxMailbox1CompleteCallback
 .text.HAL_CAN_TxMailbox2CompleteCallback
                0x000000000800298c        0x2 ./Drivers/STM32F4xx_HAL_Driver/stm32f4xx_hal_can.o
                0x000000000800298c                HAL_CAN_TxMailbox2CompleteCallback
 .text.HAL_CAN_TxMailbox0AbortCallback
                0x000000000800298e        0x2 ./Drivers/STM32F4xx_HAL_Driver/stm32f4xx_hal_can.o
                0x000000000800298e                HAL_CAN_TxMailbox0AbortCallback
 .text.HAL_CAN_TxMailbox1AbortCallback
                0x0000000008002990        0x2 ./Drivers/STM32F4xx_HAL_Driver/stm32f4xx_hal_can.o
                0x0000000008002990                HAL_CAN_TxMailbox1AbortCallback
 .text.HAL_CAN_TxMailbox2AbortCallback
                0x0000000008002992        0x2 ./Drivers/STM32F4xx_HAL_Driver/stm32f4xx_hal_can.o
                0x0000000008002992                HAL_CAN_TxMailbox2AbortCallback
 .text.HAL_CAN_RxFifo0FullCallback
                0x0000000008002994        0x2 ./Drivers/STM32F4xx_HAL_Driver/stm32f4xx_hal_can.o
                0x0000000008002994                HAL_CAN_RxFifo0FullCallback
 .text.HAL_CAN_RxFifo1MsgPendingCallback
                0x0000000008002996        0x2 ./Drivers/STM32F4xx_HAL_Driver/stm32f4xx_hal_can.o
                0x0000000008002996                HAL_CAN_RxFifo1MsgPendingCallback
 .text.HAL_CAN_RxFifo1FullCallback
                0x0000000008002998        0x2 ./Drivers/STM32F4xx_HAL_Driver/stm32f4xx_hal_can.o
                0x0000000008002998                HAL_CAN_RxFifo1FullCallback
 .text.HAL_CAN_SleepCallback
                0x000000000800299a        0x2 ./Drivers/STM32F4xx_HAL_Driver/stm32f4xx_hal_can.o
                0x000000000800299a                HAL_CAN_SleepCallback
 .text.HAL_CAN_WakeUpFromRxMsgCallback
                0x000000000800299c        0x2 ./Drivers/STM32F4xx_HAL_Driver/stm32f4xx_hal_can.o
                0x000000000800299c                HAL_CAN_WakeUpFromRxMsgCallback
 .text.HAL_CAN_ErrorCallback
                0x000000000800299e        0x2 ./Drivers/STM32F4xx_HAL_Driver/stm32f4xx_hal_can.o
                0x000000000800299e                HAL_CAN_ErrorCallback
 .text.HAL_CAN_IRQHandler
                0x00000000080029a0      0x1fc ./Drivers/STM32F4xx_HAL_Driver/stm32f4xx_hal_can.o
                0x00000000080029a0                HAL_CAN_IRQHandler
 .text.HAL_NVIC_SetPriorityGrouping
                0x0000000008002b9c       0x24 ./Drivers/STM32F4xx_HAL_Driver/stm32f4xx_hal_cortex.o
                0x0000000008002b9c                HAL_NVIC_SetPriorityGrouping
 .text.HAL_NVIC_SetPriority
                0x0000000008002bc0       0x64 ./Drivers/STM32F4xx_HAL_Driver/stm32f4xx_hal_cortex.o
                0x0000000008002bc0                HAL_NVIC_SetPriority
 .text.HAL_NVIC_EnableIRQ
                0x0000000008002c24       0x1c ./Drivers/STM32F4xx_HAL_Driver/stm32f4xx_hal_cortex.o
                0x0000000008002c24                HAL_NVIC_EnableIRQ
 .text.HAL_SYSTICK_Config
                0x0000000008002c40       0x2c ./Drivers/STM32F4xx_HAL_Driver/stm32f4xx_hal_cortex.o
                0x0000000008002c40                HAL_SYSTICK_Config
 .text.DMA_CalcBaseAndBitshift
                0x0000000008002c6c       0x2c ./Drivers/STM32F4xx_HAL_Driver/stm32f4xx_hal_dma.o
 .text.HAL_DMA_Init
                0x0000000008002c98      0x100 ./Drivers/STM32F4xx_HAL_Driver/stm32f4xx_hal_dma.o
                0x0000000008002c98                HAL_DMA_Init
 .text.HAL_DMA_Start_IT
                0x0000000008002d98       0x74 ./Drivers/STM32F4xx_HAL_Driver/stm32f4xx_hal_dma.o
                0x0000000008002d98                HAL_DMA_Start_IT
 .text.HAL_DMA_IRQHandler
                0x0000000008002e0c      0x17c ./Drivers/STM32F4xx_HAL_Driver/stm32f4xx_hal_dma.o
                0x0000000008002e0c                HAL_DMA_IRQHandler
 .text.HAL_GPIO_Init
                0x0000000008002f88      0x1a8 ./Drivers/STM32F4xx_HAL_Driver/stm32f4xx_hal_gpio.o
                0x0000000008002f88                HAL_GPIO_Init
 .text.HAL_GPIO_ReadPin
                0x0000000008003130        0xc ./Drivers/STM32F4xx_HAL_Driver/stm32f4xx_hal_gpio.o
                0x0000000008003130                HAL_GPIO_ReadPin
 .text.HAL_GPIO_WritePin
                0x000000000800313c        0xa ./Drivers/STM32F4xx_HAL_Driver/stm32f4xx_hal_gpio.o
                0x000000000800313c                HAL_GPIO_WritePin
 .text.HAL_GPIO_TogglePin
                0x0000000008003146       0x12 ./Drivers/STM32F4xx_HAL_Driver/stm32f4xx_hal_gpio.o
                0x0000000008003146                HAL_GPIO_TogglePin
 .text.HAL_RCC_ClockConfig
                0x0000000008003158      0x138 ./Drivers/STM32F4xx_HAL_Driver/stm32f4xx_hal_rcc.o
                0x0000000008003158                HAL_RCC_ClockConfig
 .text.HAL_RCC_GetPCLK1Freq
                0x0000000008003290       0x20 ./Drivers/STM32F4xx_HAL_Driver/stm32f4xx_hal_rcc.o
                0x0000000008003290                HAL_RCC_GetPCLK1Freq
 .text.HAL_RCC_GetPCLK2Freq
                0x00000000080032b0       0x20 ./Drivers/STM32F4xx_HAL_Driver/stm32f4xx_hal_rcc.o
                0x00000000080032b0                HAL_RCC_GetPCLK2Freq
 .text.HAL_RCC_GetSysClockFreq
                0x00000000080032d0       0x90 ./Drivers/STM32F4xx_HAL_Driver/stm32f4xx_hal_rcc_ex.o
                0x00000000080032d0                HAL_RCC_GetSysClockFreq
 .text.HAL_RCC_OscConfig
                0x0000000008003360      0x38c ./Drivers/STM32F4xx_HAL_Driver/stm32f4xx_hal_rcc_ex.o
                0x0000000008003360                HAL_RCC_OscConfig
 .text.TIM_OC1_SetConfig
                0x00000000080036ec       0x64 ./Drivers/STM32F4xx_HAL_Driver/stm32f4xx_hal_tim.o
 .text.TIM_OC3_SetConfig
                0x0000000008003750       0x6c ./Drivers/STM32F4xx_HAL_Driver/stm32f4xx_hal_tim.o
 .text.TIM_OC4_SetConfig
                0x00000000080037bc       0x4c ./Drivers/STM32F4xx_HAL_Driver/stm32f4xx_hal_tim.o
 .text.HAL_TIM_Base_Start
                0x0000000008003808       0x6c ./Drivers/STM32F4xx_HAL_Driver/stm32f4xx_hal_tim.o
                0x0000000008003808                HAL_TIM_Base_Start
 .text.HAL_TIM_Base_Start_IT
                0x0000000008003874       0x74 ./Drivers/STM32F4xx_HAL_Driver/stm32f4xx_hal_tim.o
                0x0000000008003874                HAL_TIM_Base_Start_IT
 .text.HAL_TIM_PWM_MspInit
                0x00000000080038e8        0x2 ./Drivers/STM32F4xx_HAL_Driver/stm32f4xx_hal_tim.o
                0x00000000080038e8                HAL_TIM_PWM_MspInit
 .text.HAL_TIM_OC_DelayElapsedCallback
                0x00000000080038ea        0x2 ./Drivers/STM32F4xx_HAL_Driver/stm32f4xx_hal_tim.o
                0x00000000080038ea                HAL_TIM_OC_DelayElapsedCallback
 .text.HAL_TIM_IC_CaptureCallback
                0x00000000080038ec        0x2 ./Drivers/STM32F4xx_HAL_Driver/stm32f4xx_hal_tim.o
                0x00000000080038ec                HAL_TIM_IC_CaptureCallback
 .text.HAL_TIM_PWM_PulseFinishedCallback
                0x00000000080038ee        0x2 ./Drivers/STM32F4xx_HAL_Driver/stm32f4xx_hal_tim.o
                0x00000000080038ee                HAL_TIM_PWM_PulseFinishedCallback
 .text.HAL_TIM_TriggerCallback
                0x00000000080038f0        0x2 ./Drivers/STM32F4xx_HAL_Driver/stm32f4xx_hal_tim.o
                0x00000000080038f0                HAL_TIM_TriggerCallback
 .text.HAL_TIM_IRQHandler
                0x00000000080038f2      0x144 ./Drivers/STM32F4xx_HAL_Driver/stm32f4xx_hal_tim.o
                0x00000000080038f2                HAL_TIM_IRQHandler
 *fill*         0x0000000008003a36        0x2 
 .text.TIM_Base_SetConfig
                0x0000000008003a38       0xcc ./Drivers/STM32F4xx_HAL_Driver/stm32f4xx_hal_tim.o
                0x0000000008003a38                TIM_Base_SetConfig
 .text.HAL_TIM_Base_Init
                0x0000000008003b04       0x58 ./Drivers/STM32F4xx_HAL_Driver/stm32f4xx_hal_tim.o
                0x0000000008003b04                HAL_TIM_Base_Init
 .text.HAL_TIM_PWM_Init
                0x0000000008003b5c       0x58 ./Drivers/STM32F4xx_HAL_Driver/stm32f4xx_hal_tim.o
                0x0000000008003b5c                HAL_TIM_PWM_Init
 .text.TIM_OC2_SetConfig
                0x0000000008003bb4       0x6c ./Drivers/STM32F4xx_HAL_Driver/stm32f4xx_hal_tim.o
                0x0000000008003bb4                TIM_OC2_SetConfig
 .text.HAL_TIM_PWM_ConfigChannel
                0x0000000008003c20       0xbc ./Drivers/STM32F4xx_HAL_Driver/stm32f4xx_hal_tim.o
                0x0000000008003c20                HAL_TIM_PWM_ConfigChannel
 .text.TIM_ETR_SetConfig
                0x0000000008003cdc       0x14 ./Drivers/STM32F4xx_HAL_Driver/stm32f4xx_hal_tim.o
                0x0000000008003cdc                TIM_ETR_SetConfig
 .text.HAL_TIM_ConfigClockSource
                0x0000000008003cf0      0x138 ./Drivers/STM32F4xx_HAL_Driver/stm32f4xx_hal_tim.o
                0x0000000008003cf0                HAL_TIM_ConfigClockSource
 .text.TIM_CCxChannelCmd
                0x0000000008003e28       0x1c ./Drivers/STM32F4xx_HAL_Driver/stm32f4xx_hal_tim.o
                0x0000000008003e28                TIM_CCxChannelCmd
 .text.HAL_TIM_OC_Start
                0x0000000008003e44       0xcc ./Drivers/STM32F4xx_HAL_Driver/stm32f4xx_hal_tim.o
                0x0000000008003e44                HAL_TIM_OC_Start
 .text.HAL_TIM_PWM_Start
                0x0000000008003f10        0x4 ./Drivers/STM32F4xx_HAL_Driver/stm32f4xx_hal_tim.o
                0x0000000008003f10                HAL_TIM_PWM_Start
 .text.HAL_TIM_OC_Stop
                0x0000000008003f14       0x80 ./Drivers/STM32F4xx_HAL_Driver/stm32f4xx_hal_tim.o
                0x0000000008003f14                HAL_TIM_OC_Stop
 .text.HAL_TIM_PWM_Stop
                0x0000000008003f94        0x4 ./Drivers/STM32F4xx_HAL_Driver/stm32f4xx_hal_tim.o
                0x0000000008003f94                HAL_TIM_PWM_Stop
 .text.HAL_TIMEx_MasterConfigSynchronization
                0x0000000008003f98       0x7c ./Drivers/STM32F4xx_HAL_Driver/stm32f4xx_hal_tim_ex.o
                0x0000000008003f98                HAL_TIMEx_MasterConfigSynchronization
 .text.HAL_TIMEx_CommutCallback
                0x0000000008004014        0x2 ./Drivers/STM32F4xx_HAL_Driver/stm32f4xx_hal_tim_ex.o
                0x0000000008004014                HAL_TIMEx_CommutCallback
 .text.HAL_TIMEx_BreakCallback
                0x0000000008004016        0x2 ./Drivers/STM32F4xx_HAL_Driver/stm32f4xx_hal_tim_ex.o
                0x0000000008004016                HAL_TIMEx_BreakCallback
 .text.UART_SetConfig
                0x0000000008004018       0xbc ./Drivers/STM32F4xx_HAL_Driver/stm32f4xx_hal_uart.o
 .text.UART_WaitOnFlagUntilTimeout.constprop.0
                0x00000000080040d4       0x6c ./Drivers/STM32F4xx_HAL_Driver/stm32f4xx_hal_uart.o
 .text.HAL_UART_Init
                0x0000000008004140       0x5c ./Drivers/STM32F4xx_HAL_Driver/stm32f4xx_hal_uart.o
                0x0000000008004140                HAL_UART_Init
 .text.HAL_UART_Transmit
                0x000000000800419c       0xaa ./Drivers/STM32F4xx_HAL_Driver/stm32f4xx_hal_uart.o
                0x000000000800419c                HAL_UART_Transmit
 *fill*         0x0000000008004246        0x2 
 .text.__errno  0x0000000008004248        0xc c:/program files/stm32cubeide_1.8.0/stm32cubeide/plugins/com.st.stm32cube.ide.mcu.externaltools.gnu-tools-for-stm32.9-2020-q2-update.win32_2.0.0.202105311346/tools/bin/../lib/gcc/arm-none-eabi/9.3.1/../../../../arm-none-eabi/lib/thumb/v7e-m+fp/hard\libc_nano.a(lib_a-errno.o)
                0x0000000008004248                __errno
 .text.__libc_init_array
                0x0000000008004254       0x48 c:/program files/stm32cubeide_1.8.0/stm32cubeide/plugins/com.st.stm32cube.ide.mcu.externaltools.gnu-tools-for-stm32.9-2020-q2-update.win32_2.0.0.202105311346/tools/bin/../lib/gcc/arm-none-eabi/9.3.1/../../../../arm-none-eabi/lib/thumb/v7e-m+fp/hard\libc_nano.a(lib_a-init.o)
                0x0000000008004254                __libc_init_array
 .text.memset   0x000000000800429c       0x10 c:/program files/stm32cubeide_1.8.0/stm32cubeide/plugins/com.st.stm32cube.ide.mcu.externaltools.gnu-tools-for-stm32.9-2020-q2-update.win32_2.0.0.202105311346/tools/bin/../lib/gcc/arm-none-eabi/9.3.1/../../../../arm-none-eabi/lib/thumb/v7e-m+fp/hard\libc_nano.a(lib_a-memset.o)
                0x000000000800429c                memset
 .text.sprintf  0x00000000080042ac       0x40 c:/program files/stm32cubeide_1.8.0/stm32cubeide/plugins/com.st.stm32cube.ide.mcu.externaltools.gnu-tools-for-stm32.9-2020-q2-update.win32_2.0.0.202105311346/tools/bin/../lib/gcc/arm-none-eabi/9.3.1/../../../../arm-none-eabi/lib/thumb/v7e-m+fp/hard\libc_nano.a(lib_a-sprintf.o)
                0x00000000080042ac                siprintf
                0x00000000080042ac                sprintf
 .text.__ssputs_r
                0x00000000080042ec       0xb6 c:/program files/stm32cubeide_1.8.0/stm32cubeide/plugins/com.st.stm32cube.ide.mcu.externaltools.gnu-tools-for-stm32.9-2020-q2-update.win32_2.0.0.202105311346/tools/bin/../lib/gcc/arm-none-eabi/9.3.1/../../../../arm-none-eabi/lib/thumb/v7e-m+fp/hard\libc_nano.a(lib_a-nano-svfprintf.o)
                0x00000000080042ec                __ssputs_r
 *fill*         0x00000000080043a2        0x2 
 .text._svfprintf_r
                0x00000000080043a4      0x200 c:/program files/stm32cubeide_1.8.0/stm32cubeide/plugins/com.st.stm32cube.ide.mcu.externaltools.gnu-tools-for-stm32.9-2020-q2-update.win32_2.0.0.202105311346/tools/bin/../lib/gcc/arm-none-eabi/9.3.1/../../../../arm-none-eabi/lib/thumb/v7e-m+fp/hard\libc_nano.a(lib_a-nano-svfprintf.o)
                0x00000000080043a4                _svfiprintf_r
                0x00000000080043a4                _svfprintf_r
 .text._printf_common
                0x00000000080045a4       0xda c:/program files/stm32cubeide_1.8.0/stm32cubeide/plugins/com.st.stm32cube.ide.mcu.externaltools.gnu-tools-for-stm32.9-2020-q2-update.win32_2.0.0.202105311346/tools/bin/../lib/gcc/arm-none-eabi/9.3.1/../../../../arm-none-eabi/lib/thumb/v7e-m+fp/hard\libc_nano.a(lib_a-nano-vfprintf_i.o)
                0x00000000080045a4                _printf_common
 *fill*         0x000000000800467e        0x2 
 .text._printf_i
                0x0000000008004680      0x24c c:/program files/stm32cubeide_1.8.0/stm32cubeide/plugins/com.st.stm32cube.ide.mcu.externaltools.gnu-tools-for-stm32.9-2020-q2-update.win32_2.0.0.202105311346/tools/bin/../lib/gcc/arm-none-eabi/9.3.1/../../../../arm-none-eabi/lib/thumb/v7e-m+fp/hard\libc_nano.a(lib_a-nano-vfprintf_i.o)
                0x0000000008004680                _printf_i
 .text.memcpy   0x00000000080048cc       0x1c c:/program files/stm32cubeide_1.8.0/stm32cubeide/plugins/com.st.stm32cube.ide.mcu.externaltools.gnu-tools-for-stm32.9-2020-q2-update.win32_2.0.0.202105311346/tools/bin/../lib/gcc/arm-none-eabi/9.3.1/../../../../arm-none-eabi/lib/thumb/v7e-m+fp/hard\libc_nano.a(lib_a-memcpy-stub.o)
                0x00000000080048cc                memcpy
 .text.memmove  0x00000000080048e8       0x34 c:/program files/stm32cubeide_1.8.0/stm32cubeide/plugins/com.st.stm32cube.ide.mcu.externaltools.gnu-tools-for-stm32.9-2020-q2-update.win32_2.0.0.202105311346/tools/bin/../lib/gcc/arm-none-eabi/9.3.1/../../../../arm-none-eabi/lib/thumb/v7e-m+fp/hard\libc_nano.a(lib_a-memmove.o)
                0x00000000080048e8                memmove
 .text._free_r  0x000000000800491c       0xa0 c:/program files/stm32cubeide_1.8.0/stm32cubeide/plugins/com.st.stm32cube.ide.mcu.externaltools.gnu-tools-for-stm32.9-2020-q2-update.win32_2.0.0.202105311346/tools/bin/../lib/gcc/arm-none-eabi/9.3.1/../../../../arm-none-eabi/lib/thumb/v7e-m+fp/hard\libc_nano.a(lib_a-nano-freer.o)
                0x000000000800491c                _free_r
 .text._malloc_r
                0x00000000080049bc       0xb4 c:/program files/stm32cubeide_1.8.0/stm32cubeide/plugins/com.st.stm32cube.ide.mcu.externaltools.gnu-tools-for-stm32.9-2020-q2-update.win32_2.0.0.202105311346/tools/bin/../lib/gcc/arm-none-eabi/9.3.1/../../../../arm-none-eabi/lib/thumb/v7e-m+fp/hard\libc_nano.a(lib_a-nano-mallocr.o)
                0x00000000080049bc                _malloc_r
 .text._realloc_r
                0x0000000008004a70       0x4c c:/program files/stm32cubeide_1.8.0/stm32cubeide/plugins/com.st.stm32cube.ide.mcu.externaltools.gnu-tools-for-stm32.9-2020-q2-update.win32_2.0.0.202105311346/tools/bin/../lib/gcc/arm-none-eabi/9.3.1/../../../../arm-none-eabi/lib/thumb/v7e-m+fp/hard\libc_nano.a(lib_a-nano-reallocr.o)
                0x0000000008004a70                _realloc_r
 .text._sbrk_r  0x0000000008004abc       0x20 c:/program files/stm32cubeide_1.8.0/stm32cubeide/plugins/com.st.stm32cube.ide.mcu.externaltools.gnu-tools-for-stm32.9-2020-q2-update.win32_2.0.0.202105311346/tools/bin/../lib/gcc/arm-none-eabi/9.3.1/../../../../arm-none-eabi/lib/thumb/v7e-m+fp/hard\libc_nano.a(lib_a-sbrkr.o)
                0x0000000008004abc                _sbrk_r
 .text.__malloc_lock
                0x0000000008004adc        0xc c:/program files/stm32cubeide_1.8.0/stm32cubeide/plugins/com.st.stm32cube.ide.mcu.externaltools.gnu-tools-for-stm32.9-2020-q2-update.win32_2.0.0.202105311346/tools/bin/../lib/gcc/arm-none-eabi/9.3.1/../../../../arm-none-eabi/lib/thumb/v7e-m+fp/hard\libc_nano.a(lib_a-mlock.o)
                0x0000000008004adc                __malloc_lock
 .text.__malloc_unlock
                0x0000000008004ae8        0xc c:/program files/stm32cubeide_1.8.0/stm32cubeide/plugins/com.st.stm32cube.ide.mcu.externaltools.gnu-tools-for-stm32.9-2020-q2-update.win32_2.0.0.202105311346/tools/bin/../lib/gcc/arm-none-eabi/9.3.1/../../../../arm-none-eabi/lib/thumb/v7e-m+fp/hard\libc_nano.a(lib_a-mlock.o)
                0x0000000008004ae8                __malloc_unlock
 .text._malloc_usable_size_r
                0x0000000008004af4       0x10 c:/program files/stm32cubeide_1.8.0/stm32cubeide/plugins/com.st.stm32cube.ide.mcu.externaltools.gnu-tools-for-stm32.9-2020-q2-update.win32_2.0.0.202105311346/tools/bin/../lib/gcc/arm-none-eabi/9.3.1/../../../../arm-none-eabi/lib/thumb/v7e-m+fp/hard\libc_nano.a(lib_a-nano-msizer.o)
                0x0000000008004af4                _malloc_usable_size_r
 .text.__retarget_lock_acquire_recursive
                0x0000000008004b04        0x2 c:/program files/stm32cubeide_1.8.0/stm32cubeide/plugins/com.st.stm32cube.ide.mcu.externaltools.gnu-tools-for-stm32.9-2020-q2-update.win32_2.0.0.202105311346/tools/bin/../lib/gcc/arm-none-eabi/9.3.1/../../../../arm-none-eabi/lib/thumb/v7e-m+fp/hard\libc_nano.a(lib_a-lock.o)
                0x0000000008004b04                __retarget_lock_acquire_recursive
 .text.__retarget_lock_release_recursive
                0x0000000008004b06        0x2 c:/program files/stm32cubeide_1.8.0/stm32cubeide/plugins/com.st.stm32cube.ide.mcu.externaltools.gnu-tools-for-stm32.9-2020-q2-update.win32_2.0.0.202105311346/tools/bin/../lib/gcc/arm-none-eabi/9.3.1/../../../../arm-none-eabi/lib/thumb/v7e-m+fp/hard\libc_nano.a(lib_a-lock.o)
                0x0000000008004b06                __retarget_lock_release_recursive
 *(.glue_7)
 .glue_7        0x0000000008004b08        0x0 linker stubs
 *(.glue_7t)
 .glue_7t       0x0000000008004b08        0x0 linker stubs
 *(.eh_frame)
 .eh_frame      0x0000000008004b08        0x0 c:/program files/stm32cubeide_1.8.0/stm32cubeide/plugins/com.st.stm32cube.ide.mcu.externaltools.gnu-tools-for-stm32.9-2020-q2-update.win32_2.0.0.202105311346/tools/bin/../lib/gcc/arm-none-eabi/9.3.1/thumb/v7e-m+fp/hard/crtbegin.o
 *(.init)
 .init          0x0000000008004b08        0x4 c:/program files/stm32cubeide_1.8.0/stm32cubeide/plugins/com.st.stm32cube.ide.mcu.externaltools.gnu-tools-for-stm32.9-2020-q2-update.win32_2.0.0.202105311346/tools/bin/../lib/gcc/arm-none-eabi/9.3.1/thumb/v7e-m+fp/hard/crti.o
                0x0000000008004b08                _init
 .init          0x0000000008004b0c        0x8 c:/program files/stm32cubeide_1.8.0/stm32cubeide/plugins/com.st.stm32cube.ide.mcu.externaltools.gnu-tools-for-stm32.9-2020-q2-update.win32_2.0.0.202105311346/tools/bin/../lib/gcc/arm-none-eabi/9.3.1/thumb/v7e-m+fp/hard/crtn.o
 *(.fini)
 .fini          0x0000000008004b14        0x4 c:/program files/stm32cubeide_1.8.0/stm32cubeide/plugins/com.st.stm32cube.ide.mcu.externaltools.gnu-tools-for-stm32.9-2020-q2-update.win32_2.0.0.202105311346/tools/bin/../lib/gcc/arm-none-eabi/9.3.1/thumb/v7e-m+fp/hard/crti.o
                0x0000000008004b14                _fini
 .fini          0x0000000008004b18        0x8 c:/program files/stm32cubeide_1.8.0/stm32cubeide/plugins/com.st.stm32cube.ide.mcu.externaltools.gnu-tools-for-stm32.9-2020-q2-update.win32_2.0.0.202105311346/tools/bin/../lib/gcc/arm-none-eabi/9.3.1/thumb/v7e-m+fp/hard/crtn.o
                0x0000000008004b20                . = ALIGN (0x4)
                0x0000000008004b20                _etext = .

.vfp11_veneer   0x0000000008004b20        0x0
 .vfp11_veneer  0x0000000008004b20        0x0 linker stubs

.v4_bx          0x0000000008004b20        0x0
 .v4_bx         0x0000000008004b20        0x0 linker stubs

.iplt           0x0000000008004b20        0x0
 .iplt          0x0000000008004b20        0x0 c:/program files/stm32cubeide_1.8.0/stm32cubeide/plugins/com.st.stm32cube.ide.mcu.externaltools.gnu-tools-for-stm32.9-2020-q2-update.win32_2.0.0.202105311346/tools/bin/../lib/gcc/arm-none-eabi/9.3.1/thumb/v7e-m+fp/hard/crtbegin.o

.rodata         0x0000000008004b20      0x11c
                0x0000000008004b20                . = ALIGN (0x4)
 *(.rodata)
 *(.rodata*)
 .rodata.can_ids_array
                0x0000000008004b20       0x10 ./Application/User/Core/can_app.o
 .rodata.PANTALLA_Process.str1.1
                0x0000000008004b30       0x38 ./Application/User/Core/pantalla.o
 .rodata.PANTALLA_API_SendtoGauge.str1.1
                0x0000000008004b68        0x6 ./Application/User/Core/pantalla_api.o
 .rodata.PANTALLA_API_SendtoTxt.str1.1
                0x0000000008004b6e       0x4e ./Application/User/Core/pantalla_api.o
 .rodata.PANTALLA_API_SendtoImage.str1.1
                0x0000000008004bbc       0x19 ./Application/User/Core/pantalla_api.o
                                         0x2a (size before relaxing)
 *fill*         0x0000000008004bd5        0x1 
 .rodata.LED_PIN
                0x0000000008004bd6        0x6 ./Drivers/BSP/STM32F4xx-Perifericos/stm32f4xx_perifericos.o
 .rodata.LED_PORT
                0x0000000008004bdc        0xc ./Drivers/BSP/STM32F4xx-Perifericos/stm32f4xx_perifericos.o
 .rodata.AHBPrescTable
                0x0000000008004be8       0x10 ./Drivers/CMSIS/system_stm32f4xx.o
                0x0000000008004be8                AHBPrescTable
 .rodata.APBPrescTable
                0x0000000008004bf8        0x8 ./Drivers/CMSIS/system_stm32f4xx.o
                0x0000000008004bf8                APBPrescTable
 .rodata.flagBitshiftOffset.9018
                0x0000000008004c00        0x8 ./Drivers/STM32F4xx_HAL_Driver/stm32f4xx_hal_dma.o
 .rodata._svfprintf_r.str1.1
                0x0000000008004c08       0x11 c:/program files/stm32cubeide_1.8.0/stm32cubeide/plugins/com.st.stm32cube.ide.mcu.externaltools.gnu-tools-for-stm32.9-2020-q2-update.win32_2.0.0.202105311346/tools/bin/../lib/gcc/arm-none-eabi/9.3.1/../../../../arm-none-eabi/lib/thumb/v7e-m+fp/hard\libc_nano.a(lib_a-nano-svfprintf.o)
 .rodata._printf_i.str1.1
                0x0000000008004c19       0x22 c:/program files/stm32cubeide_1.8.0/stm32cubeide/plugins/com.st.stm32cube.ide.mcu.externaltools.gnu-tools-for-stm32.9-2020-q2-update.win32_2.0.0.202105311346/tools/bin/../lib/gcc/arm-none-eabi/9.3.1/../../../../arm-none-eabi/lib/thumb/v7e-m+fp/hard\libc_nano.a(lib_a-nano-vfprintf_i.o)
                0x0000000008004c3c                . = ALIGN (0x4)
 *fill*         0x0000000008004c3b        0x1 

.ARM.extab      0x0000000008004c3c        0x0
                0x0000000008004c3c                . = ALIGN (0x4)
 *(.ARM.extab* .gnu.linkonce.armextab.*)
                0x0000000008004c3c                . = ALIGN (0x4)

.ARM            0x0000000008004c3c        0x8
                0x0000000008004c3c                . = ALIGN (0x4)
                0x0000000008004c3c                __exidx_start = .
 *(.ARM.exidx*)
 .ARM.exidx     0x0000000008004c3c        0x8 c:/program files/stm32cubeide_1.8.0/stm32cubeide/plugins/com.st.stm32cube.ide.mcu.externaltools.gnu-tools-for-stm32.9-2020-q2-update.win32_2.0.0.202105311346/tools/bin/../lib/gcc/arm-none-eabi/9.3.1/thumb/v7e-m+fp/hard\libgcc.a(_udivmoddi4.o)
                0x0000000008004c44                __exidx_end = .
                0x0000000008004c44                . = ALIGN (0x4)

.rel.dyn        0x0000000008004c44        0x0
 .rel.iplt      0x0000000008004c44        0x0 c:/program files/stm32cubeide_1.8.0/stm32cubeide/plugins/com.st.stm32cube.ide.mcu.externaltools.gnu-tools-for-stm32.9-2020-q2-update.win32_2.0.0.202105311346/tools/bin/../lib/gcc/arm-none-eabi/9.3.1/thumb/v7e-m+fp/hard/crtbegin.o

.preinit_array  0x0000000008004c44        0x0
                0x0000000008004c44                . = ALIGN (0x4)
                0x0000000008004c44                PROVIDE (__preinit_array_start = .)
 *(.preinit_array*)
                0x0000000008004c44                PROVIDE (__preinit_array_end = .)
                0x0000000008004c44                . = ALIGN (0x4)

.init_array     0x0000000008004c44        0x4
                0x0000000008004c44                . = ALIGN (0x4)
                0x0000000008004c44                PROVIDE (__init_array_start = .)
 *(SORT_BY_NAME(.init_array.*))
 *(.init_array*)
 .init_array    0x0000000008004c44        0x4 c:/program files/stm32cubeide_1.8.0/stm32cubeide/plugins/com.st.stm32cube.ide.mcu.externaltools.gnu-tools-for-stm32.9-2020-q2-update.win32_2.0.0.202105311346/tools/bin/../lib/gcc/arm-none-eabi/9.3.1/thumb/v7e-m+fp/hard/crtbegin.o
                0x0000000008004c48                PROVIDE (__init_array_end = .)
                0x0000000008004c48                . = ALIGN (0x4)

.fini_array     0x0000000008004c48        0x4
                0x0000000008004c48                . = ALIGN (0x4)
                [!provide]                        PROVIDE (__fini_array_start = .)
 *(SORT_BY_NAME(.fini_array.*))
 *(.fini_array*)
 .fini_array    0x0000000008004c48        0x4 c:/program files/stm32cubeide_1.8.0/stm32cubeide/plugins/com.st.stm32cube.ide.mcu.externaltools.gnu-tools-for-stm32.9-2020-q2-update.win32_2.0.0.202105311346/tools/bin/../lib/gcc/arm-none-eabi/9.3.1/thumb/v7e-m+fp/hard/crtbegin.o
                [!provide]                        PROVIDE (__fini_array_end = .)
                0x0000000008004c4c                . = ALIGN (0x4)
                0x0000000008004c4c                _sidata = LOADADDR (.data)

.data           0x0000000020000000       0xc0 load address 0x0000000008004c4c
                0x0000000020000000                . = ALIGN (0x4)
                0x0000000020000000                _sdata = .
 *(.data)
 *(.data*)
 .data.bus_can_input
                0x0000000020000000        0x8 ./Application/User/Core/buses.o
                0x0000000020000000                bus_can_input
 .data.bus_can_output
                0x0000000020000008        0x4 ./Application/User/Core/buses.o
                0x0000000020000008                bus_can_output
 .data.bus_data
                0x000000002000000c       0x2c ./Application/User/Core/buses.o
                0x000000002000000c                bus_data
 .data.flag_rx_can
                0x0000000020000038        0x1 ./Application/User/Core/can_hw.o
                0x0000000020000038                flag_rx_can
 *fill*         0x0000000020000039        0x3 
 .data.Rx_Bms   0x000000002000003c        0x4 ./Application/User/Core/decode_data.o
                0x000000002000003c                Rx_Bms
 .data.Rx_Control
                0x0000000020000040        0x4 ./Application/User/Core/decode_data.o
                0x0000000020000040                Rx_Control
 .data.Rx_Inversor
                0x0000000020000044        0x4 ./Application/User/Core/decode_data.o
                0x0000000020000044                Rx_Inversor
 .data.flag_decodificar
                0x0000000020000048        0x1 ./Application/User/Core/decode_data.o
                0x0000000020000048                flag_decodificar
 .data.Cmd_End  0x0000000020000049        0x3 ./Application/User/Core/pantalla_api.o
                0x0000000020000049                Cmd_End
 .data.flag_adc
                0x000000002000004c        0x1 ./Application/User/Core/pedal_hw.o
                0x000000002000004c                flag_adc
 *fill*         0x000000002000004d        0x3 
 .data.SystemCoreClock
                0x0000000020000050        0x4 ./Drivers/CMSIS/system_stm32f4xx.o
                0x0000000020000050                SystemCoreClock
 .data.uwTickFreq
                0x0000000020000054        0x1 ./Drivers/STM32F4xx_HAL_Driver/stm32f4xx_hal.o
                0x0000000020000054                uwTickFreq
 *fill*         0x0000000020000055        0x3 
 .data.uwTickPrio
                0x0000000020000058        0x4 ./Drivers/STM32F4xx_HAL_Driver/stm32f4xx_hal.o
                0x0000000020000058                uwTickPrio
 .data._impure_ptr
                0x000000002000005c        0x4 c:/program files/stm32cubeide_1.8.0/stm32cubeide/plugins/com.st.stm32cube.ide.mcu.externaltools.gnu-tools-for-stm32.9-2020-q2-update.win32_2.0.0.202105311346/tools/bin/../lib/gcc/arm-none-eabi/9.3.1/../../../../arm-none-eabi/lib/thumb/v7e-m+fp/hard\libc_nano.a(lib_a-impure.o)
                0x000000002000005c                _impure_ptr
 .data.impure_data
                0x0000000020000060       0x60 c:/program files/stm32cubeide_1.8.0/stm32cubeide/plugins/com.st.stm32cube.ide.mcu.externaltools.gnu-tools-for-stm32.9-2020-q2-update.win32_2.0.0.202105311346/tools/bin/../lib/gcc/arm-none-eabi/9.3.1/../../../../arm-none-eabi/lib/thumb/v7e-m+fp/hard\libc_nano.a(lib_a-impure.o)
 *(.RamFunc)
 *(.RamFunc*)
                0x00000000200000c0                . = ALIGN (0x4)
                0x00000000200000c0                _edata = .

.igot.plt       0x00000000200000c0        0x0 load address 0x0000000008004d0c
 .igot.plt      0x00000000200000c0        0x0 c:/program files/stm32cubeide_1.8.0/stm32cubeide/plugins/com.st.stm32cube.ide.mcu.externaltools.gnu-tools-for-stm32.9-2020-q2-update.win32_2.0.0.202105311346/tools/bin/../lib/gcc/arm-none-eabi/9.3.1/thumb/v7e-m+fp/hard/crtbegin.o
                0x00000000200000c0                . = ALIGN (0x4)

.bss            0x00000000200000c0      0x2d0 load address 0x0000000008004d0c
                0x00000000200000c0                _sbss = .
                0x00000000200000c0                __bss_start__ = _sbss
 *(.bss)
 .bss           0x00000000200000c0       0x1c c:/program files/stm32cubeide_1.8.0/stm32cubeide/plugins/com.st.stm32cube.ide.mcu.externaltools.gnu-tools-for-stm32.9-2020-q2-update.win32_2.0.0.202105311346/tools/bin/../lib/gcc/arm-none-eabi/9.3.1/thumb/v7e-m+fp/hard/crtbegin.o
 *(.bss*)
 .bss.app_state
                0x00000000200000dc        0x1 ./Application/User/Core/app_perifericos.o
 *fill*         0x00000000200000dd        0x3 
 .bss.blink_tickstart
                0x00000000200000e0        0x4 ./Application/User/Core/app_perifericos.o
 .bss.can_values_array
                0x00000000200000e4        0x4 ./Application/User/Core/can_app.o
 .bss.flag_tx_can
                0x00000000200000e8        0x1 ./Application/User/Core/can_hw.o
                0x00000000200000e8                flag_tx_can
 *fill*         0x00000000200000e9        0x3 
 .bss.value     0x00000000200000ec        0x4 ./Application/User/Core/pantalla.o
                0x00000000200000ec                value
 .bss.__sbrk_heap_end
                0x00000000200000f0        0x4 ./Application/User/Core/sysmem.o
 .bss.htim_buzzer
                0x00000000200000f4       0x48 ./Drivers/BSP/STM32F4xx-Perifericos/stm32f4xx_perifericos.o
 .bss.RxHeader  0x000000002000013c       0x1c ./Drivers/CAN_Driver/can_wrapper.o
 .bss.TxHeader  0x0000000020000158       0x18 ./Drivers/CAN_Driver/can_wrapper.o
 .bss.sFilterConfig
                0x0000000020000170       0x28 ./Drivers/CAN_Driver/can_wrapper.o
 .bss.__malloc_free_list
                0x0000000020000198        0x4 c:/program files/stm32cubeide_1.8.0/stm32cubeide/plugins/com.st.stm32cube.ide.mcu.externaltools.gnu-tools-for-stm32.9-2020-q2-update.win32_2.0.0.202105311346/tools/bin/../lib/gcc/arm-none-eabi/9.3.1/../../../../arm-none-eabi/lib/thumb/v7e-m+fp/hard\libc_nano.a(lib_a-nano-mallocr.o)
                0x0000000020000198                __malloc_free_list
 .bss.__malloc_sbrk_start
                0x000000002000019c        0x4 c:/program files/stm32cubeide_1.8.0/stm32cubeide/plugins/com.st.stm32cube.ide.mcu.externaltools.gnu-tools-for-stm32.9-2020-q2-update.win32_2.0.0.202105311346/tools/bin/../lib/gcc/arm-none-eabi/9.3.1/../../../../arm-none-eabi/lib/thumb/v7e-m+fp/hard\libc_nano.a(lib_a-nano-mallocr.o)
                0x000000002000019c                __malloc_sbrk_start
 *(COMMON)
 COMMON         0x00000000200001a0       0xa8 ./Application/User/Core/adc.o
                0x00000000200001a0                hadc1
                0x00000000200001e8                hdma_adc1
 COMMON         0x0000000020000248       0x28 ./Application/User/Core/can.o
                0x0000000020000248                hcan2
 COMMON         0x0000000020000270       0x20 ./Application/User/Core/can_hw.o
                0x0000000020000270                can_obj
 COMMON         0x0000000020000290        0x4 ./Application/User/Core/pantalla.o
                0x0000000020000290                tickstart
 COMMON         0x0000000020000294       0x14 ./Application/User/Core/pedal_hw.o
                0x0000000020000294                adc_buf
 COMMON         0x00000000200002a8       0x90 ./Application/User/Core/tim.o
                0x00000000200002a8                htim3
                0x00000000200002f0                htim7
 COMMON         0x0000000020000338       0x44 ./Application/User/Core/usart.o
                0x0000000020000338                huart6
 COMMON         0x000000002000037c        0x4 ./Drivers/STM32F4xx_HAL_Driver/stm32f4xx_hal.o
                0x000000002000037c                uwTick
 COMMON         0x0000000020000380        0x4 c:/program files/stm32cubeide_1.8.0/stm32cubeide/plugins/com.st.stm32cube.ide.mcu.externaltools.gnu-tools-for-stm32.9-2020-q2-update.win32_2.0.0.202105311346/tools/bin/../lib/gcc/arm-none-eabi/9.3.1/../../../../arm-none-eabi/lib/thumb/v7e-m+fp/hard\libc_nano.a(lib_a-reent.o)
                0x0000000020000380                errno
 COMMON         0x0000000020000384        0x9 c:/program files/stm32cubeide_1.8.0/stm32cubeide/plugins/com.st.stm32cube.ide.mcu.externaltools.gnu-tools-for-stm32.9-2020-q2-update.win32_2.0.0.202105311346/tools/bin/../lib/gcc/arm-none-eabi/9.3.1/../../../../arm-none-eabi/lib/thumb/v7e-m+fp/hard\libc_nano.a(lib_a-lock.o)
                0x0000000020000384                __lock___atexit_recursive_mutex
                0x0000000020000385                __lock___arc4random_mutex
                0x0000000020000386                __lock___env_recursive_mutex
                0x0000000020000387                __lock___sinit_recursive_mutex
                0x0000000020000388                __lock___malloc_recursive_mutex
                0x0000000020000389                __lock___at_quick_exit_mutex
                0x000000002000038a                __lock___dd_hash_mutex
                0x000000002000038b                __lock___tz_mutex
                0x000000002000038c                __lock___sfp_recursive_mutex
                0x0000000020000390                . = ALIGN (0x4)
 *fill*         0x000000002000038d        0x3 
                0x0000000020000390                _ebss = .
                0x0000000020000390                __bss_end__ = _ebss

._user_heap_stack
                0x0000000020000390      0x600 load address 0x0000000008004d0c
                0x0000000020000390                . = ALIGN (0x8)
                [!provide]                        PROVIDE (end = .)
                0x0000000020000390                PROVIDE (_end = .)
                0x0000000020000590                . = (. + _Min_Heap_Size)
 *fill*         0x0000000020000390      0x200 
                0x0000000020000990                . = (. + _Min_Stack_Size)
 *fill*         0x0000000020000590      0x400 
                0x0000000020000990                . = ALIGN (0x8)

/DISCARD/
 libc.a(*)
 libm.a(*)
 libgcc.a(*)

.ARM.attributes
                0x0000000000000000       0x30
 *(.ARM.attributes)
 .ARM.attributes
                0x0000000000000000       0x1e c:/program files/stm32cubeide_1.8.0/stm32cubeide/plugins/com.st.stm32cube.ide.mcu.externaltools.gnu-tools-for-stm32.9-2020-q2-update.win32_2.0.0.202105311346/tools/bin/../lib/gcc/arm-none-eabi/9.3.1/thumb/v7e-m+fp/hard/crti.o
 .ARM.attributes
                0x000000000000001e       0x34 c:/program files/stm32cubeide_1.8.0/stm32cubeide/plugins/com.st.stm32cube.ide.mcu.externaltools.gnu-tools-for-stm32.9-2020-q2-update.win32_2.0.0.202105311346/tools/bin/../lib/gcc/arm-none-eabi/9.3.1/thumb/v7e-m+fp/hard/crtbegin.o
 .ARM.attributes
                0x0000000000000052       0x34 ./Application/User/Core/adc.o
 .ARM.attributes
                0x0000000000000086       0x34 ./Application/User/Core/app_perifericos.o
 .ARM.attributes
                0x00000000000000ba       0x34 ./Application/User/Core/botones.o
 .ARM.attributes
                0x00000000000000ee       0x34 ./Application/User/Core/botones_hw.o
 .ARM.attributes
                0x0000000000000122       0x39 ./Application/User/Core/buses.o
 .ARM.attributes
                0x000000000000015b       0x34 ./Application/User/Core/can.o
 .ARM.attributes
                0x000000000000018f       0x34 ./Application/User/Core/can_app.o
 .ARM.attributes
                0x00000000000001c3       0x34 ./Application/User/Core/can_hw.o
 .ARM.attributes
                0x00000000000001f7       0x34 ./Application/User/Core/decode_data.o
 .ARM.attributes
                0x000000000000022b       0x34 ./Application/User/Core/dma.o
 .ARM.attributes
                0x000000000000025f       0x34 ./Application/User/Core/gpio.o
 .ARM.attributes
                0x0000000000000293       0x34 ./Application/User/Core/indicators.o
 .ARM.attributes
                0x00000000000002c7       0x34 ./Application/User/Core/main.o
 .ARM.attributes
                0x00000000000002fb       0x34 ./Application/User/Core/pantalla.o
 .ARM.attributes
                0x000000000000032f       0x34 ./Application/User/Core/pantalla_api.o
 .ARM.attributes
                0x0000000000000363       0x34 ./Application/User/Core/pantalla_hw.o
 .ARM.attributes
                0x0000000000000397       0x34 ./Application/User/Core/pedal.o
 .ARM.attributes
                0x00000000000003cb       0x34 ./Application/User/Core/pedal_hw.o
 .ARM.attributes
                0x00000000000003ff       0x34 ./Application/User/Core/stm32f4xx_hal_msp.o
 .ARM.attributes
                0x0000000000000433       0x34 ./Application/User/Core/stm32f4xx_it.o
 .ARM.attributes
                0x0000000000000467       0x34 ./Application/User/Core/sysmem.o
 .ARM.attributes
                0x000000000000049b       0x34 ./Application/User/Core/tim.o
 .ARM.attributes
                0x00000000000004cf       0x34 ./Application/User/Core/usart.o
 .ARM.attributes
                0x0000000000000503       0x21 ./Application/User/Startup/startup_stm32f446vetx.o
 .ARM.attributes
                0x0000000000000524       0x34 ./Drivers/BSP/STM32F4xx-Perifericos/stm32f4xx_perifericos.o
 .ARM.attributes
                0x0000000000000558       0x34 ./Drivers/CAN_Driver/can_api.o
 .ARM.attributes
                0x000000000000058c       0x34 ./Drivers/CAN_Driver/can_wrapper.o
 .ARM.attributes
                0x00000000000005c0       0x34 ./Drivers/CMSIS/system_stm32f4xx.o
 .ARM.attributes
                0x00000000000005f4       0x34 ./Drivers/STM32F4xx_HAL_Driver/stm32f4xx_hal.o
 .ARM.attributes
                0x0000000000000628       0x34 ./Drivers/STM32F4xx_HAL_Driver/stm32f4xx_hal_adc.o
 .ARM.attributes
                0x000000000000065c       0x34 ./Drivers/STM32F4xx_HAL_Driver/stm32f4xx_hal_adc_ex.o
 .ARM.attributes
                0x0000000000000690       0x34 ./Drivers/STM32F4xx_HAL_Driver/stm32f4xx_hal_can.o
 .ARM.attributes
                0x00000000000006c4       0x34 ./Drivers/STM32F4xx_HAL_Driver/stm32f4xx_hal_cortex.o
 .ARM.attributes
                0x00000000000006f8       0x34 ./Drivers/STM32F4xx_HAL_Driver/stm32f4xx_hal_dma.o
 .ARM.attributes
                0x000000000000072c       0x34 ./Drivers/STM32F4xx_HAL_Driver/stm32f4xx_hal_gpio.o
 .ARM.attributes
                0x0000000000000760       0x34 ./Drivers/STM32F4xx_HAL_Driver/stm32f4xx_hal_rcc.o
 .ARM.attributes
                0x0000000000000794       0x34 ./Drivers/STM32F4xx_HAL_Driver/stm32f4xx_hal_rcc_ex.o
 .ARM.attributes
                0x00000000000007c8       0x34 ./Drivers/STM32F4xx_HAL_Driver/stm32f4xx_hal_tim.o
 .ARM.attributes
                0x00000000000007fc       0x34 ./Drivers/STM32F4xx_HAL_Driver/stm32f4xx_hal_tim_ex.o
 .ARM.attributes
                0x0000000000000830       0x34 ./Drivers/STM32F4xx_HAL_Driver/stm32f4xx_hal_uart.o
 .ARM.attributes
                0x0000000000000864       0x34 c:/program files/stm32cubeide_1.8.0/stm32cubeide/plugins/com.st.stm32cube.ide.mcu.externaltools.gnu-tools-for-stm32.9-2020-q2-update.win32_2.0.0.202105311346/tools/bin/../lib/gcc/arm-none-eabi/9.3.1/../../../../arm-none-eabi/lib/thumb/v7e-m+fp/hard\libc_nano.a(lib_a-errno.o)
 .ARM.attributes
                0x0000000000000898       0x32 c:/program files/stm32cubeide_1.8.0/stm32cubeide/plugins/com.st.stm32cube.ide.mcu.externaltools.gnu-tools-for-stm32.9-2020-q2-update.win32_2.0.0.202105311346/tools/bin/../lib/gcc/arm-none-eabi/9.3.1/../../../../arm-none-eabi/lib/thumb/v7e-m+fp/hard\libc_nano.a(lib_a-impure.o)
 .ARM.attributes
                0x00000000000008ca       0x34 c:/program files/stm32cubeide_1.8.0/stm32cubeide/plugins/com.st.stm32cube.ide.mcu.externaltools.gnu-tools-for-stm32.9-2020-q2-update.win32_2.0.0.202105311346/tools/bin/../lib/gcc/arm-none-eabi/9.3.1/../../../../arm-none-eabi/lib/thumb/v7e-m+fp/hard\libc_nano.a(lib_a-init.o)
 .ARM.attributes
                0x00000000000008fe       0x34 c:/program files/stm32cubeide_1.8.0/stm32cubeide/plugins/com.st.stm32cube.ide.mcu.externaltools.gnu-tools-for-stm32.9-2020-q2-update.win32_2.0.0.202105311346/tools/bin/../lib/gcc/arm-none-eabi/9.3.1/../../../../arm-none-eabi/lib/thumb/v7e-m+fp/hard\libc_nano.a(lib_a-memset.o)
 .ARM.attributes
                0x0000000000000932       0x34 c:/program files/stm32cubeide_1.8.0/stm32cubeide/plugins/com.st.stm32cube.ide.mcu.externaltools.gnu-tools-for-stm32.9-2020-q2-update.win32_2.0.0.202105311346/tools/bin/../lib/gcc/arm-none-eabi/9.3.1/../../../../arm-none-eabi/lib/thumb/v7e-m+fp/hard\libc_nano.a(lib_a-sprintf.o)
 .ARM.attributes
                0x0000000000000966       0x1c c:/program files/stm32cubeide_1.8.0/stm32cubeide/plugins/com.st.stm32cube.ide.mcu.externaltools.gnu-tools-for-stm32.9-2020-q2-update.win32_2.0.0.202105311346/tools/bin/../lib/gcc/arm-none-eabi/9.3.1/../../../../arm-none-eabi/lib/thumb/v7e-m+fp/hard\libc_nano.a(lib_a-strcmp.o)
 .ARM.attributes
                0x0000000000000982       0x34 c:/program files/stm32cubeide_1.8.0/stm32cubeide/plugins/com.st.stm32cube.ide.mcu.externaltools.gnu-tools-for-stm32.9-2020-q2-update.win32_2.0.0.202105311346/tools/bin/../lib/gcc/arm-none-eabi/9.3.1/../../../../arm-none-eabi/lib/thumb/v7e-m+fp/hard\libc_nano.a(lib_a-nano-svfprintf.o)
 .ARM.attributes
                0x00000000000009b6       0x34 c:/program files/stm32cubeide_1.8.0/stm32cubeide/plugins/com.st.stm32cube.ide.mcu.externaltools.gnu-tools-for-stm32.9-2020-q2-update.win32_2.0.0.202105311346/tools/bin/../lib/gcc/arm-none-eabi/9.3.1/../../../../arm-none-eabi/lib/thumb/v7e-m+fp/hard\libc_nano.a(lib_a-nano-vfprintf_i.o)
 .ARM.attributes
                0x00000000000009ea       0x1c c:/program files/stm32cubeide_1.8.0/stm32cubeide/plugins/com.st.stm32cube.ide.mcu.externaltools.gnu-tools-for-stm32.9-2020-q2-update.win32_2.0.0.202105311346/tools/bin/../lib/gcc/arm-none-eabi/9.3.1/../../../../arm-none-eabi/lib/thumb/v7e-m+fp/hard\libc_nano.a(lib_a-memchr.o)
 .ARM.attributes
                0x0000000000000a06       0x34 c:/program files/stm32cubeide_1.8.0/stm32cubeide/plugins/com.st.stm32cube.ide.mcu.externaltools.gnu-tools-for-stm32.9-2020-q2-update.win32_2.0.0.202105311346/tools/bin/../lib/gcc/arm-none-eabi/9.3.1/../../../../arm-none-eabi/lib/thumb/v7e-m+fp/hard\libc_nano.a(lib_a-memcpy-stub.o)
 .ARM.attributes
                0x0000000000000a3a       0x34 c:/program files/stm32cubeide_1.8.0/stm32cubeide/plugins/com.st.stm32cube.ide.mcu.externaltools.gnu-tools-for-stm32.9-2020-q2-update.win32_2.0.0.202105311346/tools/bin/../lib/gcc/arm-none-eabi/9.3.1/../../../../arm-none-eabi/lib/thumb/v7e-m+fp/hard\libc_nano.a(lib_a-memmove.o)
 .ARM.attributes
                0x0000000000000a6e       0x34 c:/program files/stm32cubeide_1.8.0/stm32cubeide/plugins/com.st.stm32cube.ide.mcu.externaltools.gnu-tools-for-stm32.9-2020-q2-update.win32_2.0.0.202105311346/tools/bin/../lib/gcc/arm-none-eabi/9.3.1/../../../../arm-none-eabi/lib/thumb/v7e-m+fp/hard\libc_nano.a(lib_a-nano-freer.o)
 .ARM.attributes
                0x0000000000000aa2       0x34 c:/program files/stm32cubeide_1.8.0/stm32cubeide/plugins/com.st.stm32cube.ide.mcu.externaltools.gnu-tools-for-stm32.9-2020-q2-update.win32_2.0.0.202105311346/tools/bin/../lib/gcc/arm-none-eabi/9.3.1/../../../../arm-none-eabi/lib/thumb/v7e-m+fp/hard\libc_nano.a(lib_a-nano-mallocr.o)
 .ARM.attributes
                0x0000000000000ad6       0x34 c:/program files/stm32cubeide_1.8.0/stm32cubeide/plugins/com.st.stm32cube.ide.mcu.externaltools.gnu-tools-for-stm32.9-2020-q2-update.win32_2.0.0.202105311346/tools/bin/../lib/gcc/arm-none-eabi/9.3.1/../../../../arm-none-eabi/lib/thumb/v7e-m+fp/hard\libc_nano.a(lib_a-nano-reallocr.o)
 .ARM.attributes
                0x0000000000000b0a       0x34 c:/program files/stm32cubeide_1.8.0/stm32cubeide/plugins/com.st.stm32cube.ide.mcu.externaltools.gnu-tools-for-stm32.9-2020-q2-update.win32_2.0.0.202105311346/tools/bin/../lib/gcc/arm-none-eabi/9.3.1/../../../../arm-none-eabi/lib/thumb/v7e-m+fp/hard\libc_nano.a(lib_a-sbrkr.o)
 .ARM.attributes
                0x0000000000000b3e       0x34 c:/program files/stm32cubeide_1.8.0/stm32cubeide/plugins/com.st.stm32cube.ide.mcu.externaltools.gnu-tools-for-stm32.9-2020-q2-update.win32_2.0.0.202105311346/tools/bin/../lib/gcc/arm-none-eabi/9.3.1/../../../../arm-none-eabi/lib/thumb/v7e-m+fp/hard\libc_nano.a(lib_a-mlock.o)
 .ARM.attributes
                0x0000000000000b72       0x34 c:/program files/stm32cubeide_1.8.0/stm32cubeide/plugins/com.st.stm32cube.ide.mcu.externaltools.gnu-tools-for-stm32.9-2020-q2-update.win32_2.0.0.202105311346/tools/bin/../lib/gcc/arm-none-eabi/9.3.1/../../../../arm-none-eabi/lib/thumb/v7e-m+fp/hard\libc_nano.a(lib_a-nano-msizer.o)
 .ARM.attributes
                0x0000000000000ba6       0x34 c:/program files/stm32cubeide_1.8.0/stm32cubeide/plugins/com.st.stm32cube.ide.mcu.externaltools.gnu-tools-for-stm32.9-2020-q2-update.win32_2.0.0.202105311346/tools/bin/../lib/gcc/arm-none-eabi/9.3.1/../../../../arm-none-eabi/lib/thumb/v7e-m+fp/hard\libc_nano.a(lib_a-reent.o)
 .ARM.attributes
                0x0000000000000bda       0x34 c:/program files/stm32cubeide_1.8.0/stm32cubeide/plugins/com.st.stm32cube.ide.mcu.externaltools.gnu-tools-for-stm32.9-2020-q2-update.win32_2.0.0.202105311346/tools/bin/../lib/gcc/arm-none-eabi/9.3.1/../../../../arm-none-eabi/lib/thumb/v7e-m+fp/hard\libc_nano.a(lib_a-lock.o)
 .ARM.attributes
                0x0000000000000c0e       0x1e c:/program files/stm32cubeide_1.8.0/stm32cubeide/plugins/com.st.stm32cube.ide.mcu.externaltools.gnu-tools-for-stm32.9-2020-q2-update.win32_2.0.0.202105311346/tools/bin/../lib/gcc/arm-none-eabi/9.3.1/thumb/v7e-m+fp/hard\libgcc.a(_arm_addsubdf3.o)
 .ARM.attributes
                0x0000000000000c2c       0x1e c:/program files/stm32cubeide_1.8.0/stm32cubeide/plugins/com.st.stm32cube.ide.mcu.externaltools.gnu-tools-for-stm32.9-2020-q2-update.win32_2.0.0.202105311346/tools/bin/../lib/gcc/arm-none-eabi/9.3.1/thumb/v7e-m+fp/hard\libgcc.a(_arm_muldivdf3.o)
 .ARM.attributes
                0x0000000000000c4a       0x1e c:/program files/stm32cubeide_1.8.0/stm32cubeide/plugins/com.st.stm32cube.ide.mcu.externaltools.gnu-tools-for-stm32.9-2020-q2-update.win32_2.0.0.202105311346/tools/bin/../lib/gcc/arm-none-eabi/9.3.1/thumb/v7e-m+fp/hard\libgcc.a(_arm_truncdfsf2.o)
 .ARM.attributes
                0x0000000000000c68       0x1e c:/program files/stm32cubeide_1.8.0/stm32cubeide/plugins/com.st.stm32cube.ide.mcu.externaltools.gnu-tools-for-stm32.9-2020-q2-update.win32_2.0.0.202105311346/tools/bin/../lib/gcc/arm-none-eabi/9.3.1/thumb/v7e-m+fp/hard\libgcc.a(_aeabi_uldivmod.o)
 .ARM.attributes
                0x0000000000000c86       0x34 c:/program files/stm32cubeide_1.8.0/stm32cubeide/plugins/com.st.stm32cube.ide.mcu.externaltools.gnu-tools-for-stm32.9-2020-q2-update.win32_2.0.0.202105311346/tools/bin/../lib/gcc/arm-none-eabi/9.3.1/thumb/v7e-m+fp/hard\libgcc.a(_udivmoddi4.o)
 .ARM.attributes
                0x0000000000000cba       0x1e c:/program files/stm32cubeide_1.8.0/stm32cubeide/plugins/com.st.stm32cube.ide.mcu.externaltools.gnu-tools-for-stm32.9-2020-q2-update.win32_2.0.0.202105311346/tools/bin/../lib/gcc/arm-none-eabi/9.3.1/thumb/v7e-m+fp/hard\libgcc.a(_dvmd_tls.o)
 .ARM.attributes
                0x0000000000000cd8       0x1e c:/program files/stm32cubeide_1.8.0/stm32cubeide/plugins/com.st.stm32cube.ide.mcu.externaltools.gnu-tools-for-stm32.9-2020-q2-update.win32_2.0.0.202105311346/tools/bin/../lib/gcc/arm-none-eabi/9.3.1/thumb/v7e-m+fp/hard/crtn.o
OUTPUT(Perifericos.elf elf32-littlearm)
LOAD linker stubs
LOAD c:/program files/stm32cubeide_1.8.0/stm32cubeide/plugins/com.st.stm32cube.ide.mcu.externaltools.gnu-tools-for-stm32.9-2020-q2-update.win32_2.0.0.202105311346/tools/bin/../lib/gcc/arm-none-eabi/9.3.1/../../../../arm-none-eabi/lib/thumb/v7e-m+fp/hard\libc.a
LOAD c:/program files/stm32cubeide_1.8.0/stm32cubeide/plugins/com.st.stm32cube.ide.mcu.externaltools.gnu-tools-for-stm32.9-2020-q2-update.win32_2.0.0.202105311346/tools/bin/../lib/gcc/arm-none-eabi/9.3.1/../../../../arm-none-eabi/lib/thumb/v7e-m+fp/hard\libm.a
LOAD c:/program files/stm32cubeide_1.8.0/stm32cubeide/plugins/com.st.stm32cube.ide.mcu.externaltools.gnu-tools-for-stm32.9-2020-q2-update.win32_2.0.0.202105311346/tools/bin/../lib/gcc/arm-none-eabi/9.3.1/thumb/v7e-m+fp/hard\libgcc.a

.comment        0x0000000000000000       0x53
 .comment       0x0000000000000000       0x53 ./Application/User/Core/adc.o
                                         0x54 (size before relaxing)
 .comment       0x0000000000000053       0x54 ./Application/User/Core/app_perifericos.o
 .comment       0x0000000000000053       0x54 ./Application/User/Core/botones.o
 .comment       0x0000000000000053       0x54 ./Application/User/Core/botones_hw.o
 .comment       0x0000000000000053       0x54 ./Application/User/Core/buses.o
 .comment       0x0000000000000053       0x54 ./Application/User/Core/can.o
 .comment       0x0000000000000053       0x54 ./Application/User/Core/can_app.o
 .comment       0x0000000000000053       0x54 ./Application/User/Core/can_hw.o
 .comment       0x0000000000000053       0x54 ./Application/User/Core/decode_data.o
 .comment       0x0000000000000053       0x54 ./Application/User/Core/dma.o
 .comment       0x0000000000000053       0x54 ./Application/User/Core/gpio.o
 .comment       0x0000000000000053       0x54 ./Application/User/Core/indicators.o
 .comment       0x0000000000000053       0x54 ./Application/User/Core/main.o
 .comment       0x0000000000000053       0x54 ./Application/User/Core/pantalla.o
 .comment       0x0000000000000053       0x54 ./Application/User/Core/pantalla_api.o
 .comment       0x0000000000000053       0x54 ./Application/User/Core/pantalla_hw.o
 .comment       0x0000000000000053       0x54 ./Application/User/Core/pedal.o
 .comment       0x0000000000000053       0x54 ./Application/User/Core/pedal_hw.o
 .comment       0x0000000000000053       0x54 ./Application/User/Core/stm32f4xx_hal_msp.o
 .comment       0x0000000000000053       0x54 ./Application/User/Core/stm32f4xx_it.o
 .comment       0x0000000000000053       0x54 ./Application/User/Core/sysmem.o
 .comment       0x0000000000000053       0x54 ./Application/User/Core/tim.o
 .comment       0x0000000000000053       0x54 ./Application/User/Core/usart.o
 .comment       0x0000000000000053       0x54 ./Drivers/BSP/STM32F4xx-Perifericos/stm32f4xx_perifericos.o
 .comment       0x0000000000000053       0x54 ./Drivers/CAN_Driver/can_api.o
 .comment       0x0000000000000053       0x54 ./Drivers/CAN_Driver/can_wrapper.o
 .comment       0x0000000000000053       0x54 ./Drivers/CMSIS/system_stm32f4xx.o
 .comment       0x0000000000000053       0x54 ./Drivers/STM32F4xx_HAL_Driver/stm32f4xx_hal.o
 .comment       0x0000000000000053       0x54 ./Drivers/STM32F4xx_HAL_Driver/stm32f4xx_hal_adc.o
 .comment       0x0000000000000053       0x54 ./Drivers/STM32F4xx_HAL_Driver/stm32f4xx_hal_adc_ex.o
 .comment       0x0000000000000053       0x54 ./Drivers/STM32F4xx_HAL_Driver/stm32f4xx_hal_can.o
 .comment       0x0000000000000053       0x54 ./Drivers/STM32F4xx_HAL_Driver/stm32f4xx_hal_cortex.o
 .comment       0x0000000000000053       0x54 ./Drivers/STM32F4xx_HAL_Driver/stm32f4xx_hal_dma.o
 .comment       0x0000000000000053       0x54 ./Drivers/STM32F4xx_HAL_Driver/stm32f4xx_hal_gpio.o
 .comment       0x0000000000000053       0x54 ./Drivers/STM32F4xx_HAL_Driver/stm32f4xx_hal_rcc.o
 .comment       0x0000000000000053       0x54 ./Drivers/STM32F4xx_HAL_Driver/stm32f4xx_hal_rcc_ex.o
 .comment       0x0000000000000053       0x54 ./Drivers/STM32F4xx_HAL_Driver/stm32f4xx_hal_tim.o
 .comment       0x0000000000000053       0x54 ./Drivers/STM32F4xx_HAL_Driver/stm32f4xx_hal_tim_ex.o
 .comment       0x0000000000000053       0x54 ./Drivers/STM32F4xx_HAL_Driver/stm32f4xx_hal_uart.o

.debug_frame    0x0000000000000000      0x5e4
 .debug_frame   0x0000000000000000       0x20 c:/program files/stm32cubeide_1.8.0/stm32cubeide/plugins/com.st.stm32cube.ide.mcu.externaltools.gnu-tools-for-stm32.9-2020-q2-update.win32_2.0.0.202105311346/tools/bin/../lib/gcc/arm-none-eabi/9.3.1/../../../../arm-none-eabi/lib/thumb/v7e-m+fp/hard\libc_nano.a(lib_a-errno.o)
 .debug_frame   0x0000000000000020       0x2c c:/program files/stm32cubeide_1.8.0/stm32cubeide/plugins/com.st.stm32cube.ide.mcu.externaltools.gnu-tools-for-stm32.9-2020-q2-update.win32_2.0.0.202105311346/tools/bin/../lib/gcc/arm-none-eabi/9.3.1/../../../../arm-none-eabi/lib/thumb/v7e-m+fp/hard\libc_nano.a(lib_a-init.o)
 .debug_frame   0x000000000000004c       0x20 c:/program files/stm32cubeide_1.8.0/stm32cubeide/plugins/com.st.stm32cube.ide.mcu.externaltools.gnu-tools-for-stm32.9-2020-q2-update.win32_2.0.0.202105311346/tools/bin/../lib/gcc/arm-none-eabi/9.3.1/../../../../arm-none-eabi/lib/thumb/v7e-m+fp/hard\libc_nano.a(lib_a-memset.o)
 .debug_frame   0x000000000000006c       0x6c c:/program files/stm32cubeide_1.8.0/stm32cubeide/plugins/com.st.stm32cube.ide.mcu.externaltools.gnu-tools-for-stm32.9-2020-q2-update.win32_2.0.0.202105311346/tools/bin/../lib/gcc/arm-none-eabi/9.3.1/../../../../arm-none-eabi/lib/thumb/v7e-m+fp/hard\libc_nano.a(lib_a-sprintf.o)
 .debug_frame   0x00000000000000d8       0x20 c:/program files/stm32cubeide_1.8.0/stm32cubeide/plugins/com.st.stm32cube.ide.mcu.externaltools.gnu-tools-for-stm32.9-2020-q2-update.win32_2.0.0.202105311346/tools/bin/../lib/gcc/arm-none-eabi/9.3.1/../../../../arm-none-eabi/lib/thumb/v7e-m+fp/hard\libc_nano.a(lib_a-strcmp.o)
 .debug_frame   0x00000000000000f8       0x90 c:/program files/stm32cubeide_1.8.0/stm32cubeide/plugins/com.st.stm32cube.ide.mcu.externaltools.gnu-tools-for-stm32.9-2020-q2-update.win32_2.0.0.202105311346/tools/bin/../lib/gcc/arm-none-eabi/9.3.1/../../../../arm-none-eabi/lib/thumb/v7e-m+fp/hard\libc_nano.a(lib_a-nano-svfprintf.o)
 .debug_frame   0x0000000000000188       0x60 c:/program files/stm32cubeide_1.8.0/stm32cubeide/plugins/com.st.stm32cube.ide.mcu.externaltools.gnu-tools-for-stm32.9-2020-q2-update.win32_2.0.0.202105311346/tools/bin/../lib/gcc/arm-none-eabi/9.3.1/../../../../arm-none-eabi/lib/thumb/v7e-m+fp/hard\libc_nano.a(lib_a-nano-vfprintf_i.o)
 .debug_frame   0x00000000000001e8       0x28 c:/program files/stm32cubeide_1.8.0/stm32cubeide/plugins/com.st.stm32cube.ide.mcu.externaltools.gnu-tools-for-stm32.9-2020-q2-update.win32_2.0.0.202105311346/tools/bin/../lib/gcc/arm-none-eabi/9.3.1/../../../../arm-none-eabi/lib/thumb/v7e-m+fp/hard\libc_nano.a(lib_a-memcpy-stub.o)
 .debug_frame   0x0000000000000210       0x28 c:/program files/stm32cubeide_1.8.0/stm32cubeide/plugins/com.st.stm32cube.ide.mcu.externaltools.gnu-tools-for-stm32.9-2020-q2-update.win32_2.0.0.202105311346/tools/bin/../lib/gcc/arm-none-eabi/9.3.1/../../../../arm-none-eabi/lib/thumb/v7e-m+fp/hard\libc_nano.a(lib_a-memmove.o)
 .debug_frame   0x0000000000000238       0x38 c:/program files/stm32cubeide_1.8.0/stm32cubeide/plugins/com.st.stm32cube.ide.mcu.externaltools.gnu-tools-for-stm32.9-2020-q2-update.win32_2.0.0.202105311346/tools/bin/../lib/gcc/arm-none-eabi/9.3.1/../../../../arm-none-eabi/lib/thumb/v7e-m+fp/hard\libc_nano.a(lib_a-nano-freer.o)
 .debug_frame   0x0000000000000270       0x30 c:/program files/stm32cubeide_1.8.0/stm32cubeide/plugins/com.st.stm32cube.ide.mcu.externaltools.gnu-tools-for-stm32.9-2020-q2-update.win32_2.0.0.202105311346/tools/bin/../lib/gcc/arm-none-eabi/9.3.1/../../../../arm-none-eabi/lib/thumb/v7e-m+fp/hard\libc_nano.a(lib_a-nano-mallocr.o)
 .debug_frame   0x00000000000002a0       0x3c c:/program files/stm32cubeide_1.8.0/stm32cubeide/plugins/com.st.stm32cube.ide.mcu.externaltools.gnu-tools-for-stm32.9-2020-q2-update.win32_2.0.0.202105311346/tools/bin/../lib/gcc/arm-none-eabi/9.3.1/../../../../arm-none-eabi/lib/thumb/v7e-m+fp/hard\libc_nano.a(lib_a-nano-reallocr.o)
 .debug_frame   0x00000000000002dc       0x2c c:/program files/stm32cubeide_1.8.0/stm32cubeide/plugins/com.st.stm32cube.ide.mcu.externaltools.gnu-tools-for-stm32.9-2020-q2-update.win32_2.0.0.202105311346/tools/bin/../lib/gcc/arm-none-eabi/9.3.1/../../../../arm-none-eabi/lib/thumb/v7e-m+fp/hard\libc_nano.a(lib_a-sbrkr.o)
 .debug_frame   0x0000000000000308       0x30 c:/program files/stm32cubeide_1.8.0/stm32cubeide/plugins/com.st.stm32cube.ide.mcu.externaltools.gnu-tools-for-stm32.9-2020-q2-update.win32_2.0.0.202105311346/tools/bin/../lib/gcc/arm-none-eabi/9.3.1/../../../../arm-none-eabi/lib/thumb/v7e-m+fp/hard\libc_nano.a(lib_a-mlock.o)
 .debug_frame   0x0000000000000338       0x20 c:/program files/stm32cubeide_1.8.0/stm32cubeide/plugins/com.st.stm32cube.ide.mcu.externaltools.gnu-tools-for-stm32.9-2020-q2-update.win32_2.0.0.202105311346/tools/bin/../lib/gcc/arm-none-eabi/9.3.1/../../../../arm-none-eabi/lib/thumb/v7e-m+fp/hard\libc_nano.a(lib_a-nano-msizer.o)
 .debug_frame   0x0000000000000358       0x5c c:/program files/stm32cubeide_1.8.0/stm32cubeide/plugins/com.st.stm32cube.ide.mcu.externaltools.gnu-tools-for-stm32.9-2020-q2-update.win32_2.0.0.202105311346/tools/bin/../lib/gcc/arm-none-eabi/9.3.1/../../../../arm-none-eabi/lib/thumb/v7e-m+fp/hard\libc_nano.a(lib_a-reent.o)
 .debug_frame   0x00000000000003b4       0xb0 c:/program files/stm32cubeide_1.8.0/stm32cubeide/plugins/com.st.stm32cube.ide.mcu.externaltools.gnu-tools-for-stm32.9-2020-q2-update.win32_2.0.0.202105311346/tools/bin/../lib/gcc/arm-none-eabi/9.3.1/../../../../arm-none-eabi/lib/thumb/v7e-m+fp/hard\libc_nano.a(lib_a-lock.o)
 .debug_frame   0x0000000000000464       0xac c:/program files/stm32cubeide_1.8.0/stm32cubeide/plugins/com.st.stm32cube.ide.mcu.externaltools.gnu-tools-for-stm32.9-2020-q2-update.win32_2.0.0.202105311346/tools/bin/../lib/gcc/arm-none-eabi/9.3.1/thumb/v7e-m+fp/hard\libgcc.a(_arm_addsubdf3.o)
 .debug_frame   0x0000000000000510       0x50 c:/program files/stm32cubeide_1.8.0/stm32cubeide/plugins/com.st.stm32cube.ide.mcu.externaltools.gnu-tools-for-stm32.9-2020-q2-update.win32_2.0.0.202105311346/tools/bin/../lib/gcc/arm-none-eabi/9.3.1/thumb/v7e-m+fp/hard\libgcc.a(_arm_muldivdf3.o)
 .debug_frame   0x0000000000000560       0x24 c:/program files/stm32cubeide_1.8.0/stm32cubeide/plugins/com.st.stm32cube.ide.mcu.externaltools.gnu-tools-for-stm32.9-2020-q2-update.win32_2.0.0.202105311346/tools/bin/../lib/gcc/arm-none-eabi/9.3.1/thumb/v7e-m+fp/hard\libgcc.a(_arm_truncdfsf2.o)
 .debug_frame   0x0000000000000584       0x2c c:/program files/stm32cubeide_1.8.0/stm32cubeide/plugins/com.st.stm32cube.ide.mcu.externaltools.gnu-tools-for-stm32.9-2020-q2-update.win32_2.0.0.202105311346/tools/bin/../lib/gcc/arm-none-eabi/9.3.1/thumb/v7e-m+fp/hard\libgcc.a(_aeabi_uldivmod.o)