Archive member included to satisfy reference by file (symbol)

c:/program files/stm32cubeide_1.8.0/stm32cubeide/plugins/com.st.stm32cube.ide.mcu.externaltools.gnu-tools-for-stm32.9-2020-q2-update.win32_2.0.0.202105311346/tools/bin/../lib/gcc/arm-none-eabi/9.3.1/../../../../arm-none-eabi/lib/thumb/v7e-m+fp/hard\libc_nano.a(lib_a-errno.o)
                              ./Application/User/Core/syscalls.o (__errno)
c:/program files/stm32cubeide_1.8.0/stm32cubeide/plugins/com.st.stm32cube.ide.mcu.externaltools.gnu-tools-for-stm32.9-2020-q2-update.win32_2.0.0.202105311346/tools/bin/../lib/gcc/arm-none-eabi/9.3.1/../../../../arm-none-eabi/lib/thumb/v7e-m+fp/hard\libc_nano.a(lib_a-exit.o)
                              c:/program files/stm32cubeide_1.8.0/stm32cubeide/plugins/com.st.stm32cube.ide.mcu.externaltools.gnu-tools-for-stm32.9-2020-q2-update.win32_2.0.0.202105311346/tools/bin/../lib/gcc/arm-none-eabi/9.3.1/../../../../arm-none-eabi/lib/thumb/v7e-m+fp/hard/crt0.o (exit)
c:/program files/stm32cubeide_1.8.0/stm32cubeide/plugins/com.st.stm32cube.ide.mcu.externaltools.gnu-tools-for-stm32.9-2020-q2-update.win32_2.0.0.202105311346/tools/bin/../lib/gcc/arm-none-eabi/9.3.1/../../../../arm-none-eabi/lib/thumb/v7e-m+fp/hard\libc_nano.a(lib_a-impure.o)
                              c:/program files/stm32cubeide_1.8.0/stm32cubeide/plugins/com.st.stm32cube.ide.mcu.externaltools.gnu-tools-for-stm32.9-2020-q2-update.win32_2.0.0.202105311346/tools/bin/../lib/gcc/arm-none-eabi/9.3.1/../../../../arm-none-eabi/lib/thumb/v7e-m+fp/hard\libc_nano.a(lib_a-exit.o) (_global_impure_ptr)
c:/program files/stm32cubeide_1.8.0/stm32cubeide/plugins/com.st.stm32cube.ide.mcu.externaltools.gnu-tools-for-stm32.9-2020-q2-update.win32_2.0.0.202105311346/tools/bin/../lib/gcc/arm-none-eabi/9.3.1/../../../../arm-none-eabi/lib/thumb/v7e-m+fp/hard\libc_nano.a(lib_a-init.o)
                              c:/program files/stm32cubeide_1.8.0/stm32cubeide/plugins/com.st.stm32cube.ide.mcu.externaltools.gnu-tools-for-stm32.9-2020-q2-update.win32_2.0.0.202105311346/tools/bin/../lib/gcc/arm-none-eabi/9.3.1/../../../../arm-none-eabi/lib/thumb/v7e-m+fp/hard/crt0.o (__libc_init_array)
c:/program files/stm32cubeide_1.8.0/stm32cubeide/plugins/com.st.stm32cube.ide.mcu.externaltools.gnu-tools-for-stm32.9-2020-q2-update.win32_2.0.0.202105311346/tools/bin/../lib/gcc/arm-none-eabi/9.3.1/../../../../arm-none-eabi/lib/thumb/v7e-m+fp/hard\libc_nano.a(lib_a-memset.o)
                              c:/program files/stm32cubeide_1.8.0/stm32cubeide/plugins/com.st.stm32cube.ide.mcu.externaltools.gnu-tools-for-stm32.9-2020-q2-update.win32_2.0.0.202105311346/tools/bin/../lib/gcc/arm-none-eabi/9.3.1/../../../../arm-none-eabi/lib/thumb/v7e-m+fp/hard/crt0.o (memset)
c:/program files/stm32cubeide_1.8.0/stm32cubeide/plugins/com.st.stm32cube.ide.mcu.externaltools.gnu-tools-for-stm32.9-2020-q2-update.win32_2.0.0.202105311346/tools/bin/../lib/gcc/arm-none-eabi/9.3.1/../../../../arm-none-eabi/lib/thumb/v7e-m+fp/hard\libc_nano.a(lib_a-sprintf.o)
                              ./Application/User/Core/pantalla_api.o (sprintf)
c:/program files/stm32cubeide_1.8.0/stm32cubeide/plugins/com.st.stm32cube.ide.mcu.externaltools.gnu-tools-for-stm32.9-2020-q2-update.win32_2.0.0.202105311346/tools/bin/../lib/gcc/arm-none-eabi/9.3.1/../../../../arm-none-eabi/lib/thumb/v7e-m+fp/hard\libc_nano.a(lib_a-strcmp.o)
                              ./Application/User/Core/pantalla_api.o (strcmp)
c:/program files/stm32cubeide_1.8.0/stm32cubeide/plugins/com.st.stm32cube.ide.mcu.externaltools.gnu-tools-for-stm32.9-2020-q2-update.win32_2.0.0.202105311346/tools/bin/../lib/gcc/arm-none-eabi/9.3.1/../../../../arm-none-eabi/lib/thumb/v7e-m+fp/hard\libc_nano.a(lib_a-nano-svfprintf.o)
                              c:/program files/stm32cubeide_1.8.0/stm32cubeide/plugins/com.st.stm32cube.ide.mcu.externaltools.gnu-tools-for-stm32.9-2020-q2-update.win32_2.0.0.202105311346/tools/bin/../lib/gcc/arm-none-eabi/9.3.1/../../../../arm-none-eabi/lib/thumb/v7e-m+fp/hard\libc_nano.a(lib_a-sprintf.o) (_svfprintf_r)
c:/program files/stm32cubeide_1.8.0/stm32cubeide/plugins/com.st.stm32cube.ide.mcu.externaltools.gnu-tools-for-stm32.9-2020-q2-update.win32_2.0.0.202105311346/tools/bin/../lib/gcc/arm-none-eabi/9.3.1/../../../../arm-none-eabi/lib/thumb/v7e-m+fp/hard\libc_nano.a(lib_a-nano-vfprintf_i.o)
                              c:/program files/stm32cubeide_1.8.0/stm32cubeide/plugins/com.st.stm32cube.ide.mcu.externaltools.gnu-tools-for-stm32.9-2020-q2-update.win32_2.0.0.202105311346/tools/bin/../lib/gcc/arm-none-eabi/9.3.1/../../../../arm-none-eabi/lib/thumb/v7e-m+fp/hard\libc_nano.a(lib_a-nano-svfprintf.o) (_printf_i)
c:/program files/stm32cubeide_1.8.0/stm32cubeide/plugins/com.st.stm32cube.ide.mcu.externaltools.gnu-tools-for-stm32.9-2020-q2-update.win32_2.0.0.202105311346/tools/bin/../lib/gcc/arm-none-eabi/9.3.1/../../../../arm-none-eabi/lib/thumb/v7e-m+fp/hard\libc_nano.a(lib_a-memchr.o)
[...]
Memory Configuration

Name             Origin             Length             Attributes
RAM              0x0000000020000000 0x0000000000020000 xrw
FLASH            0x0000000008000000 0x0000000000080000 xr
*default*        0x0000000000000000 0xffffffffffffffff

Linker script and memory map

LOAD c:/program files/stm32cubeide_1.8.0/stm32cubeide/plugins/com.st.stm32cube.ide.mcu.externaltools.gnu-tools-for-stm32.9-2020-q2-update.win32_2.0.0.202105311346/tools/bin/../lib/gcc/arm-none-eabi/9.3.1/thumb/v7e-m+fp/hard/crti.o
LOAD c:/program files/stm32cubeide_1.8.0/stm32cubeide/plugins/com.st.stm32cube.ide.mcu.externaltools.gnu-tools-for-stm32.9-2020-q2-update.win32_2.0.0.202105311346/tools/bin/../lib/gcc/arm-none-eabi/9.3.1/thumb/v7e-m+fp/hard/crtbegin.o
LOAD c:/program files/stm32cubeide_1.8.0/stm32cubeide/plugins/com.st.stm32cube.ide.mcu.externaltools.gnu-tools-for-stm32.9-2020-q2-update.win32_2.0.0.202105311346/tools/bin/../lib/gcc/arm-none-eabi/9.3.1/../../../../arm-none-eabi/lib/thumb/v7e-m+fp/hard/crt0.o
LOAD ./Application/User/Core/adc.o
LOAD ./Application/User/Core/app_perifericos.o
LOAD ./Application/User/Core/botones.o
LOAD ./Application/User/Core/botones_hw.o
LOAD ./Application/User/Core/buses.o
LOAD ./Application/User/Core/can.o
LOAD ./Application/User/Core/can_app.o
LOAD ./Application/User/Core/can_hw.o
LOAD ./Application/User/Core/decode_data.o
LOAD ./Application/User/Core/dma.o
LOAD ./Application/User/Core/gpio.o
LOAD ./Application/User/Core/indicators.o
LOAD ./Application/User/Core/main.o
LOAD ./Application/User/Core/pantalla.o
LOAD ./Application/User/Core/pantalla_api.o
LOAD ./Application/User/Core/pantalla_hw.o
LOAD ./Application/User/Core/pedal.o
LOAD ./Application/User/Core/pedal_hw.o
LOAD ./Application/User/Core/stm32f4xx_hal_msp.o
LOAD ./Application/User/Core/stm32f4xx_it.o
LOAD ./Application/User/Core/syscalls.o
LOAD ./Application/User/Core/sysmem.o
LOAD ./Application/User/Core/tim.o
LOAD ./Application/User/Core/usart.o
LOAD ./Application/User/Startup/startup_stm32f446vetx.o
LOAD ./Drivers/BSP/STM32F44xx-Perifericos/stm32f4xx_perifericos.o
LOAD ./Drivers/CAN_Driver/can_api.o
LOAD ./Drivers/CAN_Driver/can_wrapper.o
LOAD ./Drivers/CMSIS/system_stm32f4xx.o
LOAD ./Drivers/STM32F4xx_HAL_Driver/stm32f4xx_hal.o
LOAD ./Drivers/STM32F4xx_HAL_Driver/stm32f4xx_hal_adc.o
LOAD ./Drivers/STM32F4xx_HAL_Driver/stm32f4xx_hal_adc_ex.o
LOAD ./Drivers/STM32F4xx_HAL_Driver/stm32f4xx_hal_can.o
LOAD ./Drivers/STM32F4xx_HAL_Driver/stm32f4xx_hal_cortex.o
LOAD ./Drivers/STM32F4xx_HAL_Driver/stm32f4xx_hal_dma.o
LOAD ./Drivers/STM32F4xx_HAL_Driver/stm32f4xx_hal_dma_ex.o
LOAD ./Drivers/STM32F4xx_HAL_Driver/stm32f4xx_hal_exti.o
LOAD ./Drivers/STM32F4xx_HAL_Driver/stm32f4xx_hal_flash.o
LOAD ./Drivers/STM32F4xx_HAL_Driver/stm32f4xx_hal_flash_ex.o
LOAD ./Drivers/STM32F4xx_HAL_Driver/stm32f4xx_hal_flash_ramfunc.o
LOAD ./Drivers/STM32F4xx_HAL_Driver/stm32f4xx_hal_gpio.o
LOAD ./Drivers/STM32F4xx_HAL_Driver/stm32f4xx_hal_pwr.o
LOAD ./Drivers/STM32F4xx_HAL_Driver/stm32f4xx_hal_pwr_ex.o
LOAD ./Drivers/STM32F4xx_HAL_Driver/stm32f4xx_hal_rcc.o
LOAD ./Drivers/STM32F4xx_HAL_Driver/stm32f4xx_hal_rcc_ex.o
LOAD ./Drivers/STM32F4xx_HAL_Driver/stm32f4xx_hal_tim.o
LOAD ./Drivers/STM32F4xx_HAL_Driver/stm32f4xx_hal_tim_ex.o
LOAD ./Drivers/STM32F4xx_HAL_Driver/stm32f4xx_hal_uart.o
LOAD ./Drivers/STM32F4xx_HAL_Driver/stm32f4xx_ll_adc.o
START GROUP
LOAD c:/program files/stm32cubeide_1.8.0/stm32cubeide/plugins/com.st.stm32cube.ide.mcu.externaltools.gnu-tools-for-stm32.9-2020-q2-update.win32_2.0.0.202105311346/tools/bin/../lib/gcc/arm-none-eabi/9.3.1/../../../../arm-none-eabi/lib/thumb/v7e-m+fp/hard\libc_nano.a
LOAD c:/program files/stm32cubeide_1.8.0/stm32cubeide/plugins/com.st.stm32cube.ide.mcu.externaltools.gnu-tools-for-stm32.9-2020-q2-update.win32_2.0.0.202105311346/tools/bin/../lib/gcc/arm-none-eabi/9.3.1/../../../../arm-none-eabi/lib/thumb/v7e-m+fp/hard\libm.a
END GROUP
START GROUP
LOAD c:/program files/stm32cubeide_1.8.0/stm32cubeide/plugins/com.st.stm32cube.ide.mcu.externaltools.gnu-tools-for-stm32.9-2020-q2-update.win32_2.0.0.202105311346/tools/bin/../lib/gcc/arm-none-eabi/9.3.1/thumb/v7e-m+fp/hard\libgcc.a
LOAD c:/program files/stm32cubeide_1.8.0/stm32cubeide/plugins/com.st.stm32cube.ide.mcu.externaltools.gnu-tools-for-stm32.9-2020-q2-update.win32_2.0.0.202105311346/tools/bin/../lib/gcc/arm-none-eabi/9.3.1/../../../../arm-none-eabi/lib/thumb/v7e-m+fp/hard\libc_nano.a
END GROUP
START GROUP
LOAD c:/program files/stm32cubeide_1.8.0/stm32cubeide/plugins/com.st.stm32cube.ide.mcu.externaltools.gnu-tools-for-stm32.9-2020-q2-update.win32_2.0.0.202105311346/tools/bin/../lib/gcc/arm-none-eabi/9.3.1/thumb/v7e-m+fp/hard\libgcc.a
LOAD c:/program files/stm32cubeide_1.8.0/stm32cubeide/plugins/com.st.stm32cube.ide.mcu.externaltools.gnu-tools-for-stm32.9-2020-q2-update.win32_2.0.0.202105311346/tools/bin/../lib/gcc/arm-none-eabi/9.3.1/../../../../arm-none-eabi/lib/thumb/v7e-m+fp/hard\libc_nano.a
LOAD c:/program files/stm32cubeide_1.8.0/stm32cubeide/plugins/com.st.stm32cube.ide.mcu.externaltools.gnu-tools-for-stm32.9-2020-q2-update.win32_2.0.0.202105311346/tools/bin/../lib/gcc/arm-none-eabi/9.3.1/../../../../arm-none-eabi/lib/thumb/v7e-m+fp/hard\libnosys.a
END GROUP
START GROUP
LOAD c:/program files/stm32cubeide_1.8.0/stm32cubeide/plugins/com.st.stm32cube.ide.mcu.externaltools.gnu-tools-for-stm32.9-2020-q2-update.win32_2.0.0.202105311346/tools/bin/../lib/gcc/arm-none-eabi/9.3.1/thumb/v7e-m+fp/hard\libgcc.a
LOAD c:/program files/stm32cubeide_1.8.0/stm32cubeide/plugins/com.st.stm32cube.ide.mcu.externaltools.gnu-tools-for-stm32.9-2020-q2-update.win32_2.0.0.202105311346/tools/bin/../lib/gcc/arm-none-eabi/9.3.1/../../../../arm-none-eabi/lib/thumb/v7e-m+fp/hard\libc_nano.a
LOAD c:/program files/stm32cubeide_1.8.0/stm32cubeide/plugins/com.st.stm32cube.ide.mcu.externaltools.gnu-tools-for-stm32.9-2020-q2-update.win32_2.0.0.202105311346/tools/bin/../lib/gcc/arm-none-eabi/9.3.1/../../../../arm-none-eabi/lib/thumb/v7e-m+fp/hard\libnosys.a
END GROUP
LOAD c:/program files/stm32cubeide_1.8.0/stm32cubeide/plugins/com.st.stm32cube.ide.mcu.externaltools.gnu-tools-for-stm32.9-2020-q2-update.win32_2.0.0.202105311346/tools/bin/../lib/gcc/arm-none-eabi/9.3.1/thumb/v7e-m+fp/hard/crtend.o
LOAD c:/program files/stm32cubeide_1.8.0/stm32cubeide/plugins/com.st.stm32cube.ide.mcu.externaltools.gnu-tools-for-stm32.9-2020-q2-update.win32_2.0.0.202105311346/tools/bin/../lib/gcc/arm-none-eabi/9.3.1/thumb/v7e-m+fp/hard/crtn.o
                0x0000000020020000                _estack = (ORIGIN (RAM) + LENGTH (RAM))
                0x0000000000000200                _Min_Heap_Size = 0x200
                0x0000000000000400                _Min_Stack_Size = 0x400

.isr_vector     0x0000000008000000      0x1c4
                0x0000000008000000                . = ALIGN (0x4)
 *(.isr_vector)
 .isr_vector    0x0000000008000000      0x1c4 ./Application/User/Startup/startup_stm32f446vetx.o
                0x0000000008000000                g_pfnVectors
                0x00000000080001c4                . = ALIGN (0x4)

.text           0x00000000080001d0     0x78e8
                0x00000000080001d0                . = ALIGN (0x4)
 *(.text)
 .text          0x00000000080001d0       0x40 c:/program files/stm32cubeide_1.8.0/stm32cubeide/plugins/com.st.stm32cube.ide.mcu.externaltools.gnu-tools-for-stm32.9-2020-q2-update.win32_2.0.0.202105311346/tools/bin/../lib/gcc/arm-none-eabi/9.3.1/thumb/v7e-m+fp/hard/crtbegin.o
 .text          0x0000000008000210       0x14 c:/program files/stm32cubeide_1.8.0/stm32cubeide/plugins/com.st.stm32cube.ide.mcu.externaltools.gnu-tools-for-stm32.9-2020-q2-update.win32_2.0.0.202105311346/tools/bin/../lib/gcc/arm-none-eabi/9.3.1/../../../../arm-none-eabi/lib/thumb/v7e-m+fp/hard\libc_nano.a(lib_a-strcmp.o)
                0x0000000008000210                strcmp
 *fill*         0x0000000008000224        0xc 
 .text          0x0000000008000230       0xa0 c:/program files/stm32cubeide_1.8.0/stm32cubeide/plugins/com.st.stm32cube.ide.mcu.externaltools.gnu-tools-for-stm32.9-2020-q2-update.win32_2.0.0.202105311346/tools/bin/../lib/gcc/arm-none-eabi/9.3.1/../../../../arm-none-eabi/lib/thumb/v7e-m+fp/hard\libc_nano.a(lib_a-memchr.o)
                0x0000000008000230                memchr
 .text          0x00000000080002d0      0x378 c:/program files/stm32cubeide_1.8.0/stm32cubeide/plugins/com.st.stm32cube.ide.mcu.externaltools.gnu-tools-for-stm32.9-2020-q2-update.win32_2.0.0.202105311346/tools/bin/../lib/gcc/arm-none-eabi/9.3.1/thumb/v7e-m+fp/hard\libgcc.a(_arm_addsubdf3.o)
                0x00000000080002d0                __aeabi_drsub
                0x00000000080002d8                __aeabi_dsub
                0x00000000080002d8                __subdf3
                0x00000000080002dc                __aeabi_dadd
                0x00000000080002dc                __adddf3
                0x0000000008000554                __floatunsidf
                0x0000000008000554                __aeabi_ui2d
                0x0000000008000574                __floatsidf
                0x0000000008000574                __aeabi_i2d
                0x0000000008000598                __aeabi_f2d
                0x0000000008000598                __extendsfdf2
                0x00000000080005dc                __floatundidf
                0x00000000080005dc                __aeabi_ul2d
                0x00000000080005ec                __floatdidf
                0x00000000080005ec                __aeabi_l2d
 .text          0x0000000008000648      0x424 c:/program files/stm32cubeide_1.8.0/stm32cubeide/plugins/com.st.stm32cube.ide.mcu.externaltools.gnu-tools-for-stm32.9-2020-q2-update.win32_2.0.0.202105311346/tools/bin/../lib/gcc/arm-none-eabi/9.3.1/thumb/v7e-m+fp/hard\libgcc.a(_arm_muldivdf3.o)
                0x0000000008000648                __aeabi_dmul
                0x0000000008000648                __muldf3
                0x000000000800089c                __divdf3
                0x000000000800089c                __aeabi_ddiv
 .text          0x0000000008000a6c       0x40 c:/program files/stm32cubeide_1.8.0/stm32cubeide/plugins/com.st.stm32cube.ide.mcu.externaltools.gnu-tools-for-stm32.9-2020-q2-update.win32_2.0.0.202105311346/tools/bin/../lib/gcc/arm-none-eabi/9.3.1/thumb/v7e-m+fp/hard\libgcc.a(_arm_fixunsdfsi.o)
                0x0000000008000a6c                __aeabi_d2uiz
                0x0000000008000a6c                __fixunsdfsi
 .text          0x0000000008000aac       0x30 c:/program files/stm32cubeide_1.8.0/stm32cubeide/plugins/com.st.stm32cube.ide.mcu.externaltools.gnu-tools-for-stm32.9-2020-q2-update.win32_2.0.0.202105311346/tools/bin/../lib/gcc/arm-none-eabi/9.3.1/thumb/v7e-m+fp/hard\libgcc.a(_aeabi_uldivmod.o)
                0x0000000008000aac                __aeabi_uldivmod
 .text          0x0000000008000adc      0x2c4 c:/program files/stm32cubeide_1.8.0/stm32cubeide/plugins/com.st.stm32cube.ide.mcu.externaltools.gnu-tools-for-stm32.9-2020-q2-update.win32_2.0.0.202105311346/tools/bin/../lib/gcc/arm-none-eabi/9.3.1/thumb/v7e-m+fp/hard\libgcc.a(_udivmoddi4.o)
                0x0000000008000adc                __udivmoddi4
 .text          0x0000000008000da0        0x4 c:/program files/stm32cubeide_1.8.0/stm32cubeide/plugins/com.st.stm32cube.ide.mcu.externaltools.gnu-tools-for-stm32.9-2020-q2-update.win32_2.0.0.202105311346/tools/bin/../lib/gcc/arm-none-eabi/9.3.1/thumb/v7e-m+fp/hard\libgcc.a(_dvmd_tls.o)
                0x0000000008000da0                __aeabi_idiv0
                0x0000000008000da0                __aeabi_ldiv0
 *(.text*)
 .text.MX_ADC1_Init
                0x0000000008000da4       0xa4 ./Application/User/Core/adc.o
                0x0000000008000da4                MX_ADC1_Init
 .text.HAL_ADC_MspInit
                0x0000000008000e48       0xfc ./Application/User/Core/adc.o
                0x0000000008000e48                HAL_ADC_MspInit
 .text.MX_APP_Init
                0x0000000008000f44       0x78 ./Application/User/Core/app_perifericos.o
                0x0000000008000f44                MX_APP_Init
 .text.MX_APP_Process
                0x0000000008000fbc       0x8c ./Application/User/Core/app_perifericos.o
                0x0000000008000fbc                MX_APP_Process
 .text.BOTONES_Process
                0x0000000008001048       0x30 ./Application/User/Core/botones.o
                0x0000000008001048                BOTONES_Process
 .text.BOTONES_Update_HM_Btns
                0x0000000008001078       0x48 ./Application/User/Core/botones.o
 .text.BOTONES_Update_HM_State
                0x00000000080010c0       0x40 ./Application/User/Core/botones.o
 .text.BOTONES_Send_HM_State
                0x0000000008001100       0x34 ./Application/User/Core/botones.o
 .text.BOTONES_Send_DrivingMode_Btn
                0x0000000008001134       0x58 ./Application/User/Core/botones.o
 .text.BOTONES_HW_Init
                0x000000000800118c        0xc ./Application/User/Core/botones_hw.o
                0x000000000800118c                BOTONES_HW_Init
 .text.HAL_CAN_MspInit
                0x0000000008001198       0xbc ./Application/User/Core/can.o
                0x0000000008001198                HAL_CAN_MspInit
 .text.CAN_APP_Process
                0x0000000008001254       0x44 ./Application/User/Core/can_app.o
                0x0000000008001254                CAN_APP_Process
 .text.CAN_APP_Send_BusData
                0x0000000008001298       0xa4 ./Application/User/Core/can_app.o
                0x0000000008001298                CAN_APP_Send_BusData
 .text.CAN_APP_Store_ReceivedMessage
                0x000000000800133c      0x144 ./Application/User/Core/can_app.o
 .text.CAN_HW_Init
                0x0000000008001480       0x58 ./Application/User/Core/can_hw.o
                0x0000000008001480                CAN_HW_Init
 .text.HAL_CAN_RxFifo0MsgPendingCallback
                0x00000000080014d8       0x20 ./Application/User/Core/can_hw.o
                0x00000000080014d8                HAL_CAN_RxFifo0MsgPendingCallback
 .text.HAL_TIM_PeriodElapsedCallback
                0x00000000080014f8       0x20 ./Application/User/Core/can_hw.o
                0x00000000080014f8                HAL_TIM_PeriodElapsedCallback
 .text.DECODE_DATA_Process
                0x0000000008001518       0x28 ./Application/User/Core/decode_data.o
                0x0000000008001518                DECODE_DATA_Process
 .text.DECODE_DATA_Decode_Control
                0x0000000008001540       0xb0 ./Application/User/Core/decode_data.o
 .text.DECODE_DATA_Decode_Bms
                0x00000000080015f0       0x68 ./Application/User/Core/decode_data.o
 .text.DECODE_DATA_Decode_Inversor
                0x0000000008001658       0x2c ./Application/User/Core/decode_data.o
 .text.MX_DMA_Init
                0x0000000008001684       0x40 ./Application/User/Core/dma.o
                0x0000000008001684                MX_DMA_Init
 .text.MX_GPIO_Init
                0x00000000080016c4      0x144 ./Application/User/Core/gpio.o
                0x00000000080016c4                MX_GPIO_Init
 .text.INDICATORS_Finish_StartUp
                0x0000000008001808       0x8e ./Application/User/Core/indicators.o
                0x0000000008001808                INDICATORS_Finish_StartUp
 .text.INDICATORS_Process
                0x0000000008001896       0x1a ./Application/User/Core/indicators.o
                0x0000000008001896                INDICATORS_Process
 .text.main     0x00000000080018b0       0x16 ./Application/User/Core/main.o
                0x00000000080018b0                main
 *fill*         0x00000000080018c6        0x2 
 .text.SystemClock_Config
                0x00000000080018c8       0xd8 ./Application/User/Core/main.o
                0x00000000080018c8                SystemClock_Config
 .text.Error_Handler
                0x00000000080019a0        0xa ./Application/User/Core/main.o
                0x00000000080019a0                Error_Handler
 .text.PANTALLA_Process
                0x00000000080019aa        0xc ./Application/User/Core/pantalla.o
                0x00000000080019aa                PANTALLA_Process
 *fill*         0x00000000080019b6        0x2 
 .text.PANTALLA_Test
                0x00000000080019b8      0x1f8 ./Application/User/Core/pantalla.o
 .text.PANTALLA_API_SendtoTxt
                0x0000000008001bb0       0xd8 ./Application/User/Core/pantalla_api.o
                0x0000000008001bb0                PANTALLA_API_SendtoTxt
 .text.PANTALLA_API_SendtoPB
                0x0000000008001c88       0x60 ./Application/User/Core/pantalla_api.o
                0x0000000008001c88                PANTALLA_API_SendtoPB
 .text.PANTALLA_API_SendtoImage
                0x0000000008001ce8      0x170 ./Application/User/Core/pantalla_api.o
                0x0000000008001ce8                PANTALLA_API_SendtoImage
 .text.PANTALLA_HW_Init
                0x0000000008001e58        0xc ./Application/User/Core/pantalla_hw.o
                0x0000000008001e58                PANTALLA_HW_Init
 .text.PEDAL_Process
                0x0000000008001e64       0x20 ./Application/User/Core/pedal.o
                0x0000000008001e64                PEDAL_Process
 *fill*         0x0000000008001e84        0x4 
 .text.PEDAL_Map_ADC_Reading
                0x0000000008001e88       0xb0 ./Application/User/Core/pedal.o
 .text.PEDAL_Send_Pedal_Value
                0x0000000008001f38       0x1e ./Application/User/Core/pedal.o
 *fill*         0x0000000008001f56        0x2 
 .text.PEDAL_HW_Init
                0x0000000008001f58       0x30 ./Application/User/Core/pedal_hw.o
                0x0000000008001f58                PEDAL_HW_Init
 .text.HAL_ADC_ConvCpltCallback
                0x0000000008001f88       0x30 ./Application/User/Core/pedal_hw.o
                0x0000000008001f88                HAL_ADC_ConvCpltCallback
 .text.HAL_MspInit
                0x0000000008001fb8       0x50 ./Application/User/Core/stm32f4xx_hal_msp.o
                0x0000000008001fb8                HAL_MspInit
 .text.NMI_Handler
                0x0000000008002008        0x6 ./Application/User/Core/stm32f4xx_it.o
                0x0000000008002008                NMI_Handler
 .text.HardFault_Handler
                0x000000000800200e        0x6 ./Application/User/Core/stm32f4xx_it.o
                0x000000000800200e                HardFault_Handler
 .text.MemManage_Handler
                0x0000000008002014        0x6 ./Application/User/Core/stm32f4xx_it.o
                0x0000000008002014                MemManage_Handler
 .text.BusFault_Handler
                0x000000000800201a        0x6 ./Application/User/Core/stm32f4xx_it.o
                0x000000000800201a                BusFault_Handler
 .text.UsageFault_Handler
                0x0000000008002020        0x6 ./Application/User/Core/stm32f4xx_it.o
                0x0000000008002020                UsageFault_Handler
 .text.SVC_Handler
                0x0000000008002026        0xe ./Application/User/Core/stm32f4xx_it.o
                0x0000000008002026                SVC_Handler
 .text.DebugMon_Handler
                0x0000000008002034        0xe ./Application/User/Core/stm32f4xx_it.o
                0x0000000008002034                DebugMon_Handler
 .text.PendSV_Handler
                0x0000000008002042        0xe ./Application/User/Core/stm32f4xx_it.o
                0x0000000008002042                PendSV_Handler
 .text.SysTick_Handler
                0x0000000008002050        0xc ./Application/User/Core/stm32f4xx_it.o
                0x0000000008002050                SysTick_Handler
 .text.ADC_IRQHandler
                0x000000000800205c       0x14 ./Application/User/Core/stm32f4xx_it.o
                0x000000000800205c                ADC_IRQHandler
 .text.TIM7_IRQHandler
                0x0000000008002070       0x14 ./Application/User/Core/stm32f4xx_it.o
                0x0000000008002070                TIM7_IRQHandler
 .text.DMA2_Stream0_IRQHandler
                0x0000000008002084       0x14 ./Application/User/Core/stm32f4xx_it.o
                0x0000000008002084                DMA2_Stream0_IRQHandler
 .text.CAN2_RX0_IRQHandler
                0x0000000008002098       0x14 ./Application/User/Core/stm32f4xx_it.o
                0x0000000008002098                CAN2_RX0_IRQHandler
 .text._sbrk    0x00000000080020ac       0x6c ./Application/User/Core/sysmem.o
                0x00000000080020ac                _sbrk
 .text.MX_TIM2_Init
                0x0000000008002118       0x9c ./Application/User/Core/tim.o
                0x0000000008002118                MX_TIM2_Init
 .text.MX_TIM7_Init
                0x00000000080021b4       0x6c ./Application/User/Core/tim.o
                0x00000000080021b4                MX_TIM7_Init
 .text.HAL_TIM_Base_MspInit
                0x0000000008002220       0x78 ./Application/User/Core/tim.o
                0x0000000008002220                HAL_TIM_Base_MspInit
 .text.MX_USART6_UART_Init
                0x0000000008002298       0x54 ./Application/User/Core/usart.o
                0x0000000008002298                MX_USART6_UART_Init
 .text.HAL_UART_MspInit
                0x00000000080022ec       0x90 ./Application/User/Core/usart.o
                0x00000000080022ec                HAL_UART_MspInit
 .text.Reset_Handler
                0x000000000800237c       0x50 ./Application/User/Startup/startup_stm32f446vetx.o
                0x000000000800237c                Reset_Handler
 .text.Default_Handler
                0x00000000080023cc        0x2 ./Application/User/Startup/startup_stm32f446vetx.o
                0x00000000080023cc                RTC_Alarm_IRQHandler
                0x00000000080023cc                EXTI2_IRQHandler
                0x00000000080023cc                TIM8_CC_IRQHandler
                0x00000000080023cc                FMPI2C1_EV_IRQHandler
                0x00000000080023cc                SPI4_IRQHandler
                0x00000000080023cc                TIM1_CC_IRQHandler
                0x00000000080023cc                DMA2_Stream5_IRQHandler
                0x00000000080023cc                DMA1_Stream5_IRQHandler
                0x00000000080023cc                PVD_IRQHandler
                0x00000000080023cc                SDIO_IRQHandler
                0x00000000080023cc                TAMP_STAMP_IRQHandler
                0x00000000080023cc                CAN2_RX1_IRQHandler
                0x00000000080023cc                EXTI3_IRQHandler
                0x00000000080023cc                TIM8_TRG_COM_TIM14_IRQHandler
                0x00000000080023cc                TIM1_UP_TIM10_IRQHandler
                0x00000000080023cc                TIM8_UP_TIM13_IRQHandler
                0x00000000080023cc                I2C3_ER_IRQHandler
                0x00000000080023cc                EXTI0_IRQHandler
                0x00000000080023cc                I2C2_EV_IRQHandler
                0x00000000080023cc                DMA1_Stream2_IRQHandler
                0x00000000080023cc                CAN1_RX0_IRQHandler
                0x00000000080023cc                FPU_IRQHandler
                0x00000000080023cc                OTG_HS_WKUP_IRQHandler
                0x00000000080023cc                CAN2_SCE_IRQHandler
                0x00000000080023cc                DMA2_Stream2_IRQHandler
                0x00000000080023cc                SPI1_IRQHandler
                0x00000000080023cc                TIM6_DAC_IRQHandler
                0x00000000080023cc                TIM1_BRK_TIM9_IRQHandler
                0x00000000080023cc                DCMI_IRQHandler
                0x00000000080023cc                DMA2_Stream3_IRQHandler
                0x00000000080023cc                SAI2_IRQHandler
                0x00000000080023cc                USART6_IRQHandler
                0x00000000080023cc                USART3_IRQHandler
                0x00000000080023cc                CAN1_RX1_IRQHandler
                0x00000000080023cc                UART5_IRQHandler
                0x00000000080023cc                TIM4_IRQHandler
                0x00000000080023cc                QUADSPI_IRQHandler
                0x00000000080023cc                I2C1_EV_IRQHandler
                0x00000000080023cc                DMA1_Stream6_IRQHandler
                0x00000000080023cc                DMA1_Stream1_IRQHandler
                0x00000000080023cc                UART4_IRQHandler
                0x00000000080023cc                TIM3_IRQHandler
                0x00000000080023cc                RCC_IRQHandler
                0x00000000080023cc                TIM8_BRK_TIM12_IRQHandler
                0x00000000080023cc                Default_Handler
                0x00000000080023cc                CEC_IRQHandler
                0x00000000080023cc                EXTI15_10_IRQHandler
                0x00000000080023cc                DMA1_Stream7_IRQHandler
                0x00000000080023cc                CAN2_TX_IRQHandler
                0x00000000080023cc                TIM5_IRQHandler
                0x00000000080023cc                DMA2_Stream7_IRQHandler
                0x00000000080023cc                I2C3_EV_IRQHandler
                0x00000000080023cc                EXTI9_5_IRQHandler
                0x00000000080023cc                RTC_WKUP_IRQHandler
                0x00000000080023cc                SPDIF_RX_IRQHandler
                0x00000000080023cc                SPI2_IRQHandler
                0x00000000080023cc                OTG_HS_EP1_IN_IRQHandler
                0x00000000080023cc                DMA1_Stream0_IRQHandler
                0x00000000080023cc                CAN1_TX_IRQHandler
                0x00000000080023cc                FMPI2C1_ER_IRQHandler
                0x00000000080023cc                EXTI4_IRQHandler
                0x00000000080023cc                OTG_HS_EP1_OUT_IRQHandler
                0x00000000080023cc                WWDG_IRQHandler
                0x00000000080023cc                TIM2_IRQHandler
                0x00000000080023cc                OTG_FS_WKUP_IRQHandler
                0x00000000080023cc                TIM1_TRG_COM_TIM11_IRQHandler
                0x00000000080023cc                OTG_HS_IRQHandler
                0x00000000080023cc                EXTI1_IRQHandler
                0x00000000080023cc                USART2_IRQHandler
                0x00000000080023cc                I2C2_ER_IRQHandler
                0x00000000080023cc                DMA2_Stream1_IRQHandler
                0x00000000080023cc                CAN1_SCE_IRQHandler
                0x00000000080023cc                FLASH_IRQHandler
                0x00000000080023cc                DMA2_Stream4_IRQHandler
                0x00000000080023cc                USART1_IRQHandler
                0x00000000080023cc                OTG_FS_IRQHandler
                0x00000000080023cc                SPI3_IRQHandler
                0x00000000080023cc                DMA1_Stream4_IRQHandler
                0x00000000080023cc                I2C1_ER_IRQHandler
                0x00000000080023cc                FMC_IRQHandler
                0x00000000080023cc                DMA2_Stream6_IRQHandler
                0x00000000080023cc                SAI1_IRQHandler
                0x00000000080023cc                DMA1_Stream3_IRQHandler
 *fill*         0x00000000080023ce        0x2 
 .text.BSP_BUZZER_Init
                0x00000000080023d0      0x110 ./Drivers/BSP/STM32F44xx-Perifericos/stm32f4xx_perifericos.o
                0x00000000080023d0                BSP_BUZZER_Init
 .text.BSP_BUZZER_On
                0x00000000080024e0       0x18 ./Drivers/BSP/STM32F44xx-Perifericos/stm32f4xx_perifericos.o
                0x00000000080024e0                BSP_BUZZER_On
 .text.BSP_BUZZER_Off
                0x00000000080024f8       0x18 ./Drivers/BSP/STM32F44xx-Perifericos/stm32f4xx_perifericos.o
                0x00000000080024f8                BSP_BUZZER_Off
 .text.BSP_LED_Init
                0x0000000008002510       0x90 ./Drivers/BSP/STM32F44xx-Perifericos/stm32f4xx_perifericos.o
                0x0000000008002510                BSP_LED_Init
 .text.BSP_LED_On
                0x00000000080025a0       0x34 ./Drivers/BSP/STM32F44xx-Perifericos/stm32f4xx_perifericos.o
                0x00000000080025a0                BSP_LED_On
 .text.BSP_LED_Off
                0x00000000080025d4       0x34 ./Drivers/BSP/STM32F44xx-Perifericos/stm32f4xx_perifericos.o
                0x00000000080025d4                BSP_LED_Off
 .text.BSP_LED_Toggle
                0x0000000008002608       0x34 ./Drivers/BSP/STM32F44xx-Perifericos/stm32f4xx_perifericos.o
                0x0000000008002608                BSP_LED_Toggle
 .text.CAN_API_Init
                0x000000000800263c       0x50 ./Drivers/CAN_Driver/can_api.o
                0x000000000800263c                CAN_API_Init
 .text.CAN_API_Send_Message
                0x000000000800268c       0x4e ./Drivers/CAN_Driver/can_api.o
                0x000000000800268c                CAN_API_Send_Message
 .text.CAN_API_Read_Message
                0x00000000080026da       0x24 ./Drivers/CAN_Driver/can_api.o
                0x00000000080026da                CAN_API_Read_Message
 .text.CAN_Wrapper_Init
                0x00000000080026fe       0x1a ./Drivers/CAN_Driver/can_wrapper.o
                0x00000000080026fe                CAN_Wrapper_Init
 .text.CAN_Wrapper_TransmitData
                0x0000000008002718       0x68 ./Drivers/CAN_Driver/can_wrapper.o
                0x0000000008002718                CAN_Wrapper_TransmitData
 .text.CAN_Wrapper_ReceiveData
                0x0000000008002780       0x30 ./Drivers/CAN_Driver/can_wrapper.o
                0x0000000008002780                CAN_Wrapper_ReceiveData
 .text.CAN_Wrapper_DataCount
                0x00000000080027b0       0x10 ./Drivers/CAN_Driver/can_wrapper.o
                0x00000000080027b0                CAN_Wrapper_DataCount
 .text.CAN2_Init
                0x00000000080027c0       0x68 ./Drivers/CAN_Driver/can_wrapper.o
 .text.CAN2_FilterConfig
                0x0000000008002828       0x70 ./Drivers/CAN_Driver/can_wrapper.o
 .text.CAN2_ActivateNotification
                0x0000000008002898       0x14 ./Drivers/CAN_Driver/can_wrapper.o
 .text.CAN2_Start
                0x00000000080028ac       0x14 ./Drivers/CAN_Driver/can_wrapper.o
 .text.SystemInit
                0x00000000080028c0       0x24 ./Drivers/CMSIS/system_stm32f4xx.o
                0x00000000080028c0                SystemInit
 .text.HAL_Init
                0x00000000080028e4       0x44 ./Drivers/STM32F4xx_HAL_Driver/stm32f4xx_hal.o
                0x00000000080028e4                HAL_Init
 .text.HAL_InitTick
                0x0000000008002928       0x60 ./Drivers/STM32F4xx_HAL_Driver/stm32f4xx_hal.o
                0x0000000008002928                HAL_InitTick
 .text.HAL_IncTick
                0x0000000008002988       0x28 ./Drivers/STM32F4xx_HAL_Driver/stm32f4xx_hal.o
                0x0000000008002988                HAL_IncTick
 .text.HAL_GetTick
                0x00000000080029b0       0x18 ./Drivers/STM32F4xx_HAL_Driver/stm32f4xx_hal.o
                0x00000000080029b0                HAL_GetTick
 .text.HAL_Delay
                0x00000000080029c8       0x48 ./Drivers/STM32F4xx_HAL_Driver/stm32f4xx_hal.o
                0x00000000080029c8                HAL_Delay
 .text.HAL_ADC_Init
                0x0000000008002a10       0x86 ./Drivers/STM32F4xx_HAL_Driver/stm32f4xx_hal_adc.o
                0x0000000008002a10                HAL_ADC_Init
 .text.HAL_ADC_IRQHandler
                0x0000000008002a96      0x282 ./Drivers/STM32F4xx_HAL_Driver/stm32f4xx_hal_adc.o
                0x0000000008002a96                HAL_ADC_IRQHandler
 .text.HAL_ADC_Start_DMA
                0x0000000008002d18      0x220 ./Drivers/STM32F4xx_HAL_Driver/stm32f4xx_hal_adc.o
                0x0000000008002d18                HAL_ADC_Start_DMA
 .text.HAL_ADC_ConvHalfCpltCallback
                0x0000000008002f38       0x14 ./Drivers/STM32F4xx_HAL_Driver/stm32f4xx_hal_adc.o
                0x0000000008002f38                HAL_ADC_ConvHalfCpltCallback
 .text.HAL_ADC_LevelOutOfWindowCallback
                0x0000000008002f4c       0x14 ./Drivers/STM32F4xx_HAL_Driver/stm32f4xx_hal_adc.o
                0x0000000008002f4c                HAL_ADC_LevelOutOfWindowCallback
 .text.HAL_ADC_ErrorCallback
                0x0000000008002f60       0x14 ./Drivers/STM32F4xx_HAL_Driver/stm32f4xx_hal_adc.o
                0x0000000008002f60                HAL_ADC_ErrorCallback
 .text.HAL_ADC_ConfigChannel
                0x0000000008002f74      0x264 ./Drivers/STM32F4xx_HAL_Driver/stm32f4xx_hal_adc.o
                0x0000000008002f74                HAL_ADC_ConfigChannel
 .text.ADC_Init
                0x00000000080031d8      0x1f8 ./Drivers/STM32F4xx_HAL_Driver/stm32f4xx_hal_adc.o
 .text.ADC_DMAConvCplt
                0x00000000080033d0       0xba ./Drivers/STM32F4xx_HAL_Driver/stm32f4xx_hal_adc.o
 .text.ADC_DMAHalfConvCplt
                0x000000000800348a       0x1c ./Drivers/STM32F4xx_HAL_Driver/stm32f4xx_hal_adc.o
 .text.ADC_DMAError
                0x00000000080034a6       0x2e ./Drivers/STM32F4xx_HAL_Driver/stm32f4xx_hal_adc.o
 .text.HAL_ADCEx_InjectedConvCpltCallback
                0x00000000080034d4       0x14 ./Drivers/STM32F4xx_HAL_Driver/stm32f4xx_hal_adc_ex.o
                0x00000000080034d4                HAL_ADCEx_InjectedConvCpltCallback
 .text.HAL_CAN_Init
                0x00000000080034e8      0x1f6 ./Drivers/STM32F4xx_HAL_Driver/stm32f4xx_hal_can.o
                0x00000000080034e8                HAL_CAN_Init
 *fill*         0x00000000080036de        0x2 
 .text.HAL_CAN_ConfigFilter
                0x00000000080036e0      0x1c0 ./Drivers/STM32F4xx_HAL_Driver/stm32f4xx_hal_can.o
                0x00000000080036e0                HAL_CAN_ConfigFilter
 .text.HAL_CAN_Start
                0x00000000080038a0       0x88 ./Drivers/STM32F4xx_HAL_Driver/stm32f4xx_hal_can.o
                0x00000000080038a0                HAL_CAN_Start
 .text.HAL_CAN_AddTxMessage
                0x0000000008003928      0x1b6 ./Drivers/STM32F4xx_HAL_Driver/stm32f4xx_hal_can.o
                0x0000000008003928                HAL_CAN_AddTxMessage
 .text.HAL_CAN_IsTxMessagePending
                0x0000000008003ade       0x48 ./Drivers/STM32F4xx_HAL_Driver/stm32f4xx_hal_can.o
                0x0000000008003ade                HAL_CAN_IsTxMessagePending
 .text.HAL_CAN_GetRxMessage
                0x0000000008003b26      0x224 ./Drivers/STM32F4xx_HAL_Driver/stm32f4xx_hal_can.o
                0x0000000008003b26                HAL_CAN_GetRxMessage
 .text.HAL_CAN_ActivateNotification
                0x0000000008003d4a       0x4c ./Drivers/STM32F4xx_HAL_Driver/stm32f4xx_hal_can.o
                0x0000000008003d4a                HAL_CAN_ActivateNotification
 .text.HAL_CAN_IRQHandler
                0x0000000008003d96      0x36e ./Drivers/STM32F4xx_HAL_Driver/stm32f4xx_hal_can.o
                0x0000000008003d96                HAL_CAN_IRQHandler
 .text.HAL_CAN_TxMailbox0CompleteCallback
                0x0000000008004104       0x14 ./Drivers/STM32F4xx_HAL_Driver/stm32f4xx_hal_can.o
                0x0000000008004104                HAL_CAN_TxMailbox0CompleteCallback
 .text.HAL_CAN_TxMailbox1CompleteCallback
                0x0000000008004118       0x14 ./Drivers/STM32F4xx_HAL_Driver/stm32f4xx_hal_can.o
                0x0000000008004118                HAL_CAN_TxMailbox1CompleteCallback
 .text.HAL_CAN_TxMailbox2CompleteCallback
                0x000000000800412c       0x14 ./Drivers/STM32F4xx_HAL_Driver/stm32f4xx_hal_can.o
                0x000000000800412c                HAL_CAN_TxMailbox2CompleteCallback
 .text.HAL_CAN_TxMailbox0AbortCallback
                0x0000000008004140       0x14 ./Drivers/STM32F4xx_HAL_Driver/stm32f4xx_hal_can.o
                0x0000000008004140                HAL_CAN_TxMailbox0AbortCallback
 .text.HAL_CAN_TxMailbox1AbortCallback
                0x0000000008004154       0x14 ./Drivers/STM32F4xx_HAL_Driver/stm32f4xx_hal_can.o
                0x0000000008004154                HAL_CAN_TxMailbox1AbortCallback
 .text.HAL_CAN_TxMailbox2AbortCallback
                0x0000000008004168       0x14 ./Drivers/STM32F4xx_HAL_Driver/stm32f4xx_hal_can.o
                0x0000000008004168                HAL_CAN_TxMailbox2AbortCallback
 .text.HAL_CAN_RxFifo0FullCallback
                0x000000000800417c       0x14 ./Drivers/STM32F4xx_HAL_Driver/stm32f4xx_hal_can.o
                0x000000000800417c                HAL_CAN_RxFifo0FullCallback
 .text.HAL_CAN_RxFifo1MsgPendingCallback
                0x0000000008004190       0x14 ./Drivers/STM32F4xx_HAL_Driver/stm32f4xx_hal_can.o
                0x0000000008004190                HAL_CAN_RxFifo1MsgPendingCallback
 .text.HAL_CAN_RxFifo1FullCallback
                0x00000000080041a4       0x14 ./Drivers/STM32F4xx_HAL_Driver/stm32f4xx_hal_can.o
                0x00000000080041a4                HAL_CAN_RxFifo1FullCallback
 .text.HAL_CAN_SleepCallback
                0x00000000080041b8       0x14 ./Drivers/STM32F4xx_HAL_Driver/stm32f4xx_hal_can.o
                0x00000000080041b8                HAL_CAN_SleepCallback
 .text.HAL_CAN_WakeUpFromRxMsgCallback
                0x00000000080041cc       0x14 ./Drivers/STM32F4xx_HAL_Driver/stm32f4xx_hal_can.o
                0x00000000080041cc                HAL_CAN_WakeUpFromRxMsgCallback
 .text.HAL_CAN_ErrorCallback
                0x00000000080041e0       0x14 ./Drivers/STM32F4xx_HAL_Driver/stm32f4xx_hal_can.o
                0x00000000080041e0                HAL_CAN_ErrorCallback
 .text.__NVIC_SetPriorityGrouping
                0x00000000080041f4       0x48 ./Drivers/STM32F4xx_HAL_Driver/stm32f4xx_hal_cortex.o
 .text.__NVIC_GetPriorityGrouping
                0x000000000800423c       0x1c ./Drivers/STM32F4xx_HAL_Driver/stm32f4xx_hal_cortex.o
 .text.__NVIC_EnableIRQ
                0x0000000008004258       0x3c ./Drivers/STM32F4xx_HAL_Driver/stm32f4xx_hal_cortex.o
 .text.__NVIC_SetPriority
                0x0000000008004294       0x54 ./Drivers/STM32F4xx_HAL_Driver/stm32f4xx_hal_cortex.o
 .text.NVIC_EncodePriority
                0x00000000080042e8       0x66 ./Drivers/STM32F4xx_HAL_Driver/stm32f4xx_hal_cortex.o
 *fill*         0x000000000800434e        0x2 
 .text.SysTick_Config
                0x0000000008004350       0x44 ./Drivers/STM32F4xx_HAL_Driver/stm32f4xx_hal_cortex.o
 .text.HAL_NVIC_SetPriorityGrouping
                0x0000000008004394       0x16 ./Drivers/STM32F4xx_HAL_Driver/stm32f4xx_hal_cortex.o
                0x0000000008004394                HAL_NVIC_SetPriorityGrouping
 .text.HAL_NVIC_SetPriority
                0x00000000080043aa       0x38 ./Drivers/STM32F4xx_HAL_Driver/stm32f4xx_hal_cortex.o
                0x00000000080043aa                HAL_NVIC_SetPriority
 .text.HAL_NVIC_EnableIRQ
                0x00000000080043e2       0x1c ./Drivers/STM32F4xx_HAL_Driver/stm32f4xx_hal_cortex.o
                0x00000000080043e2                HAL_NVIC_EnableIRQ
 .text.HAL_SYSTICK_Config
                0x00000000080043fe       0x18 ./Drivers/STM32F4xx_HAL_Driver/stm32f4xx_hal_cortex.o
                0x00000000080043fe                HAL_SYSTICK_Config
 *fill*         0x0000000008004416        0x2 
 .text.HAL_DMA_Init
                0x0000000008004418      0x15c ./Drivers/STM32F4xx_HAL_Driver/stm32f4xx_hal_dma.o
                0x0000000008004418                HAL_DMA_Init
 .text.HAL_DMA_Start_IT
                0x0000000008004574       0xb0 ./Drivers/STM32F4xx_HAL_Driver/stm32f4xx_hal_dma.o
                0x0000000008004574                HAL_DMA_Start_IT
 .text.HAL_DMA_IRQHandler
                0x0000000008004624      0x314 ./Drivers/STM32F4xx_HAL_Driver/stm32f4xx_hal_dma.o
                0x0000000008004624                HAL_DMA_IRQHandler
 .text.DMA_SetConfig
                0x0000000008004938       0x5c ./Drivers/STM32F4xx_HAL_Driver/stm32f4xx_hal_dma.o
 .text.DMA_CalcBaseAndBitshift
                0x0000000008004994       0x6c ./Drivers/STM32F4xx_HAL_Driver/stm32f4xx_hal_dma.o
 .text.DMA_CheckFifoParam
                0x0000000008004a00       0xf8 ./Drivers/STM32F4xx_HAL_Driver/stm32f4xx_hal_dma.o
 .text.HAL_GPIO_Init
                0x0000000008004af8      0x328 ./Drivers/STM32F4xx_HAL_Driver/stm32f4xx_hal_gpio.o
                0x0000000008004af8                HAL_GPIO_Init
 .text.HAL_GPIO_ReadPin
                0x0000000008004e20       0x30 ./Drivers/STM32F4xx_HAL_Driver/stm32f4xx_hal_gpio.o
                0x0000000008004e20                HAL_GPIO_ReadPin
 .text.HAL_GPIO_WritePin
                0x0000000008004e50       0x32 ./Drivers/STM32F4xx_HAL_Driver/stm32f4xx_hal_gpio.o
                0x0000000008004e50                HAL_GPIO_WritePin
 .text.HAL_GPIO_TogglePin
                0x0000000008004e82       0x34 ./Drivers/STM32F4xx_HAL_Driver/stm32f4xx_hal_gpio.o
                0x0000000008004e82                HAL_GPIO_TogglePin
 *fill*         0x0000000008004eb6        0x2 
 .text.HAL_RCC_ClockConfig
                0x0000000008004eb8      0x1cc ./Drivers/STM32F4xx_HAL_Driver/stm32f4xx_hal_rcc.o
                0x0000000008004eb8                HAL_RCC_ClockConfig
 .text.HAL_RCC_GetHCLKFreq
                0x0000000008005084       0x18 ./Drivers/STM32F4xx_HAL_Driver/stm32f4xx_hal_rcc.o
                0x0000000008005084                HAL_RCC_GetHCLKFreq
 .text.HAL_RCC_GetPCLK1Freq
                0x000000000800509c       0x28 ./Drivers/STM32F4xx_HAL_Driver/stm32f4xx_hal_rcc.o
                0x000000000800509c                HAL_RCC_GetPCLK1Freq
 .text.HAL_RCC_GetPCLK2Freq
                0x00000000080050c4       0x28 ./Drivers/STM32F4xx_HAL_Driver/stm32f4xx_hal_rcc.o
                0x00000000080050c4                HAL_RCC_GetPCLK2Freq
 .text.HAL_RCC_GetSysClockFreq
                0x00000000080050ec      0x364 ./Drivers/STM32F4xx_HAL_Driver/stm32f4xx_hal_rcc_ex.o
                0x00000000080050ec                HAL_RCC_GetSysClockFreq
 .text.HAL_RCC_OscConfig
                0x0000000008005450      0x53c ./Drivers/STM32F4xx_HAL_Driver/stm32f4xx_hal_rcc_ex.o
                0x0000000008005450                HAL_RCC_OscConfig
 .text.HAL_TIM_Base_Init
                0x000000000800598c       0x9e ./Drivers/STM32F4xx_HAL_Driver/stm32f4xx_hal_tim.o
                0x000000000800598c                HAL_TIM_Base_Init
 *fill*         0x0000000008005a2a        0x2 
 .text.HAL_TIM_Base_Start
                0x0000000008005a2c       0xd0 ./Drivers/STM32F4xx_HAL_Driver/stm32f4xx_hal_tim.o
                0x0000000008005a2c                HAL_TIM_Base_Start
 .text.HAL_TIM_Base_Start_IT
                0x0000000008005afc       0xe0 ./Drivers/STM32F4xx_HAL_Driver/stm32f4xx_hal_tim.o
                0x0000000008005afc                HAL_TIM_Base_Start_IT
 .text.HAL_TIM_PWM_Init
                0x0000000008005bdc       0x9e ./Drivers/STM32F4xx_HAL_Driver/stm32f4xx_hal_tim.o
                0x0000000008005bdc                HAL_TIM_PWM_Init
 .text.HAL_TIM_PWM_MspInit
                0x0000000008005c7a       0x14 ./Drivers/STM32F4xx_HAL_Driver/stm32f4xx_hal_tim.o
                0x0000000008005c7a                HAL_TIM_PWM_MspInit
 *fill*         0x0000000008005c8e        0x2 
 .text.HAL_TIM_PWM_Start
                0x0000000008005c90      0x190 ./Drivers/STM32F4xx_HAL_Driver/stm32f4xx_hal_tim.o
                0x0000000008005c90                HAL_TIM_PWM_Start
 .text.HAL_TIM_PWM_Stop
                0x0000000008005e20       0xe0 ./Drivers/STM32F4xx_HAL_Driver/stm32f4xx_hal_tim.o
                0x0000000008005e20                HAL_TIM_PWM_Stop
 .text.HAL_TIM_IRQHandler
                0x0000000008005f00      0x210 ./Drivers/STM32F4xx_HAL_Driver/stm32f4xx_hal_tim.o
                0x0000000008005f00                HAL_TIM_IRQHandler
 .text.HAL_TIM_PWM_ConfigChannel
                0x0000000008006110      0x184 ./Drivers/STM32F4xx_HAL_Driver/stm32f4xx_hal_tim.o
                0x0000000008006110                HAL_TIM_PWM_ConfigChannel
 .text.HAL_TIM_ConfigClockSource
                0x0000000008006294      0x18e ./Drivers/STM32F4xx_HAL_Driver/stm32f4xx_hal_tim.o
                0x0000000008006294                HAL_TIM_ConfigClockSource
 .text.HAL_TIM_OC_DelayElapsedCallback
                0x0000000008006422       0x14 ./Drivers/STM32F4xx_HAL_Driver/stm32f4xx_hal_tim.o
                0x0000000008006422                HAL_TIM_OC_DelayElapsedCallback
 .text.HAL_TIM_IC_CaptureCallback
                0x0000000008006436       0x14 ./Drivers/STM32F4xx_HAL_Driver/stm32f4xx_hal_tim.o
                0x0000000008006436                HAL_TIM_IC_CaptureCallback
 .text.HAL_TIM_PWM_PulseFinishedCallback
                0x000000000800644a       0x14 ./Drivers/STM32F4xx_HAL_Driver/stm32f4xx_hal_tim.o
                0x000000000800644a                HAL_TIM_PWM_PulseFinishedCallback
 .text.HAL_TIM_TriggerCallback
                0x000000000800645e       0x14 ./Drivers/STM32F4xx_HAL_Driver/stm32f4xx_hal_tim.o
                0x000000000800645e                HAL_TIM_TriggerCallback
 *fill*         0x0000000008006472        0x2 
 .text.TIM_Base_SetConfig
                0x0000000008006474      0x140 ./Drivers/STM32F4xx_HAL_Driver/stm32f4xx_hal_tim.o
                0x0000000008006474                TIM_Base_SetConfig
 .text.TIM_OC1_SetConfig
                0x00000000080065b4       0xe0 ./Drivers/STM32F4xx_HAL_Driver/stm32f4xx_hal_tim.o
 .text.TIM_OC2_SetConfig
                0x0000000008006694       0xec ./Drivers/STM32F4xx_HAL_Driver/stm32f4xx_hal_tim.o
                0x0000000008006694                TIM_OC2_SetConfig
 .text.TIM_OC3_SetConfig
                0x0000000008006780       0xe8 ./Drivers/STM32F4xx_HAL_Driver/stm32f4xx_hal_tim.o
 .text.TIM_OC4_SetConfig
                0x0000000008006868       0xac ./Drivers/STM32F4xx_HAL_Driver/stm32f4xx_hal_tim.o
 .text.TIM_TI1_ConfigInputStage
                0x0000000008006914       0x5e ./Drivers/STM32F4xx_HAL_Driver/stm32f4xx_hal_tim.o
 .text.TIM_TI2_ConfigInputStage
                0x0000000008006972       0x60 ./Drivers/STM32F4xx_HAL_Driver/stm32f4xx_hal_tim.o
 .text.TIM_ITRx_SetConfig
                0x00000000080069d2       0x36 ./Drivers/STM32F4xx_HAL_Driver/stm32f4xx_hal_tim.o
 .text.TIM_ETR_SetConfig
                0x0000000008006a08       0x40 ./Drivers/STM32F4xx_HAL_Driver/stm32f4xx_hal_tim.o
                0x0000000008006a08                TIM_ETR_SetConfig
 .text.TIM_CCxChannelCmd
                0x0000000008006a48       0x4a ./Drivers/STM32F4xx_HAL_Driver/stm32f4xx_hal_tim.o
                0x0000000008006a48                TIM_CCxChannelCmd
 *fill*         0x0000000008006a92        0x2 
 .text.HAL_TIMEx_MasterConfigSynchronization
                0x0000000008006a94       0xf8 ./Drivers/STM32F4xx_HAL_Driver/stm32f4xx_hal_tim_ex.o
                0x0000000008006a94                HAL_TIMEx_MasterConfigSynchronization
 .text.HAL_TIMEx_CommutCallback
                0x0000000008006b8c       0x14 ./Drivers/STM32F4xx_HAL_Driver/stm32f4xx_hal_tim_ex.o
                0x0000000008006b8c                HAL_TIMEx_CommutCallback
 .text.HAL_TIMEx_BreakCallback
                0x0000000008006ba0       0x14 ./Drivers/STM32F4xx_HAL_Driver/stm32f4xx_hal_tim_ex.o
                0x0000000008006ba0                HAL_TIMEx_BreakCallback
 .text.HAL_UART_Init
                0x0000000008006bb4       0x9a ./Drivers/STM32F4xx_HAL_Driver/stm32f4xx_hal_uart.o
                0x0000000008006bb4                HAL_UART_Init
 .text.HAL_UART_Transmit
                0x0000000008006c4e      0x124 ./Drivers/STM32F4xx_HAL_Driver/stm32f4xx_hal_uart.o
                0x0000000008006c4e                HAL_UART_Transmit
 .text.UART_WaitOnFlagUntilTimeout
                0x0000000008006d72       0xdc ./Drivers/STM32F4xx_HAL_Driver/stm32f4xx_hal_uart.o
 *fill*         0x0000000008006e4e        0x2 
 .text.UART_SetConfig
                0x0000000008006e50      0x390 ./Drivers/STM32F4xx_HAL_Driver/stm32f4xx_hal_uart.o
 .text.__errno  0x00000000080071e0        0xc c:/program files/stm32cubeide_1.8.0/stm32cubeide/plugins/com.st.stm32cube.ide.mcu.externaltools.gnu-tools-for-stm32.9-2020-q2-update.win32_2.0.0.202105311346/tools/bin/../lib/gcc/arm-none-eabi/9.3.1/../../../../arm-none-eabi/lib/thumb/v7e-m+fp/hard\libc_nano.a(lib_a-errno.o)
                0x00000000080071e0                __errno
 .text.__libc_init_array
                0x00000000080071ec       0x48 c:/program files/stm32cubeide_1.8.0/stm32cubeide/plugins/com.st.stm32cube.ide.mcu.externaltools.gnu-tools-for-stm32.9-2020-q2-update.win32_2.0.0.202105311346/tools/bin/../lib/gcc/arm-none-eabi/9.3.1/../../../../arm-none-eabi/lib/thumb/v7e-m+fp/hard\libc_nano.a(lib_a-init.o)
                0x00000000080071ec                __libc_init_array
 .text.memset   0x0000000008007234       0x10 c:/program files/stm32cubeide_1.8.0/stm32cubeide/plugins/com.st.stm32cube.ide.mcu.externaltools.gnu-tools-for-stm32.9-2020-q2-update.win32_2.0.0.202105311346/tools/bin/../lib/gcc/arm-none-eabi/9.3.1/../../../../arm-none-eabi/lib/thumb/v7e-m+fp/hard\libc_nano.a(lib_a-memset.o)
                0x0000000008007234                memset
 .text.sprintf  0x0000000008007244       0x40 c:/program files/stm32cubeide_1.8.0/stm32cubeide/plugins/com.st.stm32cube.ide.mcu.externaltools.gnu-tools-for-stm32.9-2020-q2-update.win32_2.0.0.202105311346/tools/bin/../lib/gcc/arm-none-eabi/9.3.1/../../../../arm-none-eabi/lib/thumb/v7e-m+fp/hard\libc_nano.a(lib_a-sprintf.o)
                0x0000000008007244                siprintf
                0x0000000008007244                sprintf
 .text.__ssputs_r
                0x0000000008007284       0xb6 c:/program files/stm32cubeide_1.8.0/stm32cubeide/plugins/com.st.stm32cube.ide.mcu.externaltools.gnu-tools-for-stm32.9-2020-q2-update.win32_2.0.0.202105311346/tools/bin/../lib/gcc/arm-none-eabi/9.3.1/../../../../arm-none-eabi/lib/thumb/v7e-m+fp/hard\libc_nano.a(lib_a-nano-svfprintf.o)
                0x0000000008007284                __ssputs_r
 *fill*         0x000000000800733a        0x2 
 .text._svfprintf_r
                0x000000000800733c      0x200 c:/program files/stm32cubeide_1.8.0/stm32cubeide/plugins/com.st.stm32cube.ide.mcu.externaltools.gnu-tools-for-stm32.9-2020-q2-update.win32_2.0.0.202105311346/tools/bin/../lib/gcc/arm-none-eabi/9.3.1/../../../../arm-none-eabi/lib/thumb/v7e-m+fp/hard\libc_nano.a(lib_a-nano-svfprintf.o)
                0x000000000800733c                _svfiprintf_r
                0x000000000800733c                _svfprintf_r
 .text._printf_common
                0x000000000800753c       0xda c:/program files/stm32cubeide_1.8.0/stm32cubeide/plugins/com.st.stm32cube.ide.mcu.externaltools.gnu-tools-for-stm32.9-2020-q2-update.win32_2.0.0.202105311346/tools/bin/../lib/gcc/arm-none-eabi/9.3.1/../../../../arm-none-eabi/lib/thumb/v7e-m+fp/hard\libc_nano.a(lib_a-nano-vfprintf_i.o)
                0x000000000800753c                _printf_common
 *fill*         0x0000000008007616        0x2 
 .text._printf_i
                0x0000000008007618      0x24c c:/program files/stm32cubeide_1.8.0/stm32cubeide/plugins/com.st.stm32cube.ide.mcu.externaltools.gnu-tools-for-stm32.9-2020-q2-update.win32_2.0.0.202105311346/tools/bin/../lib/gcc/arm-none-eabi/9.3.1/../../../../arm-none-eabi/lib/thumb/v7e-m+fp/hard\libc_nano.a(lib_a-nano-vfprintf_i.o)
                0x0000000008007618                _printf_i
 .text.memcpy   0x0000000008007864       0x1c c:/program files/stm32cubeide_1.8.0/stm32cubeide/plugins/com.st.stm32cube.ide.mcu.externaltools.gnu-tools-for-stm32.9-2020-q2-update.win32_2.0.0.202105311346/tools/bin/../lib/gcc/arm-none-eabi/9.3.1/../../../../arm-none-eabi/lib/thumb/v7e-m+fp/hard\libc_nano.a(lib_a-memcpy-stub.o)
                0x0000000008007864                memcpy
 .text.memmove  0x0000000008007880       0x34 c:/program files/stm32cubeide_1.8.0/stm32cubeide/plugins/com.st.stm32cube.ide.mcu.externaltools.gnu-tools-for-stm32.9-2020-q2-update.win32_2.0.0.202105311346/tools/bin/../lib/gcc/arm-none-eabi/9.3.1/../../../../arm-none-eabi/lib/thumb/v7e-m+fp/hard\libc_nano.a(lib_a-memmove.o)
                0x0000000008007880                memmove
 .text._free_r  0x00000000080078b4       0xa0 c:/program files/stm32cubeide_1.8.0/stm32cubeide/plugins/com.st.stm32cube.ide.mcu.externaltools.gnu-tools-for-stm32.9-2020-q2-update.win32_2.0.0.202105311346/tools/bin/../lib/gcc/arm-none-eabi/9.3.1/../../../../arm-none-eabi/lib/thumb/v7e-m+fp/hard\libc_nano.a(lib_a-nano-freer.o)
                0x00000000080078b4                _free_r
 .text._malloc_r
                0x0000000008007954       0xb4 c:/program files/stm32cubeide_1.8.0/stm32cubeide/plugins/com.st.stm32cube.ide.mcu.externaltools.gnu-tools-for-stm32.9-2020-q2-update.win32_2.0.0.202105311346/tools/bin/../lib/gcc/arm-none-eabi/9.3.1/../../../../arm-none-eabi/lib/thumb/v7e-m+fp/hard\libc_nano.a(lib_a-nano-mallocr.o)
                0x0000000008007954                _malloc_r
 .text._realloc_r
                0x0000000008007a08       0x4c c:/program files/stm32cubeide_1.8.0/stm32cubeide/plugins/com.st.stm32cube.ide.mcu.externaltools.gnu-tools-for-stm32.9-2020-q2-update.win32_2.0.0.202105311346/tools/bin/../lib/gcc/arm-none-eabi/9.3.1/../../../../arm-none-eabi/lib/thumb/v7e-m+fp/hard\libc_nano.a(lib_a-nano-reallocr.o)
                0x0000000008007a08                _realloc_r
 .text._sbrk_r  0x0000000008007a54       0x20 c:/program files/stm32cubeide_1.8.0/stm32cubeide/plugins/com.st.stm32cube.ide.mcu.externaltools.gnu-tools-for-stm32.9-2020-q2-update.win32_2.0.0.202105311346/tools/bin/../lib/gcc/arm-none-eabi/9.3.1/../../../../arm-none-eabi/lib/thumb/v7e-m+fp/hard\libc_nano.a(lib_a-sbrkr.o)
                0x0000000008007a54                _sbrk_r
 .text.__malloc_lock
                0x0000000008007a74        0xc c:/program files/stm32cubeide_1.8.0/stm32cubeide/plugins/com.st.stm32cube.ide.mcu.externaltools.gnu-tools-for-stm32.9-2020-q2-update.win32_2.0.0.202105311346/tools/bin/../lib/gcc/arm-none-eabi/9.3.1/../../../../arm-none-eabi/lib/thumb/v7e-m+fp/hard\libc_nano.a(lib_a-mlock.o)
                0x0000000008007a74                __malloc_lock
 .text.__malloc_unlock
                0x0000000008007a80        0xc c:/program files/stm32cubeide_1.8.0/stm32cubeide/plugins/com.st.stm32cube.ide.mcu.externaltools.gnu-tools-for-stm32.9-2020-q2-update.win32_2.0.0.202105311346/tools/bin/../lib/gcc/arm-none-eabi/9.3.1/../../../../arm-none-eabi/lib/thumb/v7e-m+fp/hard\libc_nano.a(lib_a-mlock.o)
                0x0000000008007a80                __malloc_unlock
 .text._malloc_usable_size_r
                0x0000000008007a8c       0x10 c:/program files/stm32cubeide_1.8.0/stm32cubeide/plugins/com.st.stm32cube.ide.mcu.externaltools.gnu-tools-for-stm32.9-2020-q2-update.win32_2.0.0.202105311346/tools/bin/../lib/gcc/arm-none-eabi/9.3.1/../../../../arm-none-eabi/lib/thumb/v7e-m+fp/hard\libc_nano.a(lib_a-nano-msizer.o)
                0x0000000008007a8c                _malloc_usable_size_r
 .text.__retarget_lock_acquire_recursive
                0x0000000008007a9c        0x2 c:/program files/stm32cubeide_1.8.0/stm32cubeide/plugins/com.st.stm32cube.ide.mcu.externaltools.gnu-tools-for-stm32.9-2020-q2-update.win32_2.0.0.202105311346/tools/bin/../lib/gcc/arm-none-eabi/9.3.1/../../../../arm-none-eabi/lib/thumb/v7e-m+fp/hard\libc_nano.a(lib_a-lock.o)
                0x0000000008007a9c                __retarget_lock_acquire_recursive
 .text.__retarget_lock_release_recursive
                0x0000000008007a9e        0x2 c:/program files/stm32cubeide_1.8.0/stm32cubeide/plugins/com.st.stm32cube.ide.mcu.externaltools.gnu-tools-for-stm32.9-2020-q2-update.win32_2.0.0.202105311346/tools/bin/../lib/gcc/arm-none-eabi/9.3.1/../../../../arm-none-eabi/lib/thumb/v7e-m+fp/hard\libc_nano.a(lib_a-lock.o)
                0x0000000008007a9e                __retarget_lock_release_recursive
 *(.glue_7)
 .glue_7        0x0000000008007aa0        0x0 linker stubs
 *(.glue_7t)
 .glue_7t       0x0000000008007aa0        0x0 linker stubs
 *(.eh_frame)
 .eh_frame      0x0000000008007aa0        0x0 c:/program files/stm32cubeide_1.8.0/stm32cubeide/plugins/com.st.stm32cube.ide.mcu.externaltools.gnu-tools-for-stm32.9-2020-q2-update.win32_2.0.0.202105311346/tools/bin/../lib/gcc/arm-none-eabi/9.3.1/thumb/v7e-m+fp/hard/crtbegin.o
 *(.init)
 .init          0x0000000008007aa0        0x4 c:/program files/stm32cubeide_1.8.0/stm32cubeide/plugins/com.st.stm32cube.ide.mcu.externaltools.gnu-tools-for-stm32.9-2020-q2-update.win32_2.0.0.202105311346/tools/bin/../lib/gcc/arm-none-eabi/9.3.1/thumb/v7e-m+fp/hard/crti.o
                0x0000000008007aa0                _init
 .init          0x0000000008007aa4        0x8 c:/program files/stm32cubeide_1.8.0/stm32cubeide/plugins/com.st.stm32cube.ide.mcu.externaltools.gnu-tools-for-stm32.9-2020-q2-update.win32_2.0.0.202105311346/tools/bin/../lib/gcc/arm-none-eabi/9.3.1/thumb/v7e-m+fp/hard/crtn.o
 *(.fini)
 .fini          0x0000000008007aac        0x4 c:/program files/stm32cubeide_1.8.0/stm32cubeide/plugins/com.st.stm32cube.ide.mcu.externaltools.gnu-tools-for-stm32.9-2020-q2-update.win32_2.0.0.202105311346/tools/bin/../lib/gcc/arm-none-eabi/9.3.1/thumb/v7e-m+fp/hard/crti.o
                0x0000000008007aac                _fini
 .fini          0x0000000008007ab0        0x8 c:/program files/stm32cubeide_1.8.0/stm32cubeide/plugins/com.st.stm32cube.ide.mcu.externaltools.gnu-tools-for-stm32.9-2020-q2-update.win32_2.0.0.202105311346/tools/bin/../lib/gcc/arm-none-eabi/9.3.1/thumb/v7e-m+fp/hard/crtn.o
                0x0000000008007ab8                . = ALIGN (0x4)
                0x0000000008007ab8                _etext = .

.vfp11_veneer   0x0000000008007ab8        0x0
 .vfp11_veneer  0x0000000008007ab8        0x0 linker stubs

.v4_bx          0x0000000008007ab8        0x0
 .v4_bx         0x0000000008007ab8        0x0 linker stubs

.iplt           0x0000000008007ab8        0x0
 .iplt          0x0000000008007ab8        0x0 c:/program files/stm32cubeide_1.8.0/stm32cubeide/plugins/com.st.stm32cube.ide.mcu.externaltools.gnu-tools-for-stm32.9-2020-q2-update.win32_2.0.0.202105311346/tools/bin/../lib/gcc/arm-none-eabi/9.3.1/thumb/v7e-m+fp/hard/crtbegin.o

.rodata         0x0000000008007ab8      0x15c
                0x0000000008007ab8                . = ALIGN (0x4)
 *(.rodata)
 .rodata        0x0000000008007ab8       0x72 ./Application/User/Core/pantalla.o
 *fill*         0x0000000008007b2a        0x2 
 .rodata        0x0000000008007b2c       0x8c ./Application/User/Core/pantalla_api.o
 *(.rodata*)
 .rodata.LED_PIN
                0x0000000008007bb8        0x6 ./Drivers/BSP/STM32F44xx-Perifericos/stm32f4xx_perifericos.o
 *fill*         0x0000000008007bbe        0x2 
 .rodata.AHBPrescTable
                0x0000000008007bc0       0x10 ./Drivers/CMSIS/system_stm32f4xx.o
                0x0000000008007bc0                AHBPrescTable
 .rodata.APBPrescTable
                0x0000000008007bd0        0x8 ./Drivers/CMSIS/system_stm32f4xx.o
                0x0000000008007bd0                APBPrescTable
 .rodata.flagBitshiftOffset.9018
                0x0000000008007bd8        0x8 ./Drivers/STM32F4xx_HAL_Driver/stm32f4xx_hal_dma.o
 .rodata._svfprintf_r.str1.1
                0x0000000008007be0       0x11 c:/program files/stm32cubeide_1.8.0/stm32cubeide/plugins/com.st.stm32cube.ide.mcu.externaltools.gnu-tools-for-stm32.9-2020-q2-update.win32_2.0.0.202105311346/tools/bin/../lib/gcc/arm-none-eabi/9.3.1/../../../../arm-none-eabi/lib/thumb/v7e-m+fp/hard\libc_nano.a(lib_a-nano-svfprintf.o)
 .rodata._printf_i.str1.1
                0x0000000008007bf1       0x22 c:/program files/stm32cubeide_1.8.0/stm32cubeide/plugins/com.st.stm32cube.ide.mcu.externaltools.gnu-tools-for-stm32.9-2020-q2-update.win32_2.0.0.202105311346/tools/bin/../lib/gcc/arm-none-eabi/9.3.1/../../../../arm-none-eabi/lib/thumb/v7e-m+fp/hard\libc_nano.a(lib_a-nano-vfprintf_i.o)
                0x0000000008007c14                . = ALIGN (0x4)
 *fill*         0x0000000008007c13        0x1 

.ARM.extab      0x0000000008007c14        0x0
                0x0000000008007c14                . = ALIGN (0x4)
 *(.ARM.extab* .gnu.linkonce.armextab.*)
                0x0000000008007c14                . = ALIGN (0x4)

.ARM            0x0000000008007c14        0x8
                0x0000000008007c14                . = ALIGN (0x4)
                0x0000000008007c14                __exidx_start = .
 *(.ARM.exidx*)
 .ARM.exidx     0x0000000008007c14        0x8 c:/program files/stm32cubeide_1.8.0/stm32cubeide/plugins/com.st.stm32cube.ide.mcu.externaltools.gnu-tools-for-stm32.9-2020-q2-update.win32_2.0.0.202105311346/tools/bin/../lib/gcc/arm-none-eabi/9.3.1/thumb/v7e-m+fp/hard\libgcc.a(_udivmoddi4.o)
                0x0000000008007c1c                __exidx_end = .
                0x0000000008007c1c                . = ALIGN (0x4)

.rel.dyn        0x0000000008007c1c        0x0
 .rel.iplt      0x0000000008007c1c        0x0 c:/program files/stm32cubeide_1.8.0/stm32cubeide/plugins/com.st.stm32cube.ide.mcu.externaltools.gnu-tools-for-stm32.9-2020-q2-update.win32_2.0.0.202105311346/tools/bin/../lib/gcc/arm-none-eabi/9.3.1/thumb/v7e-m+fp/hard/crtbegin.o

.preinit_array  0x0000000008007c1c        0x0
                0x0000000008007c1c                . = ALIGN (0x4)
                0x0000000008007c1c                PROVIDE (__preinit_array_start = .)
 *(.preinit_array*)
                0x0000000008007c1c                PROVIDE (__preinit_array_end = .)
                0x0000000008007c1c                . = ALIGN (0x4)

.init_array     0x0000000008007c1c        0x4
                0x0000000008007c1c                . = ALIGN (0x4)
                0x0000000008007c1c                PROVIDE (__init_array_start = .)
 *(SORT_BY_NAME(.init_array.*))
 *(.init_array*)
 .init_array    0x0000000008007c1c        0x4 c:/program files/stm32cubeide_1.8.0/stm32cubeide/plugins/com.st.stm32cube.ide.mcu.externaltools.gnu-tools-for-stm32.9-2020-q2-update.win32_2.0.0.202105311346/tools/bin/../lib/gcc/arm-none-eabi/9.3.1/thumb/v7e-m+fp/hard/crtbegin.o
                0x0000000008007c20                PROVIDE (__init_array_end = .)
                0x0000000008007c20                . = ALIGN (0x4)

.fini_array     0x0000000008007c20        0x4
                0x0000000008007c20                . = ALIGN (0x4)
                [!provide]                        PROVIDE (__fini_array_start = .)
 *(SORT_BY_NAME(.fini_array.*))
 *(.fini_array*)
 .fini_array    0x0000000008007c20        0x4 c:/program files/stm32cubeide_1.8.0/stm32cubeide/plugins/com.st.stm32cube.ide.mcu.externaltools.gnu-tools-for-stm32.9-2020-q2-update.win32_2.0.0.202105311346/tools/bin/../lib/gcc/arm-none-eabi/9.3.1/thumb/v7e-m+fp/hard/crtbegin.o
                [!provide]                        PROVIDE (__fini_array_end = .)
                0x0000000008007c24                . = ALIGN (0x4)
                0x0000000008007c24                _sidata = LOADADDR (.data)

.data           0x0000000020000000       0xc0 load address 0x0000000008007c24
                0x0000000020000000                . = ALIGN (0x4)
                0x0000000020000000                _sdata = .
 *(.data)
 *(.data*)
 .data.bus_data
                0x0000000020000000       0x2c ./Application/User/Core/buses.o
                0x0000000020000000                bus_data
 .data.bus_can_output
                0x000000002000002c        0x4 ./Application/User/Core/buses.o
                0x000000002000002c                bus_can_output
 .data.flag_rx_can
                0x0000000020000030        0x1 ./Application/User/Core/can_hw.o
                0x0000000020000030                flag_rx_can
 .data.flag_decodificar
                0x0000000020000031        0x1 ./Application/User/Core/decode_data.o
                0x0000000020000031                flag_decodificar
 *fill*         0x0000000020000032        0x2 
 .data.Rx_Control
                0x0000000020000034        0x4 ./Application/User/Core/decode_data.o
                0x0000000020000034                Rx_Control
 .data.Rx_Bms   0x0000000020000038        0x4 ./Application/User/Core/decode_data.o
                0x0000000020000038                Rx_Bms
 .data.Rx_Inversor
                0x000000002000003c        0x4 ./Application/User/Core/decode_data.o
                0x000000002000003c                Rx_Inversor
 .data.Cmd_End  0x0000000020000040        0x3 ./Application/User/Core/pantalla_api.o
                0x0000000020000040                Cmd_End
 .data.flag_adc
                0x0000000020000043        0x1 ./Application/User/Core/pedal_hw.o
                0x0000000020000043                flag_adc
 .data.LED_PORT
                0x0000000020000044        0xc ./Drivers/BSP/STM32F44xx-Perifericos/stm32f4xx_perifericos.o
 .data.SystemCoreClock
                0x0000000020000050        0x4 ./Drivers/CMSIS/system_stm32f4xx.o
                0x0000000020000050                SystemCoreClock
 .data.uwTickPrio
                0x0000000020000054        0x4 ./Drivers/STM32F4xx_HAL_Driver/stm32f4xx_hal.o
                0x0000000020000054                uwTickPrio
 .data.uwTickFreq
                0x0000000020000058        0x1 ./Drivers/STM32F4xx_HAL_Driver/stm32f4xx_hal.o
                0x0000000020000058                uwTickFreq
 *fill*         0x0000000020000059        0x3 
 .data._impure_ptr
                0x000000002000005c        0x4 c:/program files/stm32cubeide_1.8.0/stm32cubeide/plugins/com.st.stm32cube.ide.mcu.externaltools.gnu-tools-for-stm32.9-2020-q2-update.win32_2.0.0.202105311346/tools/bin/../lib/gcc/arm-none-eabi/9.3.1/../../../../arm-none-eabi/lib/thumb/v7e-m+fp/hard\libc_nano.a(lib_a-impure.o)
                0x000000002000005c                _impure_ptr
 .data.impure_data
                0x0000000020000060       0x60 c:/program files/stm32cubeide_1.8.0/stm32cubeide/plugins/com.st.stm32cube.ide.mcu.externaltools.gnu-tools-for-stm32.9-2020-q2-update.win32_2.0.0.202105311346/tools/bin/../lib/gcc/arm-none-eabi/9.3.1/../../../../arm-none-eabi/lib/thumb/v7e-m+fp/hard\libc_nano.a(lib_a-impure.o)
 *(.RamFunc)
 *(.RamFunc*)
                0x00000000200000c0                . = ALIGN (0x4)
                0x00000000200000c0                _edata = .

.igot.plt       0x00000000200000c0        0x0 load address 0x0000000008007ce4
 .igot.plt      0x00000000200000c0        0x0 c:/program files/stm32cubeide_1.8.0/stm32cubeide/plugins/com.st.stm32cube.ide.mcu.externaltools.gnu-tools-for-stm32.9-2020-q2-update.win32_2.0.0.202105311346/tools/bin/../lib/gcc/arm-none-eabi/9.3.1/thumb/v7e-m+fp/hard/crtbegin.o
                0x00000000200000c0                . = ALIGN (0x4)

.bss            0x00000000200000c0      0x2f4 load address 0x0000000008007ce4
                0x00000000200000c0                _sbss = .
                0x00000000200000c0                __bss_start__ = _sbss
 *(.bss)
 .bss           0x00000000200000c0       0x1c c:/program files/stm32cubeide_1.8.0/stm32cubeide/plugins/com.st.stm32cube.ide.mcu.externaltools.gnu-tools-for-stm32.9-2020-q2-update.win32_2.0.0.202105311346/tools/bin/../lib/gcc/arm-none-eabi/9.3.1/thumb/v7e-m+fp/hard/crtbegin.o
 *(.bss*)
 .bss.app_state
                0x00000000200000dc        0x1 ./Application/User/Core/app_perifericos.o
                0x00000000200000dc                app_state
 *fill*         0x00000000200000dd        0x3 
 .bss.bus_can_input
                0x00000000200000e0        0x8 ./Application/User/Core/buses.o
                0x00000000200000e0                bus_can_input
 .bss.flag_tx_can
                0x00000000200000e8        0x1 ./Application/User/Core/can_hw.o
                0x00000000200000e8                flag_tx_can
 *fill*         0x00000000200000e9        0x3 
 .bss.__sbrk_heap_end
                0x00000000200000ec        0x4 ./Application/User/Core/sysmem.o
 .bss.BUZZER_htim
                0x00000000200000f0       0x48 ./Drivers/BSP/STM32F44xx-Perifericos/stm32f4xx_perifericos.o
 .bss.hcan2     0x0000000020000138       0x28 ./Drivers/CAN_Driver/can_wrapper.o
 .bss.aFilterConfig
                0x0000000020000160       0x28 ./Drivers/CAN_Driver/can_wrapper.o
 .bss.txHeader  0x0000000020000188       0x18 ./Drivers/CAN_Driver/can_wrapper.o
 .bss.rxHeader  0x00000000200001a0       0x1c ./Drivers/CAN_Driver/can_wrapper.o
 .bss.__malloc_free_list
                0x00000000200001bc        0x4 c:/program files/stm32cubeide_1.8.0/stm32cubeide/plugins/com.st.stm32cube.ide.mcu.externaltools.gnu-tools-for-stm32.9-2020-q2-update.win32_2.0.0.202105311346/tools/bin/../lib/gcc/arm-none-eabi/9.3.1/../../../../arm-none-eabi/lib/thumb/v7e-m+fp/hard\libc_nano.a(lib_a-nano-mallocr.o)
                0x00000000200001bc                __malloc_free_list
 .bss.__malloc_sbrk_start
                0x00000000200001c0        0x4 c:/program files/stm32cubeide_1.8.0/stm32cubeide/plugins/com.st.stm32cube.ide.mcu.externaltools.gnu-tools-for-stm32.9-2020-q2-update.win32_2.0.0.202105311346/tools/bin/../lib/gcc/arm-none-eabi/9.3.1/../../../../arm-none-eabi/lib/thumb/v7e-m+fp/hard\libc_nano.a(lib_a-nano-mallocr.o)
                0x00000000200001c0                __malloc_sbrk_start
 *(COMMON)
 COMMON         0x00000000200001c4       0xa8 ./Application/User/Core/adc.o
                0x00000000200001c4                hadc1
                0x000000002000020c                hdma_adc1
 COMMON         0x000000002000026c        0x4 ./Application/User/Core/app_perifericos.o
                0x000000002000026c                blink_tickstart
 COMMON         0x0000000020000270       0x28 ./Application/User/Core/can.o
                0x0000000020000270                hcan2
 COMMON         0x0000000020000298       0x20 ./Application/User/Core/can_hw.o
                0x0000000020000298                can_obj
 COMMON         0x00000000200002b8       0x14 ./Application/User/Core/pedal_hw.o
                0x00000000200002b8                adc_buf
 COMMON         0x00000000200002cc       0x90 ./Application/User/Core/tim.o
                0x00000000200002cc                htim2
                0x0000000020000314                htim7
 COMMON         0x000000002000035c       0x44 ./Application/User/Core/usart.o
                0x000000002000035c                huart6
 COMMON         0x00000000200003a0        0x4 ./Drivers/STM32F4xx_HAL_Driver/stm32f4xx_hal.o
                0x00000000200003a0                uwTick
 COMMON         0x00000000200003a4        0x4 c:/program files/stm32cubeide_1.8.0/stm32cubeide/plugins/com.st.stm32cube.ide.mcu.externaltools.gnu-tools-for-stm32.9-2020-q2-update.win32_2.0.0.202105311346/tools/bin/../lib/gcc/arm-none-eabi/9.3.1/../../../../arm-none-eabi/lib/thumb/v7e-m+fp/hard\libc_nano.a(lib_a-reent.o)
                0x00000000200003a4                errno
 COMMON         0x00000000200003a8        0x9 c:/program files/stm32cubeide_1.8.0/stm32cubeide/plugins/com.st.stm32cube.ide.mcu.externaltools.gnu-tools-for-stm32.9-2020-q2-update.win32_2.0.0.202105311346/tools/bin/../lib/gcc/arm-none-eabi/9.3.1/../../../../arm-none-eabi/lib/thumb/v7e-m+fp/hard\libc_nano.a(lib_a-lock.o)
                0x00000000200003a8                __lock___atexit_recursive_mutex
                0x00000000200003a9                __lock___arc4random_mutex
                0x00000000200003aa                __lock___env_recursive_mutex
                0x00000000200003ab                __lock___sinit_recursive_mutex
                0x00000000200003ac                __lock___malloc_recursive_mutex
                0x00000000200003ad                __lock___at_quick_exit_mutex
                0x00000000200003ae                __lock___dd_hash_mutex
                0x00000000200003af                __lock___tz_mutex
                0x00000000200003b0                __lock___sfp_recursive_mutex
                0x00000000200003b4                . = ALIGN (0x4)
 *fill*         0x00000000200003b1        0x3 
                0x00000000200003b4                _ebss = .
                0x00000000200003b4                __bss_end__ = _ebss

._user_heap_stack
                0x00000000200003b4      0x604 load address 0x0000000008007ce4
                0x00000000200003b8                . = ALIGN (0x8)
 *fill*         0x00000000200003b4        0x4 
                [!provide]                        PROVIDE (end = .)
                0x00000000200003b8                PROVIDE (_end = .)
                0x00000000200005b8                . = (. + _Min_Heap_Size)
 *fill*         0x00000000200003b8      0x200 
                0x00000000200009b8                . = (. + _Min_Stack_Size)
 *fill*         0x00000000200005b8      0x400 
                0x00000000200009b8                . = ALIGN (0x8)

/DISCARD/
 libc.a(*)
 libm.a(*)
 libgcc.a(*)

.ARM.attributes
                0x0000000000000000       0x30
 *(.ARM.attributes)
 .ARM.attributes
                0x0000000000000000       0x1e c:/program files/stm32cubeide_1.8.0/stm32cubeide/plugins/com.st.stm32cube.ide.mcu.externaltools.gnu-tools-for-stm32.9-2020-q2-update.win32_2.0.0.202105311346/tools/bin/../lib/gcc/arm-none-eabi/9.3.1/thumb/v7e-m+fp/hard/crti.o
 .ARM.attributes
                0x000000000000001e       0x34 c:/program files/stm32cubeide_1.8.0/stm32cubeide/plugins/com.st.stm32cube.ide.mcu.externaltools.gnu-tools-for-stm32.9-2020-q2-update.win32_2.0.0.202105311346/tools/bin/../lib/gcc/arm-none-eabi/9.3.1/thumb/v7e-m+fp/hard/crtbegin.o
 .ARM.attributes
                0x0000000000000052       0x34 ./Application/User/Core/adc.o
 .ARM.attributes
                0x0000000000000086       0x34 ./Application/User/Core/app_perifericos.o
 .ARM.attributes
                0x00000000000000ba       0x34 ./Application/User/Core/botones.o
 .ARM.attributes
                0x00000000000000ee       0x34 ./Application/User/Core/botones_hw.o
 .ARM.attributes
                0x0000000000000122       0x39 ./Application/User/Core/buses.o
 .ARM.attributes
                0x000000000000015b       0x34 ./Application/User/Core/can.o
 .ARM.attributes
                0x000000000000018f       0x34 ./Application/User/Core/can_app.o
 .ARM.attributes
                0x00000000000001c3       0x34 ./Application/User/Core/can_hw.o
 .ARM.attributes
                0x00000000000001f7       0x34 ./Application/User/Core/decode_data.o
 .ARM.attributes
                0x000000000000022b       0x34 ./Application/User/Core/dma.o
 .ARM.attributes
                0x000000000000025f       0x34 ./Application/User/Core/gpio.o
 .ARM.attributes
                0x0000000000000293       0x34 ./Application/User/Core/indicators.o
 .ARM.attributes
                0x00000000000002c7       0x34 ./Application/User/Core/main.o
 .ARM.attributes
                0x00000000000002fb       0x34 ./Application/User/Core/pantalla.o
 .ARM.attributes
                0x000000000000032f       0x34 ./Application/User/Core/pantalla_api.o
 .ARM.attributes
                0x0000000000000363       0x34 ./Application/User/Core/pantalla_hw.o
 .ARM.attributes
                0x0000000000000397       0x34 ./Application/User/Core/pedal.o
 .ARM.attributes
                0x00000000000003cb       0x34 ./Application/User/Core/pedal_hw.o
 .ARM.attributes
                0x00000000000003ff       0x34 ./Application/User/Core/stm32f4xx_hal_msp.o
 .ARM.attributes
                0x0000000000000433       0x34 ./Application/User/Core/stm32f4xx_it.o
 .ARM.attributes
                0x0000000000000467       0x34 ./Application/User/Core/sysmem.o
 .ARM.attributes
                0x000000000000049b       0x34 ./Application/User/Core/tim.o
 .ARM.attributes
                0x00000000000004cf       0x34 ./Application/User/Core/usart.o
 .ARM.attributes
                0x0000000000000503       0x21 ./Application/User/Startup/startup_stm32f446vetx.o
 .ARM.attributes
                0x0000000000000524       0x34 ./Drivers/BSP/STM32F44xx-Perifericos/stm32f4xx_perifericos.o
 .ARM.attributes
                0x0000000000000558       0x34 ./Drivers/CAN_Driver/can_api.o
 .ARM.attributes
                0x000000000000058c       0x34 ./Drivers/CAN_Driver/can_wrapper.o
 .ARM.attributes
                0x00000000000005c0       0x34 ./Drivers/CMSIS/system_stm32f4xx.o
 .ARM.attributes
                0x00000000000005f4       0x34 ./Drivers/STM32F4xx_HAL_Driver/stm32f4xx_hal.o
 .ARM.attributes
                0x0000000000000628       0x34 ./Drivers/STM32F4xx_HAL_Driver/stm32f4xx_hal_adc.o
 .ARM.attributes
                0x000000000000065c       0x34 ./Drivers/STM32F4xx_HAL_Driver/stm32f4xx_hal_adc_ex.o
 .ARM.attributes
                0x0000000000000690       0x34 ./Drivers/STM32F4xx_HAL_Driver/stm32f4xx_hal_can.o
 .ARM.attributes
                0x00000000000006c4       0x34 ./Drivers/STM32F4xx_HAL_Driver/stm32f4xx_hal_cortex.o
 .ARM.attributes
                0x00000000000006f8       0x34 ./Drivers/STM32F4xx_HAL_Driver/stm32f4xx_hal_dma.o
 .ARM.attributes
                0x000000000000072c       0x34 ./Drivers/STM32F4xx_HAL_Driver/stm32f4xx_hal_gpio.o
 .ARM.attributes
                0x0000000000000760       0x34 ./Drivers/STM32F4xx_HAL_Driver/stm32f4xx_hal_rcc.o
 .ARM.attributes
                0x0000000000000794       0x34 ./Drivers/STM32F4xx_HAL_Driver/stm32f4xx_hal_rcc_ex.o
 .ARM.attributes
                0x00000000000007c8       0x34 ./Drivers/STM32F4xx_HAL_Driver/stm32f4xx_hal_tim.o
 .ARM.attributes
                0x00000000000007fc       0x34 ./Drivers/STM32F4xx_HAL_Driver/stm32f4xx_hal_tim_ex.o
 .ARM.attributes
                0x0000000000000830       0x34 ./Drivers/STM32F4xx_HAL_Driver/stm32f4xx_hal_uart.o
 .ARM.attributes
                0x0000000000000864       0x34 c:/program files/stm32cubeide_1.8.0/stm32cubeide/plugins/com.st.stm32cube.ide.mcu.externaltools.gnu-tools-for-stm32.9-2020-q2-update.win32_2.0.0.202105311346/tools/bin/../lib/gcc/arm-none-eabi/9.3.1/../../../../arm-none-eabi/lib/thumb/v7e-m+fp/hard\libc_nano.a(lib_a-errno.o)
 .ARM.attributes
                0x0000000000000898       0x32 c:/program files/stm32cubeide_1.8.0/stm32cubeide/plugins/com.st.stm32cube.ide.mcu.externaltools.gnu-tools-for-stm32.9-2020-q2-update.win32_2.0.0.202105311346/tools/bin/../lib/gcc/arm-none-eabi/9.3.1/../../../../arm-none-eabi/lib/thumb/v7e-m+fp/hard\libc_nano.a(lib_a-impure.o)
 .ARM.attributes
                0x00000000000008ca       0x34 c:/program files/stm32cubeide_1.8.0/stm32cubeide/plugins/com.st.stm32cube.ide.mcu.externaltools.gnu-tools-for-stm32.9-2020-q2-update.win32_2.0.0.202105311346/tools/bin/../lib/gcc/arm-none-eabi/9.3.1/../../../../arm-none-eabi/lib/thumb/v7e-m+fp/hard\libc_nano.a(lib_a-init.o)
 .ARM.attributes
                0x00000000000008fe       0x34 c:/program files/stm32cubeide_1.8.0/stm32cubeide/plugins/com.st.stm32cube.ide.mcu.externaltools.gnu-tools-for-stm32.9-2020-q2-update.win32_2.0.0.202105311346/tools/bin/../lib/gcc/arm-none-eabi/9.3.1/../../../../arm-none-eabi/lib/thumb/v7e-m+fp/hard\libc_nano.a(lib_a-memset.o)
 .ARM.attributes
                0x0000000000000932       0x34 c:/program files/stm32cubeide_1.8.0/stm32cubeide/plugins/com.st.stm32cube.ide.mcu.externaltools.gnu-tools-for-stm32.9-2020-q2-update.win32_2.0.0.202105311346/tools/bin/../lib/gcc/arm-none-eabi/9.3.1/../../../../arm-none-eabi/lib/thumb/v7e-m+fp/hard\libc_nano.a(lib_a-sprintf.o)
 .ARM.attributes
                0x0000000000000966       0x1c c:/program files/stm32cubeide_1.8.0/stm32cubeide/plugins/com.st.stm32cube.ide.mcu.externaltools.gnu-tools-for-stm32.9-2020-q2-update.win32_2.0.0.202105311346/tools/bin/../lib/gcc/arm-none-eabi/9.3.1/../../../../arm-none-eabi/lib/thumb/v7e-m+fp/hard\libc_nano.a(lib_a-strcmp.o)
 .ARM.attributes
                0x0000000000000982       0x34 c:/program files/stm32cubeide_1.8.0/stm32cubeide/plugins/com.st.stm32cube.ide.mcu.externaltools.gnu-tools-for-stm32.9-2020-q2-update.win32_2.0.0.202105311346/tools/bin/../lib/gcc/arm-none-eabi/9.3.1/../../../../arm-none-eabi/lib/thumb/v7e-m+fp/hard\libc_nano.a(lib_a-nano-svfprintf.o)
 .ARM.attributes
                0x00000000000009b6       0x34 c:/program files/stm32cubeide_1.8.0/stm32cubeide/plugins/com.st.stm32cube.ide.mcu.externaltools.gnu-tools-for-stm32.9-2020-q2-update.win32_2.0.0.202105311346/tools/bin/../lib/gcc/arm-none-eabi/9.3.1/../../../../arm-none-eabi/lib/thumb/v7e-m+fp/hard\libc_nano.a(lib_a-nano-vfprintf_i.o)
 .ARM.attributes
                0x00000000000009ea       0x1c c:/program files/stm32cubeide_1.8.0/stm32cubeide/plugins/com.st.stm32cube.ide.mcu.externaltools.gnu-tools-for-stm32.9-2020-q2-update.win32_2.0.0.202105311346/tools/bin/../lib/gcc/arm-none-eabi/9.3.1/../../../../arm-none-eabi/lib/thumb/v7e-m+fp/hard\libc_nano.a(lib_a-memchr.o)
 .ARM.attributes
                0x0000000000000a06       0x34 c:/program files/stm32cubeide_1.8.0/stm32cubeide/plugins/com.st.stm32cube.ide.mcu.externaltools.gnu-tools-for-stm32.9-2020-q2-update.win32_2.0.0.202105311346/tools/bin/../lib/gcc/arm-none-eabi/9.3.1/../../../../arm-none-eabi/lib/thumb/v7e-m+fp/hard\libc_nano.a(lib_a-memcpy-stub.o)
 .ARM.attributes
                0x0000000000000a3a       0x34 c:/program files/stm32cubeide_1.8.0/stm32cubeide/plugins/com.st.stm32cube.ide.mcu.externaltools.gnu-tools-for-stm32.9-2020-q2-update.win32_2.0.0.202105311346/tools/bin/../lib/gcc/arm-none-eabi/9.3.1/../../../../arm-none-eabi/lib/thumb/v7e-m+fp/hard\libc_nano.a(lib_a-memmove.o)
 .ARM.attributes
                0x0000000000000a6e       0x34 c:/program files/stm32cubeide_1.8.0/stm32cubeide/plugins/com.st.stm32cube.ide.mcu.externaltools.gnu-tools-for-stm32.9-2020-q2-update.win32_2.0.0.202105311346/tools/bin/../lib/gcc/arm-none-eabi/9.3.1/../../../../arm-none-eabi/lib/thumb/v7e-m+fp/hard\libc_nano.a(lib_a-nano-freer.o)
 .ARM.attributes
                0x0000000000000aa2       0x34 c:/program files/stm32cubeide_1.8.0/stm32cubeide/plugins/com.st.stm32cube.ide.mcu.externaltools.gnu-tools-for-stm32.9-2020-q2-update.win32_2.0.0.202105311346/tools/bin/../lib/gcc/arm-none-eabi/9.3.1/../../../../arm-none-eabi/lib/thumb/v7e-m+fp/hard\libc_nano.a(lib_a-nano-mallocr.o)
 .ARM.attributes
                0x0000000000000ad6       0x34 c:/program files/stm32cubeide_1.8.0/stm32cubeide/plugins/com.st.stm32cube.ide.mcu.externaltools.gnu-tools-for-stm32.9-2020-q2-update.win32_2.0.0.202105311346/tools/bin/../lib/gcc/arm-none-eabi/9.3.1/../../../../arm-none-eabi/lib/thumb/v7e-m+fp/hard\libc_nano.a(lib_a-nano-reallocr.o)
 .ARM.attributes
                0x0000000000000b0a       0x34 c:/program files/stm32cubeide_1.8.0/stm32cubeide/plugins/com.st.stm32cube.ide.mcu.externaltools.gnu-tools-for-stm32.9-2020-q2-update.win32_2.0.0.202105311346/tools/bin/../lib/gcc/arm-none-eabi/9.3.1/../../../../arm-none-eabi/lib/thumb/v7e-m+fp/hard\libc_nano.a(lib_a-sbrkr.o)
 .ARM.attributes
                0x0000000000000b3e       0x34 c:/program files/stm32cubeide_1.8.0/stm32cubeide/plugins/com.st.stm32cube.ide.mcu.externaltools.gnu-tools-for-stm32.9-2020-q2-update.win32_2.0.0.202105311346/tools/bin/../lib/gcc/arm-none-eabi/9.3.1/../../../../arm-none-eabi/lib/thumb/v7e-m+fp/hard\libc_nano.a(lib_a-mlock.o)
 .ARM.attributes
                0x0000000000000b72       0x34 c:/program files/stm32cubeide_1.8.0/stm32cubeide/plugins/com.st.stm32cube.ide.mcu.externaltools.gnu-tools-for-stm32.9-2020-q2-update.win32_2.0.0.202105311346/tools/bin/../lib/gcc/arm-none-eabi/9.3.1/../../../../arm-none-eabi/lib/thumb/v7e-m+fp/hard\libc_nano.a(lib_a-nano-msizer.o)
 .ARM.attributes
                0x0000000000000ba6       0x34 c:/program files/stm32cubeide_1.8.0/stm32cubeide/plugins/com.st.stm32cube.ide.mcu.externaltools.gnu-tools-for-stm32.9-2020-q2-update.win32_2.0.0.202105311346/tools/bin/../lib/gcc/arm-none-eabi/9.3.1/../../../../arm-none-eabi/lib/thumb/v7e-m+fp/hard\libc_nano.a(lib_a-reent.o)
 .ARM.attributes
                0x0000000000000bda       0x34 c:/program files/stm32cubeide_1.8.0/stm32cubeide/plugins/com.st.stm32cube.ide.mcu.externaltools.gnu-tools-for-stm32.9-2020-q2-update.win32_2.0.0.202105311346/tools/bin/../lib/gcc/arm-none-eabi/9.3.1/../../../../arm-none-eabi/lib/thumb/v7e-m+fp/hard\libc_nano.a(lib_a-lock.o)
 .ARM.attributes
                0x0000000000000c0e       0x1e c:/program files/stm32cubeide_1.8.0/stm32cubeide/plugins/com.st.stm32cube.ide.mcu.externaltools.gnu-tools-for-stm32.9-2020-q2-update.win32_2.0.0.202105311346/tools/bin/../lib/gcc/arm-none-eabi/9.3.1/thumb/v7e-m+fp/hard\libgcc.a(_arm_addsubdf3.o)
 .ARM.attributes
                0x0000000000000c2c       0x1e c:/program files/stm32cubeide_1.8.0/stm32cubeide/plugins/com.st.stm32cube.ide.mcu.externaltools.gnu-tools-for-stm32.9-2020-q2-update.win32_2.0.0.202105311346/tools/bin/../lib/gcc/arm-none-eabi/9.3.1/thumb/v7e-m+fp/hard\libgcc.a(_arm_muldivdf3.o)
 .ARM.attributes
                0x0000000000000c4a       0x1e c:/program files/stm32cubeide_1.8.0/stm32cubeide/plugins/com.st.stm32cube.ide.mcu.externaltools.gnu-tools-for-stm32.9-2020-q2-update.win32_2.0.0.202105311346/tools/bin/../lib/gcc/arm-none-eabi/9.3.1/thumb/v7e-m+fp/hard\libgcc.a(_arm_fixunsdfsi.o)
 .ARM.attributes
                0x0000000000000c68       0x1e c:/program files/stm32cubeide_1.8.0/stm32cubeide/plugins/com.st.stm32cube.ide.mcu.externaltools.gnu-tools-for-stm32.9-2020-q2-update.win32_2.0.0.202105311346/tools/bin/../lib/gcc/arm-none-eabi/9.3.1/thumb/v7e-m+fp/hard\libgcc.a(_aeabi_uldivmod.o)
 .ARM.attributes
                0x0000000000000c86       0x34 c:/program files/stm32cubeide_1.8.0/stm32cubeide/plugins/com.st.stm32cube.ide.mcu.externaltools.gnu-tools-for-stm32.9-2020-q2-update.win32_2.0.0.202105311346/tools/bin/../lib/gcc/arm-none-eabi/9.3.1/thumb/v7e-m+fp/hard\libgcc.a(_udivmoddi4.o)
 .ARM.attributes
                0x0000000000000cba       0x1e c:/program files/stm32cubeide_1.8.0/stm32cubeide/plugins/com.st.stm32cube.ide.mcu.externaltools.gnu-tools-for-stm32.9-2020-q2-update.win32_2.0.0.202105311346/tools/bin/../lib/gcc/arm-none-eabi/9.3.1/thumb/v7e-m+fp/hard\libgcc.a(_dvmd_tls.o)
 .ARM.attributes
                0x0000000000000cd8       0x1e c:/program files/stm32cubeide_1.8.0/stm32cubeide/plugins/com.st.stm32cube.ide.mcu.externaltools.gnu-tools-for-stm32.9-2020-q2-update.win32_2.0.0.202105311346/tools/bin/../lib/gcc/arm-none-eabi/9.3.1/thumb/v7e-m+fp/hard/crtn.o
OUTPUT(Perifericos.elf elf32-littlearm)
LOAD linker stubs
LOAD c:/program files/stm32cubeide_1.8.0/stm32cubeide/plugins/com.st.stm32cube.ide.mcu.externaltools.gnu-tools-for-stm32.9-2020-q2-update.win32_2.0.0.202105311346/tools/bin/../lib/gcc/arm-none-eabi/9.3.1/../../../../arm-none-eabi/lib/thumb/v7e-m+fp/hard\libc.a
LOAD c:/program files/stm32cubeide_1.8.0/stm32cubeide/plugins/com.st.stm32cube.ide.mcu.externaltools.gnu-tools-for-stm32.9-2020-q2-update.win32_2.0.0.202105311346/tools/bin/../lib/gcc/arm-none-eabi/9.3.1/../../../../arm-none-eabi/lib/thumb/v7e-m+fp/hard\libm.a
LOAD c:/program files/stm32cubeide_1.8.0/stm32cubeide/plugins/com.st.stm32cube.ide.mcu.externaltools.gnu-tools-for-stm32.9-2020-q2-update.win32_2.0.0.202105311346/tools/bin/../lib/gcc/arm-none-eabi/9.3.1/thumb/v7e-m+fp/hard\libgcc.a

.debug_info     0x0000000000000000    0x2336c
 .debug_info    0x0000000000000000      0xd1b ./Application/User/Core/adc.o
 .debug_info    0x0000000000000d1b     0x1f05 ./Application/User/Core/app_perifericos.o
 .debug_info    0x0000000000002c20      0xf2e ./Application/User/Core/botones.o
 .debug_info    0x0000000000003b4e      0x192 ./Application/User/Core/botones_hw.o
 .debug_info    0x0000000000003ce0      0xccd ./Application/User/Core/buses.o
 .debug_info    0x00000000000049ad      0xbc7 ./Application/User/Core/can.o
 .debug_info    0x0000000000005574     0x19b7 ./Application/User/Core/can_app.o
 .debug_info    0x0000000000006f2b      0xe1d ./Application/User/Core/can_hw.o
 .debug_info    0x0000000000007d48      0xd7c ./Application/User/Core/decode_data.o
 .debug_info    0x0000000000008ac4      0x5f2 ./Application/User/Core/dma.o
 .debug_info    0x00000000000090b6      0x567 ./Application/User/Core/gpio.o
 .debug_info    0x000000000000961d      0xde8 ./Application/User/Core/indicators.o
 .debug_info    0x000000000000a405     0x1438 ./Application/User/Core/main.o
 .debug_info    0x000000000000b83d      0xf4c ./Application/User/Core/pantalla.o
 .debug_info    0x000000000000c789     0x1120 ./Application/User/Core/pantalla_api.o
 .debug_info    0x000000000000d8a9      0x66b ./Application/User/Core/pantalla_hw.o
 .debug_info    0x000000000000df14     0x1695 ./Application/User/Core/pedal.o
 .debug_info    0x000000000000f5a9      0xaaf ./Application/User/Core/pedal_hw.o
 .debug_info    0x0000000000010058      0x3cc ./Application/User/Core/stm32f4xx_hal_msp.o
 .debug_info    0x0000000000010424      0xe7c ./Application/User/Core/stm32f4xx_it.o
 .debug_info    0x00000000000112a0      0xa25 ./Application/User/Core/sysmem.o
 .debug_info    0x0000000000011cc5      0xd3b ./Application/User/Core/tim.o
 .debug_info    0x0000000000012a00      0xa3c ./Application/User/Core/usart.o
 .debug_info    0x000000000001343c       0x22 ./Application/User/Startup/startup_stm32f446vetx.o
 .debug_info    0x000000000001345e      0xdaa ./Drivers/BSP/STM32F44xx-Perifericos/stm32f4xx_perifericos.o
 .debug_info    0x0000000000014208      0x3b5 ./Drivers/CAN_Driver/can_api.o
 .debug_info    0x00000000000145bd      0x9e3 ./Drivers/CAN_Driver/can_wrapper.o
 .debug_info    0x0000000000014fa0      0x5dc ./Drivers/CMSIS/system_stm32f4xx.o
 .debug_info    0x000000000001557c      0xa08 ./Drivers/STM32F4xx_HAL_Driver/stm32f4xx_hal.o
 .debug_info    0x0000000000015f84      0xdbc ./Drivers/STM32F4xx_HAL_Driver/stm32f4xx_hal_adc.o
 .debug_info    0x0000000000016d40      0xc22 ./Drivers/STM32F4xx_HAL_Driver/stm32f4xx_hal_adc_ex.o
 .debug_info    0x0000000000017962     0x108f ./Drivers/STM32F4xx_HAL_Driver/stm32f4xx_hal_can.o
 .debug_info    0x00000000000189f1      0xef5 ./Drivers/STM32F4xx_HAL_Driver/stm32f4xx_hal_cortex.o
 .debug_info    0x00000000000198e6      0x9f1 ./Drivers/STM32F4xx_HAL_Driver/stm32f4xx_hal_dma.o
 .debug_info    0x000000000001a2d7      0x892 ./Drivers/STM32F4xx_HAL_Driver/stm32f4xx_hal_gpio.o
 .debug_info    0x000000000001ab69      0x9db ./Drivers/STM32F4xx_HAL_Driver/stm32f4xx_hal_rcc.o
 .debug_info    0x000000000001b544      0xa86 ./Drivers/STM32F4xx_HAL_Driver/stm32f4xx_hal_rcc_ex.o
 .debug_info    0x000000000001bfca     0x2c22 ./Drivers/STM32F4xx_HAL_Driver/stm32f4xx_hal_tim.o
 .debug_info    0x000000000001ebec     0x15a2 ./Drivers/STM32F4xx_HAL_Driver/stm32f4xx_hal_tim_ex.o
 .debug_info    0x000000000002018e     0x31de ./Drivers/STM32F4xx_HAL_Driver/stm32f4xx_hal_uart.o

.debug_abbrev   0x0000000000000000     0x4b71
 .debug_abbrev  0x0000000000000000      0x1d7 ./Application/User/Core/adc.o
 .debug_abbrev  0x00000000000001d7      0x26f ./Application/User/Core/app_perifericos.o
 .debug_abbrev  0x0000000000000446      0x23d ./Application/User/Core/botones.o
 .debug_abbrev  0x0000000000000683       0xb8 ./Application/User/Core/botones_hw.o
 .debug_abbrev  0x000000000000073b      0x1a1 ./Application/User/Core/buses.o
 .debug_abbrev  0x00000000000008dc      0x1de ./Application/User/Core/can.o
 .debug_abbrev  0x0000000000000aba      0x258 ./Application/User/Core/can_app.o
 .debug_abbrev  0x0000000000000d12      0x20a ./Application/User/Core/can_hw.o
 .debug_abbrev  0x0000000000000f1c      0x1ea ./Application/User/Core/decode_data.o
 .debug_abbrev  0x0000000000001106      0x11b ./Application/User/Core/dma.o
 .debug_abbrev  0x0000000000001221      0x14e ./Application/User/Core/gpio.o
 .debug_abbrev  0x000000000000136f      0x1e2 ./Application/User/Core/indicators.o
 .debug_abbrev  0x0000000000001551      0x21f ./Application/User/Core/main.o
 .debug_abbrev  0x0000000000001770      0x202 ./Application/User/Core/pantalla.o
 .debug_abbrev  0x0000000000001972      0x228 ./Application/User/Core/pantalla_api.o
 .debug_abbrev  0x0000000000001b9a      0x149 ./Application/User/Core/pantalla_hw.o
 .debug_abbrev  0x0000000000001ce3      0x21c ./Application/User/Core/pedal.o
 .debug_abbrev  0x0000000000001eff      0x1a9 ./Application/User/Core/pedal_hw.o
 .debug_abbrev  0x00000000000020a8      0x11d ./Application/User/Core/stm32f4xx_hal_msp.o
 .debug_abbrev  0x00000000000021c5      0x1b8 ./Application/User/Core/stm32f4xx_it.o
 .debug_abbrev  0x000000000000237d      0x1bf ./Application/User/Core/sysmem.o
 .debug_abbrev  0x000000000000253c      0x1c6 ./Application/User/Core/tim.o
 .debug_abbrev  0x0000000000002702      0x1bb ./Application/User/Core/usart.o
 .debug_abbrev  0x00000000000028bd       0x12 ./Application/User/Startup/startup_stm32f446vetx.o
 .debug_abbrev  0x00000000000028cf      0x1df ./Drivers/BSP/STM32F44xx-Perifericos/stm32f4xx_perifericos.o
 .debug_abbrev  0x0000000000002aae      0x13f ./Drivers/CAN_Driver/can_api.o
 .debug_abbrev  0x0000000000002bed      0x207 ./Drivers/CAN_Driver/can_wrapper.o
 .debug_abbrev  0x0000000000002df4      0x145 ./Drivers/CMSIS/system_stm32f4xx.o
 .debug_abbrev  0x0000000000002f39      0x1ed ./Drivers/STM32F4xx_HAL_Driver/stm32f4xx_hal.o
 .debug_abbrev  0x0000000000003126      0x22f ./Drivers/STM32F4xx_HAL_Driver/stm32f4xx_hal_adc.o
 .debug_abbrev  0x0000000000003355      0x24a ./Drivers/STM32F4xx_HAL_Driver/stm32f4xx_hal_adc_ex.o
 .debug_abbrev  0x000000000000359f      0x246 ./Drivers/STM32F4xx_HAL_Driver/stm32f4xx_hal_can.o
 .debug_abbrev  0x00000000000037e5      0x33c ./Drivers/STM32F4xx_HAL_Driver/stm32f4xx_hal_cortex.o
 .debug_abbrev  0x0000000000003b21      0x259 ./Drivers/STM32F4xx_HAL_Driver/stm32f4xx_hal_dma.o
 .debug_abbrev  0x0000000000003d7a      0x1f1 ./Drivers/STM32F4xx_HAL_Driver/stm32f4xx_hal_gpio.o
 .debug_abbrev  0x0000000000003f6b      0x275 ./Drivers/STM32F4xx_HAL_Driver/stm32f4xx_hal_rcc.o
 .debug_abbrev  0x00000000000041e0      0x1e2 ./Drivers/STM32F4xx_HAL_Driver/stm32f4xx_hal_rcc_ex.o
 .debug_abbrev  0x00000000000043c2      0x25e ./Drivers/STM32F4xx_HAL_Driver/stm32f4xx_hal_tim.o
 .debug_abbrev  0x0000000000004620      0x266 ./Drivers/STM32F4xx_HAL_Driver/stm32f4xx_hal_tim_ex.o
 .debug_abbrev  0x0000000000004886      0x2eb ./Drivers/STM32F4xx_HAL_Driver/stm32f4xx_hal_uart.o

.debug_aranges  0x0000000000000000     0x1360
 .debug_aranges
                0x0000000000000000       0x30 ./Application/User/Core/adc.o
 .debug_aranges
                0x0000000000000030       0x28 ./Application/User/Core/app_perifericos.o
 .debug_aranges
                0x0000000000000058       0x48 ./Application/User/Core/botones.o
 .debug_aranges
                0x00000000000000a0       0x20 ./Application/User/Core/botones_hw.o
 .debug_aranges
                0x00000000000000c0       0x18 ./Application/User/Core/buses.o
 .debug_aranges
                0x00000000000000d8       0x30 ./Application/User/Core/can.o
 .debug_aranges
                0x0000000000000108       0x30 ./Application/User/Core/can_app.o
 .debug_aranges