stm32f4xx_perifericos.c:41:9:BSP_BUZZER_Init	72	static
stm32f4xx_perifericos.c:107:9:BSP_BUZZER_DeInit	8	static
stm32f4xx_perifericos.c:127:9:BSP_BUZZER_On	8	static
stm32f4xx_perifericos.c:144:9:BSP_BUZZER_Off	8	static
stm32f4xx_perifericos.c:163:9:BSP_LED_Init	40	static
stm32f4xx_perifericos.c:193:9:BSP_LED_DeInit	16	static
stm32f4xx_perifericos.c:214:9:BSP_LED_On	16	static
stm32f4xx_perifericos.c:231:9:BSP_LED_Off	16	static
stm32f4xx_perifericos.c:248:9:BSP_LED_Toggle	16	static
stm32f4xx_perifericos.c:265:9:BSP_LED_GetState	16	static
