stm32f4xx_perifericos.c:41:9:BSP_BUZZER_Init	80	static
stm32f4xx_perifericos.c:94:9:BSP_BUZZER_DeInit	8	static
stm32f4xx_perifericos.c:111:9:BSP_BUZZER_On	8	static
stm32f4xx_perifericos.c:124:9:BSP_BUZZER_Off	8	static
stm32f4xx_perifericos.c:142:9:BSP_LED_Init	40	static
stm32f4xx_perifericos.c:172:9:BSP_LED_DeInit	16	static
stm32f4xx_perifericos.c:193:9:BSP_LED_On	16	static
stm32f4xx_perifericos.c:210:9:BSP_LED_Off	16	static
stm32f4xx_perifericos.c:227:9:BSP_LED_Toggle	16	static
stm32f4xx_perifericos.c:244:9:BSP_LED_GetState	16	static
