stm32f4xx_perifericos.c:41:9:BSP_BUZZER_Init	80	static
stm32f4xx_perifericos.c:98:9:BSP_BUZZER_DeInit	8	static
stm32f4xx_perifericos.c:118:9:BSP_BUZZER_On	8	static
stm32f4xx_perifericos.c:135:9:BSP_BUZZER_Off	8	static
stm32f4xx_perifericos.c:154:9:BSP_LED_Init	48	static
stm32f4xx_perifericos.c:184:9:BSP_LED_DeInit	16	static
stm32f4xx_perifericos.c:205:9:BSP_LED_On	8	static
stm32f4xx_perifericos.c:222:9:BSP_LED_Off	8	static
stm32f4xx_perifericos.c:239:9:BSP_LED_Toggle	8	static
stm32f4xx_perifericos.c:256:9:BSP_LED_GetState	8	static
